--------- beginning of main
03-21 08:34:40.828 11503 11657 E Routine@Core[4.9.04.13]: AppFunctionsSchemaMetadataFactory: getMetadata: AppFunction not supported category. category=persons
03-21 08:34:40.828 11503 11657 E Routine@Core[4.9.04.13]: AppFunctionsSchemaMetadataConverter: isSupportedMetadata: not supported schema. name=getPersons
03-21 08:34:40.828 11503 11657 W Routine@Core[4.9.04.13]: AppFunctionsMetadataCollector: collect: isSupportedMetaData = false, schemaCategory/schemaName=persons/getPersons
03-21 08:34:40.828 11503 11657 I Routine@Core[4.9.04.13]: AppFunctionsMetadataCollector: collect: incoming metadata={"displayNameRes":0,"functionId":"com.samsung.android.messaging.ui.appfunction#FindPersonAppFunction_findPersons","isEffectivelyEnabled":true,"packageName":"com.samsung.android.messaging","parameters":[{"description":"FINDPERSONS_PARAMETER_DESCRIPTION_TEMPLATE","id":"findPersonsParams","name":"findPersonsParams","namespace":"androidx.appsearch.functions","parameterType":{"dataType":3,"documentType":"com.google.android.appfunctions.schema.common.v1.persons.FindPersonsParams","id":"com.google.android.appfunctions.schema.common.v1.persons#findPersons#PARAMETER_TYPE","isList":false,"isNullable":false,"namespace":"androidx.appsearch.functions"}}],"returnType":{"dataType":3,"documentType":"com.google.android.appfunctions.schema.common.v1.persons.Person","id":"com.google.android.appfunctions.schema.common.v1.persons#findPersons#RETURN_TYPE","isList":true,"isNullable":false,"namespace":"androidx.appsearch.functions"},"schemaMetadata":{"schemaCategory":"persons","schemaName":"findPersons","schemaVersion":1},"shouldRestrictCallersWithExecuteAppFunctions":false}
03-21 08:34:40.828 11503 11657 E Routine@Core[4.9.04.13]: AppFunctionsSchemaMetadataFactory: getMetadata: AppFunction not supported category. category=persons
03-21 08:34:40.829 11503 11657 E Routine@Core[4.9.04.13]: AppFunctionsSchemaMetadataConverter: isSupportedMetadata: not supported schema. name=findPersons
03-21 08:34:40.829 11503 11657 W Routine@Core[4.9.04.13]: AppFunctionsMetadataCollector: collect: isSupportedMetaData = false, schemaCategory/schemaName=persons/findPersons
03-21 08:34:40.829 11503 11657 I Routine@Core[4.9.04.13]: AppFunctionsMetadataCollector: collect: incoming metadata={"displayNameRes":0,"functionId":"com.samsung.android.messaging.ui.appfunction#CreateAndShowMessageDraftAppFunction_createAndShowMessageDraft","isEffectivelyEnabled":true,"packageName":"com.samsung.android.messaging","parameters":[{"description":"CREATEANDSHOWMESSAGEDRAFT_PARAMETER_DESCRIPTION_TEMPLATE","id":"createAndShowMessageDraftParams","name":"createAndShowMessageDraftParams","namespace":"androidx.appsearch.functions","parameterType":{"dataType":3,"documentType":"com.google.android.appfunctions.schema.common.v1.messages.SendMessageParams","id":"com.google.android.appfunctions.schema.common.v1.messages#createAndShowMessageDraft#PARAMETER_TYPE","isList":false,"isNullable":false,"namespace":"androidx.appsearch.functions"}}],"returnType":{"dataType":9,"id":"com.google.android.appfunctions.schema.common.v1.messages#createAndShowMessageDraft#RETURN_TYPE","isList":false,"isNullable":false,"namespace":"androidx.appsearch.functions"},"schemaMetadata":{"schemaCategory":"messages","schemaName":"createAndShowMessageDraft","schemaVersion":1},"shouldRestrictCallersWithExecuteAppFunctions":false}
03-21 08:34:40.829 11503 11657 E Routine@Core[4.9.04.13]: AppFunctionsSchemaMetadataConverter: isSupportedMetadata: not supported schema. name=createAndShowMessageDraft
03-21 08:34:40.829 11503 11657 W Routine@Core[4.9.04.13]: AppFunctionsMetadataCollector: collect: isSupportedMetaData = false, schemaCategory/schemaName=messages/createAndShowMessageDraft
03-21 08:34:40.830 11503 11657 I Routine@Core[4.9.04.13]: AppFunctionsMetadataCollector: collect: incoming metadata={"displayNameRes":0,"functionId":"com.samsung.android.messaging.ui.appfunction#ReplyMessageAppFunction_replyMessage","isEffectivelyEnabled":true,"packageName":"com.samsung.android.messaging","parameters":[{"description":"REPLYMESSAGE_PARAMETER_DESCRIPTION_TEMPLATE","id":"replyMessageParams","name":"replyMessageParams","namespace":"androidx.appsearch.functions","parameterType":{"dataType":3,"documentType":"com.google.android.appfunctions.schema.common.v1.messages.ReplyMessageParams","id":"com.google.android.appfunctions.schema.common.v1.messages#replyMessage#PARAMETER_TYPE","isList":false,"isNullable":false,"namespace":"androidx.appsearch.functions"}}],"returnType":{"dataType":3,"documentType":"com.google.android.appfunctions.schema.common.v1.messages.Message","id":"com.google.android.appfunctions.schema.common.v1.messages#replyMessage#RETURN_TYPE","isList":false,"isNullable":false,"namespace":"androidx.appsearch.functions"},"schemaMetadata":{"schemaCategory":"messages","schemaName":"replyMessage","schemaVersion":1},"shouldRestrictCallersWithExecuteAppFunctions":false}
03-21 08:34:40.830 11503 11657 E Routine@Core[4.9.04.13]: AppFunctionsSchemaMetadataConverter: isSupportedMetadata: not supported schema. name=replyMessage
03-21 08:34:40.830 11503 11657 W Routine@Core[4.9.04.13]: AppFunctionsMetadataCollector: collect: isSupportedMetaData = false, schemaCategory/schemaName=messages/replyMessage
03-21 08:34:40.831 11503 11657 I Routine@Core[4.9.04.13]: AppFunctionsMetadataCollector: collect: incoming metadata={"displayNameRes":0,"functionId":"com.samsung.android.messaging.ui.appfunction#SendMessageAppFunction_sendMessage","isEffectivelyEnabled":true,"packageName":"com.samsung.android.messaging","parameters":[{"description":"SENDMESSAGE_PARAMETER_DESCRIPTION_TEMPLATE","id":"sendMessageParams","name":"sendMessageParams","namespace":"androidx.appsearch.functions","parameterType":{"dataType":3,"documentType":"com.google.android.appfunctions.schema.common.v1.messages.SendMessageParams","id":"com.google.android.appfunctions.schema.common.v1.messages#sendMessage#PARAMETER_TYPE","isList":false,"isNullable":false,"namespace":"androidx.appsearch.functions"}}],"returnType":{"dataType":3,"documentType":"com.google.android.appfunctions.schema.common.v1.messages.Message","id":"com.google.android.appfunctions.schema.common.v1.messages#sendMessage#RETURN_TYPE","isList":false,"isNullable":false,"namespace":"androidx.appsearch.functions"},"schemaMetadata":{"schemaCategory":"messages","schemaName":"sendMessage","schemaVersion":1},"shouldRestrictCallersWithExecuteAppFunctions":false}
03-21 08:34:40.831 11503 11657 E Routine@Core[4.9.04.13]: AppFunctionsSchemaMetadataConverter: isSupportedMetadata: not supported schema. name=sendMessage
03-21 08:34:40.831 11503 11657 W Routine@Core[4.9.04.13]: AppFunctionsMetadataCollector: collect: isSupportedMetaData = false, schemaCategory/schemaName=messages/sendMessage
03-21 08:34:40.831 11503 11657 I Routine@Core[4.9.04.13]: AppFunctionsMetadataCollector: collect: incoming metadata={"displayNameRes":0,"functionId":"com.samsung.android.app.calendar.crossapp#CrossAppEvent_getEvents","isEffectivelyEnabled":true,"packageName":"com.samsung.android.calendar","parameters":[{"description":"GETEVENTS_PARAMETER_DESCRIPTION_TEMPLATE","id":"eventIds","name":"eventIds","namespace":"androidx.appsearch.functions","parameterType":{"dataType":8,"id":"com.google.android.appfunctions.schema.common.v1.calendar#getEvents#PARAMETER_TYPE","isList":true,"isNullable":false,"namespace":"androidx.appsearch.functions"}}],"returnType":{"dataType":3,"documentType":"com.google.android.appfunctions.schema.common.v1.calendar.Event","id":"com.google.android.appfunctions.schema.common.v1.calendar#getEvents#RETURN_TYPE","isList":true,"isNullable":false,"namespace":"androidx.appsearch.functions"},"schemaMetadata":{"schemaCategory":"calendar","schemaName":"getEvents","schemaVersion":1},"shouldRestrictCallersWithExecuteAppFunctions":false}
03-21 08:34:40.832 11503 11657 E Routine@Core[4.9.04.13]: AppFunctionsSchemaMetadataConverter: isSupportedMetadata: not supported schema. name=getEvents
03-21 08:34:40.832 11503 11657 W Routine@Core[4.9.04.13]: AppFunctionsMetadataCollector: collect: isSupportedMetaData = false, schemaCategory/schemaName=calendar/getEvents
03-21 08:34:40.833 11503 11657 I Routine@Core[4.9.04.13]: AppFunctionsMetadataCollector: collect: incoming metadata={"displayNameRes":0,"functionId":"com.samsung.android.app.calendar.crossapp#CrossAppEvent_findEvents","isEffectivelyEnabled":true,"packageName":"com.samsung.android.calendar","parameters":[{"description":"FINDEVENTS_PARAMETER_DESCRIPTION_TEMPLATE","id":"findEventsParams","name":"findEventsParams","namespace":"androidx.appsearch.functions","parameterType":{"dataType":3,"documentType":"com.google.android.appfunctions.schema.common.v1.calendar.FindEventsParams","id":"com.google.android.appfunctions.schema.common.v1.calendar#findEvents#PARAMETER_TYPE","isList":false,"isNullable":false,"namespace":"androidx.appsearch.functions"}}],"returnType":{"dataType":3,"documentType":"com.google.android.appfunctions.schema.common.v1.calendar.Event","id":"com.google.android.appfunctions.schema.common.v1.calendar#findEvents#RETURN_TYPE","isList":true,"isNullable":false,"namespace":"androidx.appsearch.functions"},"schemaMetadata":{"schemaCategory":"calendar","schemaName":"findEvents","schemaVersion":1},"shouldRestrictCallersWithExecuteAppFunctions":false}
03-21 08:34:40.833 11503 11657 I Routine@Core[4.9.04.13]: AppFunctionsMetadataCollector: collect: supportState : schemaCategory/schemaName=calendar/findEvents
03-21 08:34:40.833 11503 11657 I Routine@Core[4.9.04.13]: AppFunctionsMetadataCollector: collect: converted meta=RawActionMeta(id=-1, tag=appfunction://com.samsung.android.app.calendar.crossapp#CrossAppEvent_findEvents, packageName=com.samsung.android.calendar, componentName=calendar|findEvents, componentType=v3, labelResourceId=2131886865, subLabelResourceId=0, descriptionResourceId=0, enabledLabelResourceId=0, negativeEnabledLabelResourceId=0, supportNegative=0, iconResourceId=2131231195, category=calendar, configActivity=@template/DYNAMIC, defaultParameter=null, defaultParameterLabel=null, uri=null, correctParam=null, parameterSpecSet={"inputParameterSpecs":[{"isPrimary":false,"key":"__find_event_keyword__","name":-1,"structure":"MAP","type":"STRING"},{"isPrimary":false,"key":"start_date","name":-1,"structure":"PLAIN_OBJECT","type":"DATE_TIME"},{"isPrimary":false,"key":"end_date","name":-1,"structure":"PLAIN_OBJECT","type":"DATE_TIME"}],"outputParameterSpecs":[{"isPrimary":false,"key":"events","name":-1,"structure":"PLAIN_OBJECT","type":"LIST_EVENT"}]}, supportState=0, attributes=irreversible|programmable|representation_supported|getter|find, version=1, defaultLabel=null)
03-21 08:34:40.834 11503 11657 I Routine@Core[4.9.04.13]: AppFunctionsMetadataCollector: collect: incoming metadata={"displayNameRes":0,"functionId":"com.samsung.android.app.calendar.crossapp#CrossAppEvent_createEvent","isEffectivelyEnabled":true,"packageName":"com.samsung.android.calendar","parameters":[{"description":"CREATEEVENT_PARAMETER_DESCRIPTION_TEMPLATE","id":"createEventParams","name":"createEventParams","namespace":"androidx.appsearch.functions","parameterType":{"dataType":3,"documentType":"com.google.android.appfunctions.schema.common.v1.calendar.CreateEventParams","id":"com.google.android.appfunctions.schema.common.v1.calendar#createEvent#PARAMETER_TYPE","isList":false,"isNullable":false,"namespace":"androidx.appsearch.functions"}}],"returnType":{"dataType":3,"documentType":"com.google.android.appfunctions.schema.common.v1.calendar.Event","id":"com.google.android.appfunctions.schema.common.v1.calendar#createEvent#RETURN_TYPE","isList":false,"isNullable":false,"namespace":"androidx.appsearch.functions"},"schemaMetadata":{"schemaCategory":"calendar","schemaName":"createEvent","schemaVersion":1},"shouldRestrictCallersWithExecuteAppFunctions":false}
03-21 08:34:40.834 11503 11657 I Routine@Core[4.9.04.13]: AppFunctionsMetadataCollector: collect: supportState : schemaCategory/schemaName=calendar/createEvent
03-21 08:34:40.834 11503 11657 I Routine@Core[4.9.04.13]: AppFunctionsMetadataCollector: collect: converted meta=RawActionMeta(id=-1, tag=appfunction://com.samsung.android.app.calendar.crossapp#CrossAppEvent_createEvent, packageName=com.samsung.android.calendar, componentName=calendar|createEvent, componentType=v3, labelResourceId=2131886864, subLabelResourceId=0, descriptionResourceId=0, enabledLabelResourceId=0, negativeEnabledLabelResourceId=0, supportNegative=0, iconResourceId=2131231976, category=calendar, configActivity=@template/DYNAMIC, defaultParameter=null, defaultParameterLabel=null, uri=null, correctParam=null, parameterSpecSet={"inputParameterSpecs":[{"isPrimary":false,"key":"__title__","name":2131886423,"structure":"MAP","type":"STRING"},{"isPrimary":false,"key":"start_date","name":2131886331,"structure":"PLAIN_OBJECT","type":"DATE_TIME"},{"isPrimary":false,"key":"end_date","name":2131886330,"structure":"PLAIN_OBJECT","type":"DATE_TIME"}],"outputParameterSpecs":[{"isPrimary":false,"key":"event","name":-1,"structure":"PLAIN_OBJECT","type":"EVENT"}]}, supportState=0, attributes=irreversible|programmable|representation_supported|create, version=1, defaultLabel=null)
03-21 08:34:40.835 11503 11657 I Routine@Core[4.9.04.13]: AppFunctionsMetadataCollector: collect: incoming metadata={"displayNameRes":0,"functionId":"com.samsung.android.app.calendar.crossapp#CrossAppEvent_updateEvent","isEffectivelyEnabled":true,"packageName":"com.samsung.android.calendar","parameters":[{"description":"UPDATEEVENT_PARAMETER_DESCRIPTION_TEMPLATE","id":"updateEventParams","name":"updateEventParams","namespace":"androidx.appsearch.functions","parameterType":{"dataType":3,"documentType":"com.google.android.appfunctions.schema.common.v1.calendar.UpdateEventParams","id":"com.google.android.appfunctions.schema.common.v1.calendar#updateEvent#PARAMETER_TYPE","isList":false,"isNullable":false,"namespace":"androidx.appsearch.functions"}}],"returnType":{"dataType":3,"documentType":"com.google.android.appfunctions.schema.common.v1.calendar.Event","id":"com.google.android.appfunctions.schema.common.v1.calendar#updateEvent#RETURN_TYPE","isList":false,"isNullable":false,"namespace":"androidx.appsearch.functions"},"schemaMetadata":{"schemaCategory":"calendar","schemaName":"updateEvent","schemaVersion":1},"shouldRestrictCallersWithExecuteAppFunctions":false}
03-21 08:34:40.835 11503 11657 I Routine@Core[4.9.04.13]: AppFunctionsMetadataCollector: collect: supportState : schemaCategory/schemaName=calendar/updateEvent
03-21 08:34:40.836 11503 11657 I Routine@Core[4.9.04.13]: AppFunctionsMetadataCollector: collect: converted meta=RawActionMeta(id=-1, tag=appfunction://com.samsung.android.app.calendar.crossapp#CrossAppEvent_updateEvent, packageName=com.samsung.android.calendar, componentName=calendar|updateEvent, componentType=v3, labelResourceId=2131886864, subLabelResourceId=0, descriptionResourceId=0, enabledLabelResourceId=0, negativeEnabledLabelResourceId=0, supportNegative=0, iconResourceId=2131231979, category=calendar, configActivity=@template/DYNAMIC, defaultParameter=null, defaultParameterLabel=null, uri=null, correctParam=null, parameterSpecSet={"inputParameterSpecs":[{"isPrimary":true,"key":"event","name":2131886342,"structure":"PLAIN_OBJECT","type":"EVENT"},{"isPrimary":false,"key":"__title__","name":2131886412,"structure":"MAP","type":"STRING"},{"isPrimary":false,"key":"start_date","name":-1,"structure":"PLAIN_OBJECT","type":"DATE_TIME"},{"isPrimary":false,"key":"end_date","name":-1,"structure":"PLAIN_OBJECT","type":"DATE_TIME"}],"outputParameterSpecs":[{"isPrimary":false,"key":"event","name":-1,"structure":"PLAIN_OBJECT","type":"EVENT"}]}, supportState=0, attributes=irreversible|programmable|representation_supported|update, version=1, defaultLabel=null)
03-21 08:34:40.836 11503 11657 I Routine@Core[4.9.04.13]: AppFunctionsMetadataCollector: collect: incoming metadata={"displayNameRes":0,"functionId":"com.samsung.android.app.calendar.crossapp#CrossAppEvent_showEvent","isEffectivelyEnabled":true,"packageName":"com.samsung.android.calendar","parameters":[{"description":"SHOWEVENT_PARAMETER_DESCRIPTION_TEMPLATE","id":"eventId","name":"eventId","namespace":"androidx.appsearch.functions","parameterType":{"dataType":8,"id":"com.google.android.appfunctions.schema.common.v1.calendar#showEvent#PARAMETER_TYPE","isList":false,"isNullable":false,"namespace":"androidx.appsearch.functions"}}],"returnType":{"dataType":9,"id":"com.google.android.appfunctions.schema.common.v1.calendar#showEvent#RETURN_TYPE","isList":false,"isNullable":false,"namespace":"androidx.appsearch.functions"},"schemaMetadata":{"schemaCategory":"calendar","schemaName":"showEvent","schemaVersion":1},"shouldRestrictCallersWithExecuteAppFunctions":false}
03-21 08:34:40.836 11503 11657 I Routine@Core[4.9.04.13]: AppFunctionsMetadataCollector: collect: supportState : schemaCategory/schemaName=calendar/showEvent
03-21 08:34:40.837 11503 11657 I Routine@Core[4.9.04.13]: AppFunctionsMetadataCollector: collect: converted meta=RawActionMeta(id=-1, tag=appfunction://com.samsung.android.app.calendar.crossapp#CrossAppEvent_showEvent, packageName=com.samsung.android.calendar, componentName=calendar|showEvent, componentType=v3, labelResourceId=2131886864, subLabelResourceId=0, descriptionResourceId=0, enabledLabelResourceId=0, negativeEnabledLabelResourceId=0, supportNegative=0, iconResourceId=2131231978, category=calendar, configActivity=@template/VARIABLE, defaultParameter=null, defaultParameterLabel=null, uri=null, correctParam=null, parameterSpecSet={"inputParameterSpecs":[{"isPrimary":true,"key":"event","name":2131886389,"structure":"PLAIN_OBJECT","type":"EVENT"}],"outputParameterSpecs":[]}, supportState=0, attributes=irreversible|programmable|representation_supported|show, version=1, defaultLabel=null)
03-21 08:34:40.837 11503 11657 I Routine@Core[4.9.04.13]: AppFunctionsMetadataCollector: collect: incoming metadata={"displayNameRes":0,"functionId":"com.samsung.android.app.calendar.crossapp#CrossAppEvent_deleteEvents","isEffectivelyEnabled":true,"packageName":"com.samsung.android.calendar","parameters":[{"description":"DELETEEVENTS_PARAMETER_DESCRIPTION_TEMPLATE","id":"eventIds","name":"eventIds","namespace":"androidx.appsearch.functions","parameterType":{"dataType":8,"id":"com.google.android.appfunctions.schema.common.v1.calendar#deleteEvents#PARAMETER_TYPE","isList":true,"isNullable":false,"namespace":"androidx.appsearch.functions"}}],"returnType":{"dataType":8,"id":"com.google.android.appfunctions.schema.common.v1.calendar#deleteEvents#RETURN_TYPE","isList":true,"isNullable":false,"namespace":"androidx.appsearch.functions"},"schemaMetadata":{"schemaCategory":"calendar","schemaName":"deleteEvents","schemaVersion":1},"shouldRestrictCallersWithExecuteAppFunctions":false}
03-21 08:34:40.838 11503 11657 E Routine@Core[4.9.04.13]: AppFunctionsSchemaMetadataConverter: isSupportedMetadata: not supported schema. name=deleteEvents
03-21 08:34:40.838 11503 11657 W Routine@Core[4.9.04.13]: AppFunctionsMetadataCollector: collect: isSupportedMetaData = false, schemaCategory/schemaName=calendar/deleteEvents
03-21 08:34:40.838 11503 11657 I Routine@Core[4.9.04.13]: AppFunctionsMetadataCollector: collect: incoming metadata={"displayNameRes":0,"functionId":"com.samsung.android.app.reminder.data.crossappactions#TaskFunctions_updateTask","isEffectivelyEnabled":true,"packageName":"com.samsung.android.app.reminder","parameters":[{"description":"UPDATETASK_PARAMETER_DESCRIPTION_TEMPLATE","id":"updateTaskParams","name":"updateTaskParams","namespace":"androidx.appsearch.functions","parameterType":{"dataType":3,"documentType":"com.google.android.appfunctions.schema.common.v1.tasks.UpdateTaskParams","id":"com.google.android.appfunctions.schema.common.v1.tasks#updateTask#PARAMETER_TYPE","isList":false,"isNullable":false,"namespace":"androidx.appsearch.functions"}}],"returnType":{"dataType":3,"documentType":"com.google.android.appfunctions.schema.common.v1.tasks.Task","id":"com.google.android.appfunctions.schema.common.v1.tasks#updateTask#RETURN_TYPE","isList":false,"isNullable":false,"namespace":"androidx.appsearch.functions"},"schemaMetadata":{"schemaCategory":"tasks","schemaName":"updateTask","schemaVersion":1},"shouldRestrictCallersWithExecuteAppFunctions":false}
03-21 08:34:40.838 11503 11657 I Routine@Core[4.9.04.13]: AppFunctionsMetadataCollector: collect: supportState : schemaCategory/schemaName=tasks/updateTask
03-21 08:34:40.839 11503 11657 I Routine@Core[4.9.04.13]: AppFunctionsMetadataCollector: collect: converted meta=RawActionMeta(id=-1, tag=appfunction://com.samsung.android.app.reminder.data.crossappactions#TaskFunctions_updateTask, packageName=com.samsung.android.app.reminder, componentName=tasks|updateTask, componentType=v3, labelResourceId=2131888046, subLabelResourceId=0, descriptionResourceId=0, enabledLabelResourceId=0, negativeEnabledLabelResourceId=0, supportNegative=0, iconResourceId=2131232041, category=reminder, configActivity=@template/DYNAMIC, defaultParameter=null, defaultParameterLabel=null, uri=null, correctParam=null, parameterSpecSet={"inputParameterSpecs":[{"isPrimary":true,"key":"update_task","name":2131886418,"structure":"PLAIN_OBJECT","type":"TASK"},{"isPrimary":false,"key":"__update_task_title__","name":2131886420,"structure":"MAP","type":"STRING"},{"isPrimary":false,"key":"update_task_dateTime","name":-1,"structure":"PLAIN_OBJECT","type":"DATE_TIME"}],"outputParameterSpecs":[{"isPrimary":false,"key":"update_task","name":-1,"structure":"PLAIN_OBJECT","type":"TASK"}]}, supportState=0, attributes=irreversible|programmable|representation_supported|update, version=1, defaultLabel=null)
03-21 08:34:40.840 11503 11657 I Routine@Core[4.9.04.13]: AppFunctionsMetadataCollector: collect: incoming metadata={"displayNameRes":0,"functionId":"com.sec.android.mimage.photoretouching.crossapp.function#ShowMediaItemFilterEditorImpl_showMediaItemFilterEditor","isEffectivelyEnabled":true,"packageName":"com.sec.android.mimage.photoretouching","parameters":[{"description":"SHOWMEDIAITEMFILTEREDITOR_PARAMETER_DESCRIPTION_TEMPLATE","id":"setMediaItemFilterParams","name":"setMediaItemFilterParams","namespace":"androidx.appsearch.functions","parameterType":{"dataType":3,"documentType":"com.google.android.appfunctions.schema.common.v1.photos.SetMediaItemFilterParams","id":"com.google.android.appfunctions.schema.common.v1.photos#showMediaItemFilterEditor#PARAMETER_TYPE","isList":false,"isNullable":false,"namespace":"androidx.appsearch.functions"}}],"returnType":{"dataType":9,"id":"com.google.android.appfunctions.schema.common.v1.photos#showMediaItemFilterEditor#RETURN_TYPE","isList":false,"isNullable":false,"namespace":"androidx.appsearch.functions"},"schemaMetadata":{"schemaCategory":"photos","schemaName":"showMediaItemFilterEditor","schemaVersion":1},"shouldRestrictCallersWithExecuteAppFunctions":false}
03-21 08:34:40.840 11503 11657 E Routine@Core[4.9.04.13]: AppFunctionsSchemaMetadataConverter: isSupportedMetadata: not supported schema. name=showMediaItemFilterEditor
03-21 08:34:40.840 11503 11657 W Routine@Core[4.9.04.13]: AppFunctionsMetadataCollector: collect: isSupportedMetaData = false, schemaCategory/schemaName=photos/showMediaItemFilterEditor
03-21 08:34:40.840 11503 11657 I Routine@Core[4.9.04.13]: AppFunctionsMetadataCollector: collect: incoming metadata={"displayNameRes":0,"functionId":"com.sec.android.mimage.photoretouching.crossapp.function#SetMediaItemFilterImpl_setMediaItemFilter","isEffectivelyEnabled":true,"packageName":"com.sec.android.mimage.photoretouching","parameters":[{"description":"SETMEDIAITEMFILTER_PARAMETER_DESCRIPTION_TEMPLATE","id":"setMediaItemFilterParams","name":"setMediaItemFilterParams","namespace":"androidx.appsearch.functions","parameterType":{"dataType":3,"documentType":"com.google.android.appfunctions.schema.common.v1.photos.SetMediaItemFilterParams","id":"com.google.android.appfunctions.schema.common.v1.photos#setMediaItemFilter#PARAMETER_TYPE","isList":false,"isNullable":false,"namespace":"androidx.appsearch.functions"}}],"returnType":{"dataType":3,"documentType":"com.google.android.appfunctions.schema.common.v1.photos.MediaItem","id":"com.google.android.appfunctions.schema.common.v1.photos#setMediaItemFilter#RETURN_TYPE","isList":false,"isNullable":false,"namespace":"androidx.appsearch.functions"},"schemaMetadata":{"schemaCategory":"photos","schemaName":"setMediaItemFilter","schemaVersion":1},"shouldRestrictCallersWithExecuteAppFunctions":false}
03-21 08:34:40.840 11503 11657 E Routine@Core[4.9.04.13]: AppFunctionsSchemaMetadataConverter: isSupportedMetadata: not supported schema. name=setMediaItemFilter
03-21 08:34:40.840 11503 11657 W Routine@Core[4.9.04.13]: AppFunctionsMetadataCollector: collect: isSupportedMetaData = false, schemaCategory/schemaName=photos/setMediaItemFilter
03-21 08:34:40.841 11503 11657 I Routine@Core[4.9.04.13]: AppFunctionsMetadataCollector: collect: incoming metadata={"displayNameRes":0,"functionId":"com.sec.android.mimage.photoretouching.crossapp.function#StraightenMediaItemImpl_straightenMediaItem","isEffectivelyEnabled":true,"packageName":"com.sec.android.mimage.photoretouching","parameters":[{"description":"STRAIGHTENMEDIAITEM_PARAMETER_DESCRIPTION_TEMPLATE","id":"straightenMediaItemParams","name":"straightenMediaItemParams","namespace":"androidx.appsearch.functions","parameterType":{"dataType":3,"documentType":"com.google.android.appfunctions.schema.common.v1.photos.StraightenMediaItemParams","id":"com.google.android.appfunctions.schema.common.v1.photos#straightenMediaItem#PARAMETER_TYPE","isList":false,"isNullable":false,"namespace":"androidx.appsearch.functions"}}],"returnType":{"dataType":3,"documentType":"com.google.android.appfunctions.schema.common.v1.photos.MediaItem","id":"com.google.android.appfunctions.schema.common.v1.photos#straightenMediaItem#RETURN_TYPE","isList":false,"isNullable":false,"namespace":"androidx.appsearch.functions"},"schemaMetadata":{"schemaCategory":"photos","schemaName":"straightenMediaItem","schemaVersion":1},"shouldRestrictCallersWithExecuteAppFunctions":false}
03-21 08:34:40.841 11503 11657 E Routine@Core[4.9.04.13]: AppFunctionsSchemaMetadataConverter: isSupportedMetadata: not supported schema. name=straightenMediaItem
03-21 08:34:40.841 11503 11657 W Routine@Core[4.9.04.13]: AppFunctionsMetadataCollector: collect: isSupportedMetaData = false, schemaCategory/schemaName=photos/straightenMediaItem
03-21 08:34:40.842 11503 11657 I Routine@Core[4.9.04.13]: AppFunctionsMetadataCollector: collect: incoming metadata={"displayNameRes":0,"functionId":"com.sec.android.mimage.photoretouching.crossapp.function#ShowMediaItemStraightenEditorImpl_showMediaItemStraightenEditor","isEffectivelyEnabled":true,"packageName":"com.sec.android.mimage.photoretouching","parameters":[{"description":"SHOWMEDIAITEMSTRAIGHTENEDITOR_PARAMETER_DESCRIPTION_TEMPLATE","id":"straightenMediaItemParams","name":"straightenMediaItemParams","namespace":"androidx.appsearch.functions","parameterType":{"dataType":3,"documentType":"com.google.android.appfunctions.schema.common.v1.photos.StraightenMediaItemParams","id":"com.google.android.appfunctions.schema.common.v1.photos#showMediaItemStraightenEditor#PARAMETER_TYPE","isList":false,"isNullable":false,"namespace":"androidx.appsearch.functions"}}],"returnType":{"dataType":9,"id":"com.google.android.appfunctions.schema.common.v1.photos#showMediaItemStraightenEditor#RETURN_TYPE","isList":false,"isNullable":false,"namespace":"androidx.appsearch.functions"},"schemaMetadata":{"schemaCategory":"photos","schemaName":"showMediaItemStraightenEditor","schemaVersion":1},"shouldRestrictCallersWithExecuteAppFunctions":false}
03-21 08:34:40.842 11503 11657 E Routine@Core[4.9.04.13]: AppFunctionsSchemaMetadataConverter: isSupportedMetadata: not supported schema. name=showMediaItemStraightenEditor
03-21 08:34:40.842 11503 11657 W Routine@Core[4.9.04.13]: AppFunctionsMetadataCollector: collect: isSupportedMetaData = false, schemaCategory/schemaName=photos/showMediaItemStraightenEditor
03-21 08:34:40.843 11503 11657 I Routine@Core[4.9.04.13]: AppFunctionsMetadataCollector: collect: incoming metadata={"displayNameRes":0,"functionId":"com.samsung.android.app.reminder.data.crossappactions#CategoryFunctions_updateTaskCategory","isEffectivelyEnabled":true,"packageName":"com.samsung.android.app.reminder","parameters":[{"description":"UPDATETASKCATEGORY_PARAMETER_DESCRIPTION_TEMPLATE","id":"updateTaskCategoryParams","name":"updateTaskCategoryParams","namespace":"androidx.appsearch.functions","parameterType":{"dataType":3,"documentType":"com.google.android.appfunctions.schema.common.v1.tasks.UpdateTaskCategoryParams","id":"com.google.android.appfunctions.schema.common.v1.tasks#updateTaskCategory#PARAMETER_TYPE","isList":false,"isNullable":false,"namespace":"androidx.appsearch.functions"}}],"returnType":{"dataType":3,"documentType":"com.google.android.appfunctions.schema.common.v1.tasks.TaskCategory","id":"com.google.android.appfunctions.schema.common.v1.tasks#updateTaskCategory#RETURN_TYPE","isList":false,"isNullable":false,"namespace":"androidx.appsearch.functions"},"schemaMetadata":{"schemaCategory":"tasks","schemaName":"updateTaskCategory","schemaVersion":1},"shouldRestrictCallersWithExecuteAppFunctions":false}
03-21 08:34:40.843 11503 11657 E Routine@Core[4.9.04.13]: AppFunctionsSchemaMetadataConverter: isSupportedMetadata: not supported schema. name=updateTaskCategory
03-21 08:34:40.843 11503 11657 W Routine@Core[4.9.04.13]: AppFunctionsMetadataCollector: collect: isSupportedMetaData = false, schemaCategory/schemaName=tasks/updateTaskCategory
03-21 08:34:40.843 11503 11657 I Routine@Core[4.9.04.13]: AppFunctionsMetadataCollector: collect: incoming metadata={"displayNameRes":0,"functionId":"com.samsung.android.app.reminder.data.crossappactions#TaskFunctions_deleteTasks","isEffectivelyEnabled":true,"packageName":"com.samsung.android.app.reminder","parameters":[{"description":"DELETETASKS_PARAMETER_DESCRIPTION_TEMPLATE","id":"taskIds","name":"taskIds","namespace":"androidx.appsearch.functions","parameterType":{"dataType":8,"id":"com.google.android.appfunctions.schema.common.v1.tasks#deleteTasks#PARAMETER_TYPE","isList":true,"isNullable":false,"namespace":"androidx.appsearch.functions"}}],"returnType":{"dataType":8,"id":"com.google.android.appfunctions.schema.common.v1.tasks#deleteTasks#RETURN_TYPE","isList":true,"isNullable":false,"namespace":"androidx.appsearch.functions"},"schemaMetadata":{"schemaCategory":"tasks","schemaName":"deleteTasks","schemaVersion":1},"shouldRestrictCallersWithExecuteAppFunctions":false}
03-21 08:34:40.843 11503 11657 E Routine@Core[4.9.04.13]: AppFunctionsSchemaMetadataConverter: isSupportedMetadata: not supported schema. name=deleteTasks
03-21 08:34:40.843 11503 11657 W Routine@Core[4.9.04.13]: AppFunctionsMetadataCollector: collect: isSupportedMetaData = false, schemaCategory/schemaName=tasks/deleteTasks
03-21 08:34:40.844 11503 11657 I Routine@Core[4.9.04.13]: AppFunctionsMetadataCollector: collect: incoming metadata={"displayNameRes":0,"functionId":"com.samsung.android.app.reminder.data.crossappactions#CategoryFunctions_findTaskCategories","isEffectivelyEnabled":true,"packageName":"com.samsung.android.app.reminder","parameters":[{"description":"FINDTASKCATEGORIES_PARAMETER_DESCRIPTION_TEMPLATE","id":"findTaskCategoriesParams","name":"findTaskCategoriesParams","namespace":"androidx.appsearch.functions","parameterType":{"dataType":3,"documentType":"com.google.android.appfunctions.schema.common.v1.tasks.FindTaskCategoriesParams","id":"com.google.android.appfunctions.schema.common.v1.tasks#findTaskCategories#PARAMETER_TYPE","isList":false,"isNullable":false,"namespace":"androidx.appsearch.functions"}}],"returnType":{"dataType":3,"documentType":"com.google.android.appfunctions.schema.common.v1.tasks.TaskCategory","id":"com.google.android.appfunctions.schema.common.v1.tasks#findTaskCategories#RETURN_TYPE","isList":true,"isNullable":false,"namespace":"androidx.appsearch.functions"},"schemaMetadata":{"schemaCategory":"tasks","schemaName":"findTaskCategories","schemaVersion":1},"shouldRestrictCallersWithExecuteAppFunctions":false}
03-21 08:34:40.844 11503 11657 E Routine@Core[4.9.04.13]: AppFunctionsSchemaMetadataConverter: isSupportedMetadata: not supported schema. name=findTaskCategories
03-21 08:34:40.844 11503 11657 W Routine@Core[4.9.04.13]: AppFunctionsMetadataCollector: collect: isSupportedMetaData = false, schemaCategory/schemaName=tasks/findTaskCategories
03-21 08:34:40.845 11503 11657 I Routine@Core[4.9.04.13]: AppFunctionsMetadataCollector: collect: incoming metadata={"displayNameRes":0,"functionId":"com.samsung.android.app.reminder.data.crossappactions#TaskFunctions_findTasks","isEffectivelyEnabled":true,"packageName":"com.samsung.android.app.reminder","parameters":[{"description":"FINDTASKS_PARAMETER_DESCRIPTION_TEMPLATE","id":"findTasksParams","name":"findTasksParams","namespace":"androidx.appsearch.functions","parameterType":{"dataType":3,"documentType":"com.google.android.appfunctions.schema.common.v1.tasks.FindTasksParams","id":"com.google.android.appfunctions.schema.common.v1.tasks#findTasks#PARAMETER_TYPE","isList":false,"isNullable":false,"namespace":"androidx.appsearch.functions"}}],"returnType":{"dataType":3,"documentType":"com.google.android.appfunctions.schema.common.v1.tasks.Task","id":"com.google.android.appfunctions.schema.common.v1.tasks#findTasks#RETURN_TYPE","isList":true,"isNullable":false,"namespace":"androidx.appsearch.functions"},"schemaMetadata":{"schemaCategory":"tasks","schemaName":"findTasks","schemaVersion":1},"shouldRestrictCallersWithExecuteAppFunctions":false}
03-21 08:34:40.845 11503 11657 I Routine@Core[4.9.04.13]: AppFunctionsMetadataCollector: collect: supportState : schemaCategory/schemaName=tasks/findTasks
03-21 08:34:40.845 11503 11657 I Routine@Core[4.9.04.13]: AppFunctionsMetadataCollector: collect: converted meta=RawActionMeta(id=-1, tag=appfunction://com.samsung.android.app.reminder.data.crossappactions#TaskFunctions_findTasks, packageName=com.samsung.android.app.reminder, componentName=tasks|findTasks, componentType=v3, labelResourceId=2131888053, subLabelResourceId=0, descriptionResourceId=0, enabledLabelResourceId=0, negativeEnabledLabelResourceId=0, supportNegative=0, iconResourceId=2131231997, category=reminder, configActivity=@template/DYNAMIC, defaultParameter=null, defaultParameterLabel=null, uri=null, correctParam=null, parameterSpecSet={"inputParameterSpecs":[{"isPrimary":false,"key":"__find_task_keyword__","name":-1,"structure":"MAP","type":"STRING"},{"isPrimary":false,"key":"find_task_startTime","name":-1,"structure":"PLAIN_OBJECT","type":"DATE_TIME"},{"isPrimary":false,"key":"find_task_endTime","name":-1,"structure":"PLAIN_OBJECT","type":"DATE_TIME"}],"outputParameterSpecs":[{"isPrimary":false,"key":"find_task_results","name":-1,"structure":"PLAIN_OBJECT","type":"LIST_TASK"}]}, supportState=0, attributes=irreversible|programmable|representation_supported|getter|find, version=1, defaultLabel=null)
03-21 08:34:40.846 11503 11657 I Routine@Core[4.9.04.13]: AppFunctionsMetadataCollector: collect: incoming metadata={"displayNameRes":0,"functionId":"com.samsung.android.app.reminder.data.crossappactions#CategoryFunctions_createTaskCategory","isEffectivelyEnabled":true,"packageName":"com.samsung.android.app.reminder","parameters":[{"description":"CREATETASKCATEGORY_PARAMETER_DESCRIPTION_TEMPLATE","id":"createTaskCategoryParams","name":"createTaskCategoryParams","namespace":"androidx.appsearch.functions","parameterType":{"dataType":3,"documentType":"com.google.android.appfunctions.schema.common.v1.tasks.CreateTaskCategoryParams","id":"com.google.android.appfunctions.schema.common.v1.tasks#createTaskCategory#PARAMETER_TYPE","isList":false,"isNullable":false,"namespace":"androidx.appsearch.functions"}}],"returnType":{"dataType":3,"documentType":"com.google.android.appfunctions.schema.common.v1.tasks.TaskCategory","id":"com.google.android.appfunctions.schema.common.v1.tasks#createTaskCategory#RETURN_TYPE","isList":false,"isNullable":false,"namespace":"androidx.appsearch.functions"},"schemaMetadata":{"schemaCategory":"tasks","schemaName":"createTaskCategory","schemaVersion":1},"shouldRestrictCallersWithExecuteAppFunctions":false}
03-21 08:34:40.846 11503 11657 E Routine@Core[4.9.04.13]: AppFunctionsSchemaMetadataConverter: isSupportedMetadata: not supported schema. name=createTaskCategory
03-21 08:34:40.846 11503 11657 W Routine@Core[4.9.04.13]: AppFunctionsMetadataCollector: collect: isSupportedMetaData = false, schemaCategory/schemaName=tasks/createTaskCategory
03-21 08:34:40.847 11503 11657 I Routine@Core[4.9.04.13]: AppFunctionsMetadataCollector: collect: incoming metadata={"displayNameRes":0,"functionId":"com.samsung.android.app.reminder.data.crossappactions#CategoryFunctions_deleteTaskCategories","isEffectivelyEnabled":true,"packageName":"com.samsung.android.app.reminder","parameters":[{"description":"DELETETASKCATEGORIES_PARAMETER_DESCRIPTION_TEMPLATE","id":"taskCategoryIds","name":"taskCategoryIds","namespace":"androidx.appsearch.functions","parameterType":{"dataType":8,"id":"com.google.android.appfunctions.schema.common.v1.tasks#deleteTaskCategories#PARAMETER_TYPE","isList":true,"isNullable":false,"namespace":"androidx.appsearch.functions"}}],"returnType":{"dataType":8,"id":"com.google.android.appfunctions.schema.common.v1.tasks#deleteTaskCategories#RETURN_TYPE","isList":true,"isNullable":false,"namespace":"androidx.appsearch.functions"},"schemaMetadata":{"schemaCategory":"tasks","schemaName":"deleteTaskCategories","schemaVersion":1},"shouldRestrictCallersWithExecuteAppFunctions":false}
03-21 08:34:40.847 11503 11657 E Routine@Core[4.9.04.13]: AppFunctionsSchemaMetadataConverter: isSupportedMetadata: not supported schema. name=deleteTaskCategories
03-21 08:34:40.847 11503 11657 W Routine@Core[4.9.04.13]: AppFunctionsMetadataCollector: collect: isSupportedMetaData = false, schemaCategory/schemaName=tasks/deleteTaskCategories
03-21 08:34:40.847 11503 11657 I Routine@Core[4.9.04.13]: AppFunctionsMetadataCollector: collect: incoming metadata={"displayNameRes":0,"functionId":"com.samsung.android.app.reminder.data.crossappactions#TaskFunctions_showTask","isEffectivelyEnabled":true,"packageName":"com.samsung.android.app.reminder","parameters":[{"description":"SHOWTASK_PARAMETER_DESCRIPTION_TEMPLATE","id":"taskId","name":"taskId","namespace":"androidx.appsearch.functions","parameterType":{"dataType":8,"id":"com.google.android.appfunctions.schema.common.v1.tasks#showTask#PARAMETER_TYPE","isList":false,"isNullable":false,"namespace":"androidx.appsearch.functions"}}],"returnType":{"dataType":9,"id":"com.google.android.appfunctions.schema.common.v1.tasks#showTask#RETURN_TYPE","isList":false,"isNullable":false,"namespace":"androidx.appsearch.functions"},"schemaMetadata":{"schemaCategory":"tasks","schemaName":"showTask","schemaVersion":1},"shouldRestrictCallersWithExecuteAppFunctions":false}
03-21 08:34:40.847 11503 11657 I Routine@Core[4.9.04.13]: AppFunctionsMetadataCollector: collect: supportState : schemaCategory/schemaName=tasks/showTask
03-21 08:34:40.848 11503 11657 I Routine@Core[4.9.04.13]: AppFunctionsMetadataCollector: collect: converted meta=RawActionMeta(id=-1, tag=appfunction://com.samsung.android.app.reminder.data.crossappactions#TaskFunctions_showTask, packageName=com.samsung.android.app.reminder, componentName=tasks|showTask, componentType=v3, labelResourceId=2131888046, subLabelResourceId=0, descriptionResourceId=0, enabledLabelResourceId=0, negativeEnabledLabelResourceId=0, supportNegative=0, iconResourceId=2131232030, category=reminder, configActivity=@template/VARIABLE, defaultParameter=null, defaultParameterLabel=null, uri=null, correctParam=null, parameterSpecSet={"inputParameterSpecs":[{"isPrimary":true,"key":"task","name":-1,"structure":"PLAIN_OBJECT","type":"TASK"}],"outputParameterSpecs":[]}, supportState=0, attributes=irreversible|programmable|representation_supported|show, version=1, defaultLabel=null)
03-21 08:34:40.848 11503 11657 I Routine@Core[4.9.04.13]: AppFunctionsMetadataCollector: collect: incoming metadata={"displayNameRes":0,"functionId":"com.samsung.android.app.reminder.data.crossappactions#CategoryFunctions_showTaskCategory","isEffectivelyEnabled":true,"packageName":"com.samsung.android.app.reminder","parameters":[{"description":"SHOWTASKCATEGORY_PARAMETER_DESCRIPTION_TEMPLATE","id":"taskCategoryId","name":"taskCategoryId","namespace":"androidx.appsearch.functions","parameterType":{"dataType":8,"id":"com.google.android.appfunctions.schema.common.v1.tasks#showTaskCategory#PARAMETER_TYPE","isList":false,"isNullable":false,"namespace":"androidx.appsearch.functions"}}],"returnType":{"dataType":9,"id":"com.google.android.appfunctions.schema.common.v1.tasks#showTaskCategory#RETURN_TYPE","isList":false,"isNullable":false,"namespace":"androidx.appsearch.functions"},"schemaMetadata":{"schemaCategory":"tasks","schemaName":"showTaskCategory","schemaVersion":1},"shouldRestrictCallersWithExecuteAppFunctions":false}
03-21 08:34:40.849 11503 11657 E Routine@Core[4.9.04.13]: AppFunctionsSchemaMetadataConverter: isSupportedMetadata: not supported schema. name=showTaskCategory
03-21 08:34:40.849 11503 11657 W Routine@Core[4.9.04.13]: AppFunctionsMetadataCollector: collect: isSupportedMetaData = false, schemaCategory/schemaName=tasks/showTaskCategory
03-21 08:34:40.849 11503 11657 I Routine@Core[4.9.04.13]: AppFunctionsMetadataCollector: collect: incoming metadata={"displayNameRes":0,"functionId":"com.android.incallui.call.appfunctions#CallAppFunctions_rejectCall","isEffectivelyEnabled":true,"packageName":"com.samsung.android.incallui","parameters":[],"returnType":{"dataType":3,"documentType":"com.google.android.appfunctions.schema.common.v1.phone.Call","id":"com.google.android.appfunctions.schema.common.v1.phone#rejectCall#RETURN_TYPE","isList":false,"isNullable":false,"namespace":"androidx.appsearch.functions"},"schemaMetadata":{"schemaCategory":"phone","schemaName":"rejectCall","schemaVersion":1},"shouldRestrictCallersWithExecuteAppFunctions":false}
03-21 08:34:40.849 11503 11657 E Routine@Core[4.9.04.13]: AppFunctionsSchemaMetadataConverter: isSupportedMetadata: not supported schema. name=rejectCall
03-21 08:34:40.849 11503 11657 W Routine@Core[4.9.04.13]: AppFunctionsMetadataCollector: collect: isSupportedMetaData = false, schemaCategory/schemaName=phone/rejectCall
03-21 08:34:40.850 11503 11657 I Routine@Core[4.9.04.13]: AppFunctionsMetadataCollector: collect: incoming metadata={"displayNameRes":0,"functionId":"com.android.incallui.call.appfunctions#CallAppFunctions_acceptCall","isEffectivelyEnabled":true,"packageName":"com.samsung.android.incallui","parameters":[{"description":"ACCEPTCALL_PARAMETER_DESCRIPTION_TEMPLATE","id":"acceptCallParams","name":"acceptCallParams","namespace":"androidx.appsearch.functions","parameterType":{"dataType":3,"documentType":"com.google.android.appfunctions.schema.common.v1.phone.AcceptCallParams","id":"com.google.android.appfunctions.schema.common.v1.phone#acceptCall#PARAMETER_TYPE","isList":false,"isNullable":false,"namespace":"androidx.appsearch.functions"}}],"returnType":{"dataType":3,"documentType":"com.google.android.appfunctions.schema.common.v1.phone.Call","id":"com.google.android.appfunctions.schema.common.v1.phone#acceptCall#RETURN_TYPE","isList":false,"isNullable":false,"namespace":"androidx.appsearch.functions"},"schemaMetadata":{"schemaCategory":"phone","schemaName":"acceptCall","schemaVersion":1},"shouldRestrictCallersWithExecuteAppFunctions":false}
03-21 08:34:40.850 11503 11657 E Routine@Core[4.9.04.13]: AppFunctionsSchemaMetadataConverter: isSupportedMetadata: not supported schema. name=acceptCall
03-21 08:34:40.850 11503 11657 W Routine@Core[4.9.04.13]: AppFunctionsMetadataCollector: collect: isSupportedMetaData = false, schemaCategory/schemaName=phone/acceptCall
03-21 08:34:40.851 11503 11657 I Routine@Core[4.9.04.13]: AppFunctionsMetadataCollector: collect: incoming metadata={"displayNameRes":0,"functionId":"com.android.incallui.call.appfunctions#CallAppFunctions_getPersons","isEffectivelyEnabled":true,"packageName":"com.samsung.android.incallui","parameters":[{"description":"GETPERSONS_PARAMETER_DESCRIPTION_TEMPLATE","id":"personIds","name":"personIds","namespace":"androidx.appsearch.functions","parameterType":{"dataType":8,"id":"com.google.android.appfunctions.schema.common.v1.persons#getPersons#PARAMETER_TYPE","isList":true,"isNullable":false,"namespace":"androidx.appsearch.functions"}}],"returnType":{"dataType":3,"documentType":"com.google.android.appfunctions.schema.common.v1.persons.Person","id":"com.google.android.appfunctions.schema.common.v1.persons#getPersons#RETURN_TYPE","isList":true,"isNullable":false,"namespace":"androidx.appsearch.functions"},"schemaMetadata":{"schemaCategory":"persons","schemaName":"getPersons","schemaVersion":1},"shouldRestrictCallersWithExecuteAppFunctions":false}
03-21 08:34:40.851 11503 11657 E Routine@Core[4.9.04.13]: AppFunctionsSchemaMetadataFactory: getMetadata: AppFunction not supported category. category=persons
03-21 08:34:40.851 11503 11657 E Routine@Core[4.9.04.13]: AppFunctionsSchemaMetadataConverter: isSupportedMetadata: not supported schema. name=getPersons
03-21 08:34:40.851 11503 11657 W Routine@Core[4.9.04.13]: AppFunctionsMetadataCollector: collect: isSupportedMetaData = false, schemaCategory/schemaName=persons/getPersons
03-21 08:34:40.851 11503 11657 I Routine@Core[4.9.04.13]: AppFunctionsMetadataCollector: collect: incoming metadata={"displayNameRes":0,"functionId":"com.sec.android.app.myfiles.presenter.module.crossapp#FilesFunctions_showFile","isEffectivelyEnabled":true,"packageName":"com.sec.android.app.myfiles","parameters":[{"description":"SHOWFILE_PARAMETER_DESCRIPTION_TEMPLATE","id":"fileId","name":"fileId","namespace":"androidx.appsearch.functions","parameterType":{"dataType":8,"id":"com.google.android.appfunctions.schema.common.v1.files#showFile#PARAMETER_TYPE","isList":false,"isNullable":false,"namespace":"androidx.appsearch.functions"}}],"returnType":{"dataType":9,"id":"com.google.android.appfunctions.schema.common.v1.files#showFile#RETURN_TYPE","isList":false,"isNullable":false,"namespace":"androidx.appsearch.functions"},"schemaMetadata":{"schemaCategory":"files","schemaName":"showFile","schemaVersion":1},"shouldRestrictCallersWithExecuteAppFunctions":false}
03-21 08:34:40.851 11503 11657 E Routine@Core[4.9.04.13]: AppFunctionsSchemaMetadataConverter: isSupportedMetadata: not supported schema. name=showFile
03-21 08:34:40.851 11503 11657 W Routine@Core[4.9.04.13]: AppFunctionsMetadataCollector: collect: isSupportedMetaData = false, schemaCategory/schemaName=files/showFile
03-21 08:34:40.852 11503 11657 I Routine@Core[4.9.04.13]: AppFunctionsMetadataCollector: collect: incoming metadata={"displayNameRes":0,"functionId":"com.sec.android.app.myfiles.presenter.module.crossapp#FilesFunctions_findFiles","isEffectivelyEnabled":true,"packageName":"com.sec.android.app.myfiles","parameters":[{"description":"FINDFILES_PARAMETER_DESCRIPTION_TEMPLATE","id":"findFilesParams","name":"findFilesParams","namespace":"androidx.appsearch.functions","parameterType":{"dataType":3,"documentType":"com.google.android.appfunctions.schema.common.v1.files.FindFilesParams","id":"com.google.android.appfunctions.schema.common.v1.files#findFiles#PARAMETER_TYPE","isList":false,"isNullable":false,"namespace":"androidx.appsearch.functions"}}],"returnType":{"dataType":3,"documentType":"com.google.android.appfunctions.schema.common.v1.files.File","id":"com.google.android.appfunctions.schema.common.v1.files#findFiles#RETURN_TYPE","isList":true,"isNullable":false,"namespace":"androidx.appsearch.functions"},"schemaMetadata":{"schemaCategory":"files","schemaName":"findFiles","schemaVersion":1},"shouldRestrictCallersWithExecuteAppFunctions":false}
03-21 08:34:40.852 11503 11657 E Routine@Core[4.9.04.13]: AppFunctionsSchemaMetadataConverter: isSupportedMetadata: not supported schema. name=findFiles
03-21 08:34:40.852 11503 11657 W Routine@Core[4.9.04.13]: AppFunctionsMetadataCollector: collect: isSupportedMetaData = false, schemaCategory/schemaName=files/findFiles
03-21 08:34:40.853 11503 11657 I Routine@Core[4.9.04.13]: AppFunctionsMetadataCollector: collect: incoming metadata={"displayNameRes":0,"functionId":"com.sec.android.app.sbrowser.cross_app_action#BrowserFunctions_showSite","isEffectivelyEnabled":true,"packageName":"com.sec.android.app.sbrowser","parameters":[{"description":"SHOWSITE_PARAMETER_DESCRIPTION_TEMPLATE","id":"showSiteParams","name":"showSiteParams","namespace":"androidx.appsearch.functions","parameterType":{"dataType":3,"documentType":"com.google.android.appfunctions.schema.common.v1.browser.ShowSiteParams","id":"com.google.android.appfunctions.schema.common.v1.browser#showSite#PARAMETER_TYPE","isList":false,"isNullable":false,"namespace":"androidx.appsearch.functions"}}],"returnType":{"dataType":9,"id":"com.google.android.appfunctions.schema.common.v1.browser#showSite#RETURN_TYPE","isList":false,"isNullable":false,"namespace":"androidx.appsearch.functions"},"schemaMetadata":{"schemaCategory":"browser","schemaName":"showSite","schemaVersion":1},"shouldRestrictCallersWithExecuteAppFunctions":false}
03-21 08:34:40.853 11503 11657 E Routine@Core[4.9.04.13]: AppFunctionsSchemaMetadataConverter: isSupportedMetadata: not supported schema. name=showSite
03-21 08:34:40.853 11503 11657 W Routine@Core[4.9.04.13]: AppFunctionsMetadataCollector: collect: isSupportedMetaData = false, schemaCategory/schemaName=browser/showSite
03-21 08:34:40.853 11503 11657 I Routine@Core[4.9.04.13]: AppFunctionsMetadataCollector: collect: incoming metadata={"displayNameRes":0,"functionId":"com.sec.android.app.sbrowser.cross_app_action#BrowserFunctions_showTab","isEffectivelyEnabled":true,"packageName":"com.sec.android.app.sbrowser","parameters":[{"description":"SHOWTAB_PARAMETER_DESCRIPTION_TEMPLATE","id":"tabId","name":"tabId","namespace":"androidx.appsearch.functions","parameterType":{"dataType":8,"id":"com.google.android.appfunctions.schema.common.v1.browser#showTab#PARAMETER_TYPE","isList":false,"isNullable":false,"namespace":"androidx.appsearch.functions"}}],"returnType":{"dataType":9,"id":"com.google.android.appfunctions.schema.common.v1.browser#showTab#RETURN_TYPE","isList":false,"isNullable":false,"namespace":"androidx.appsearch.functions"},"schemaMetadata":{"schemaCategory":"browser","schemaName":"showTab","schemaVersion":1},"shouldRestrictCallersWithExecuteAppFunctions":false}
03-21 08:34:40.853 11503 11657 E Routine@Core[4.9.04.13]: AppFunctionsSchemaMetadataConverter: isSupportedMetadata: not supported schema. name=showTab
03-21 08:34:40.854 11503 11657 W Routine@Core[4.9.04.13]: AppFunctionsMetadataCollector: collect: isSupportedMetaData = false, schemaCategory/schemaName=browser/showTab
03-21 08:34:40.854 11503 11657 I Routine@Core[4.9.04.13]: AppFunctionsMetadataCollector: collect: incoming metadata={"displayNameRes":0,"functionId":"com.sec.android.app.sbrowser.cross_app_action#BrowserFunctions_findTabs","isEffectivelyEnabled":true,"packageName":"com.sec.android.app.sbrowser","parameters":[{"description":"FINDTABS_PARAMETER_DESCRIPTION_TEMPLATE","id":"findTabsParams","name":"findTabsParams","namespace":"androidx.appsearch.functions","parameterType":{"dataType":3,"documentType":"com.google.android.appfunctions.schema.common.v1.browser.FindTabsParams","id":"com.google.android.appfunctions.schema.common.v1.browser#findTabs#PARAMETER_TYPE","isList":false,"isNullable":false,"namespace":"androidx.appsearch.functions"}}],"returnType":{"dataType":3,"documentType":"com.google.android.appfunctions.schema.common.v1.browser.Tab","id":"com.google.android.appfunctions.schema.common.v1.browser#findTabs#RETURN_TYPE","isList":true,"isNullable":false,"namespace":"androidx.appsearch.functions"},"schemaMetadata":{"schemaCategory":"browser","schemaName":"findTabs","schemaVersion":1},"shouldRestrictCallersWithExecuteAppFunctions":false}
03-21 08:34:40.854 11503 11657 E Routine@Core[4.9.04.13]: AppFunctionsSchemaMetadataConverter: isSupportedMetadata: not supported schema. name=findTabs
03-21 08:34:40.854 11503 11657 W Routine@Core[4.9.04.13]: AppFunctionsMetadataCollector: collect: isSupportedMetaData = false, schemaCategory/schemaName=browser/findTabs
03-21 08:34:40.855 11503 11657 I Routine@Core[4.9.04.13]: AppFunctionsMetadataCollector: collect: incoming metadata={"displayNameRes":0,"functionId":"com.sec.android.app.sbrowser.cross_app_action#BrowserFunctions_createBookmark","isEffectivelyEnabled":true,"packageName":"com.sec.android.app.sbrowser","parameters":[{"description":"CREATEBOOKMARK_PARAMETER_DESCRIPTION_TEMPLATE","id":"createBookmarkParams","name":"createBookmarkParams","namespace":"androidx.appsearch.functions","parameterType":{"dataType":3,"documentType":"com.google.android.appfunctions.schema.common.v1.browser.CreateBookmarkParams","id":"com.google.android.appfunctions.schema.common.v1.browser#createBookmark#PARAMETER_TYPE","isList":false,"isNullable":false,"namespace":"androidx.appsearch.functions"}}],"returnType":{"dataType":3,"documentType":"com.google.android.appfunctions.schema.common.v1.browser.Bookmark","id":"com.google.android.appfunctions.schema.common.v1.browser#createBookmark#RETURN_TYPE","isList":false,"isNullable":false,"namespace":"androidx.appsearch.functions"},"schemaMetadata":{"schemaCategory":"browser","schemaName":"createBookmark","schemaVersion":1},"shouldRestrictCallersWithExecuteAppFunctions":false}
03-21 08:34:40.855 11503 11657 E Routine@Core[4.9.04.13]: AppFunctionsSchemaMetadataConverter: isSupportedMetadata: not supported schema. name=createBookmark
03-21 08:34:40.855 11503 11657 W Routine@Core[4.9.04.13]: AppFunctionsMetadataCollector: collect: isSupportedMetaData = false, schemaCategory/schemaName=browser/createBookmark
03-21 08:34:40.856 11503 11657 I Routine@Core[4.9.04.13]: AppFunctionsMetadataCollector: collect: incoming metadata={"displayNameRes":0,"functionId":"com.sec.android.app.sbrowser.cross_app_action#BrowserFunctions_updateBookmark","isEffectivelyEnabled":true,"packageName":"com.sec.android.app.sbrowser","parameters":[{"description":"UPDATEBOOKMARK_PARAMETER_DESCRIPTION_TEMPLATE","id":"updateBookmarkParams","name":"updateBookmarkParams","namespace":"androidx.appsearch.functions","parameterType":{"dataType":3,"documentType":"com.google.android.appfunctions.schema.common.v1.browser.UpdateBookmarkParams","id":"com.google.android.appfunctions.schema.common.v1.browser#updateBookmark#PARAMETER_TYPE","isList":false,"isNullable":false,"namespace":"androidx.appsearch.functions"}}],"returnType":{"dataType":3,"documentType":"com.google.android.appfunctions.schema.common.v1.browser.Bookmark","id":"com.google.android.appfunctions.schema.common.v1.browser#updateBookmark#RETURN_TYPE","isList":false,"isNullable":false,"namespace":"androidx.appsearch.functions"},"schemaMetadata":{"schemaCategory":"browser","schemaName":"updateBookmark","schemaVersion":1},"shouldRestrictCallersWithExecuteAppFunctions":false}
03-21 08:34:40.856 11503 11657 E Routine@Core[4.9.04.13]: AppFunctionsSchemaMetadataConverter: isSupportedMetadata: not supported schema. name=updateBookmark
03-21 08:34:40.856 11503 11657 W Routine@Core[4.9.04.13]: AppFunctionsMetadataCollector: collect: isSupportedMetaData = false, schemaCategory/schemaName=browser/updateBookmark
03-21 08:34:40.856 11503 11657 I Routine@Core[4.9.04.13]: AppFunctionsMetadataCollector: collect: incoming metadata={"displayNameRes":0,"functionId":"com.sec.android.app.sbrowser.cross_app_action#BrowserFunctions_deleteBookmarks","isEffectivelyEnabled":true,"packageName":"com.sec.android.app.sbrowser","parameters":[{"description":"DELETEBOOKMARKS_PARAMETER_DESCRIPTION_TEMPLATE","id":"bookmarkIds","name":"bookmarkIds","namespace":"androidx.appsearch.functions","parameterType":{"dataType":8,"id":"com.google.android.appfunctions.schema.common.v1.browser#deleteBookmarks#PARAMETER_TYPE","isList":true,"isNullable":false,"namespace":"androidx.appsearch.functions"}}],"returnType":{"dataType":8,"id":"com.google.android.appfunctions.schema.common.v1.browser#deleteBookmarks#RETURN_TYPE","isList":true,"isNullable":false,"namespace":"androidx.appsearch.functions"},"schemaMetadata":{"schemaCategory":"browser","schemaName":"deleteBookmarks","schemaVersion":1},"shouldRestrictCallersWithExecuteAppFunctions":false}
03-21 08:34:40.856 11503 11657 E Routine@Core[4.9.04.13]: AppFunctionsSchemaMetadataConverter: isSupportedMetadata: not supported schema. name=deleteBookmarks
03-21 08:34:40.856 11503 11657 W Routine@Core[4.9.04.13]: AppFunctionsMetadataCollector: collect: isSupportedMetaData = false, schemaCategory/schemaName=browser/deleteBookmarks
03-21 08:34:40.857 11503 11657 I Routine@Core[4.9.04.13]: AppFunctionsMetadataCollector: collect: incoming metadata={"displayNameRes":0,"functionId":"com.sec.android.app.sbrowser.cross_app_action#BrowserFunctions_findBookmarks","isEffectivelyEnabled":true,"packageName":"com.sec.android.app.sbrowser","parameters":[{"description":"FINDBOOKMARKS_PARAMETER_DESCRIPTION_TEMPLATE","id":"findBookmarksParams","name":"findBookmarksParams","namespace":"androidx.appsearch.functions","parameterType":{"dataType":3,"documentType":"com.google.android.appfunctions.schema.common.v1.browser.FindBookmarksParams","id":"com.google.android.appfunctions.schema.common.v1.browser#findBookmarks#PARAMETER_TYPE","isList":false,"isNullable":false,"namespace":"androidx.appsearch.functions"}}],"returnType":{"dataType":3,"documentType":"com.google.android.appfunctions.schema.common.v1.browser.Bookmark","id":"com.google.android.appfunctions.schema.common.v1.browser#findBookmarks#RETURN_TYPE","isList":true,"isNullable":false,"namespace":"androidx.appsearch.functions"},"schemaMetadata":{"schemaCategory":"browser","schemaName":"findBookmarks","schemaVersion":1},"shouldRestrictCallersWithExecuteAppFunctions":false}
03-21 08:34:40.857 11503 11657 E Routine@Core[4.9.04.13]: AppFunctionsSchemaMetadataConverter: isSupportedMetadata: not supported schema. name=findBookmarks
03-21 08:34:40.857 11503 11657 W Routine@Core[4.9.04.13]: AppFunctionsMetadataCollector: collect: isSupportedMetaData = false, schemaCategory/schemaName=browser/findBookmarks
03-21 08:34:40.858 11503 11657 I Routine@Core[4.9.04.13]: AppFunctionsMetadataCollector: collect: incoming metadata={"displayNameRes":0,"functionId":"com.sec.android.app.sbrowser.cross_app_action#BrowserFunctions_getHistories","isEffectivelyEnabled":true,"packageName":"com.sec.android.app.sbrowser","parameters":[{"description":"GETHISTORIES_PARAMETER_DESCRIPTION_TEMPLATE","id":"getHistoriesParams","name":"getHistoriesParams","namespace":"androidx.appsearch.functions","parameterType":{"dataType":3,"documentType":"com.google.android.appfunctions.schema.common.v1.browser.GetHistoriesParams","id":"com.google.android.appfunctions.schema.common.v1.browser#getHistories#PARAMETER_TYPE","isList":false,"isNullable":false,"namespace":"androidx.appsearch.functions"}}],"returnType":{"dataType":3,"documentType":"com.google.android.appfunctions.schema.common.v1.types.Uri","id":"com.google.android.appfunctions.schema.common.v1.browser#getHistories#RETURN_TYPE","isList":true,"isNullable":false,"namespace":"androidx.appsearch.functions"},"schemaMetadata":{"schemaCategory":"browser","schemaName":"getHistories","schemaVersion":1},"shouldRestrictCallersWithExecuteAppFunctions":false}
03-21 08:34:40.858 11503 11657 E Routine@Core[4.9.04.13]: AppFunctionsSchemaMetadataConverter: isSupportedMetadata: not supported schema. name=getHistories
03-21 08:34:40.858 11503 11657 W Routine@Core[4.9.04.13]: AppFunctionsMetadataCollector: collect: isSupportedMetaData = false, schemaCategory/schemaName=browser/getHistories
03-21 08:34:40.859 11503 11657 I Routine@Core[4.9.04.13]: AppFunctionsMetadataCollector: collect: incoming metadata={"displayNameRes":0,"functionId":"com.sec.android.app.sbrowser.cross_app_action#BrowserFunctions_showBookmark","isEffectivelyEnabled":true,"packageName":"com.sec.android.app.sbrowser","parameters":[{"description":"SHOWBOOKMARK_PARAMETER_DESCRIPTION_TEMPLATE","id":"bookmarkId","name":"bookmarkId","namespace":"androidx.appsearch.functions","parameterType":{"dataType":8,"id":"com.google.android.appfunctions.schema.common.v1.browser#showBookmark#PARAMETER_TYPE","isList":false,"isNullable":false,"namespace":"androidx.appsearch.functions"}}],"returnType":{"dataType":9,"id":"com.google.android.appfunctions.schema.common.v1.browser#showBookmark#RETURN_TYPE","isList":false,"isNullable":false,"namespace":"androidx.appsearch.functions"},"schemaMetadata":{"schemaCategory":"browser","schemaName":"showBookmark","schemaVersion":1},"shouldRestrictCallersWithExecuteAppFunctions":false}
03-21 08:34:40.859 11503 11657 E Routine@Core[4.9.04.13]: AppFunctionsSchemaMetadataConverter: isSupportedMetadata: not supported schema. name=showBookmark
03-21 08:34:40.859 11503 11657 W Routine@Core[4.9.04.13]: AppFunctionsMetadataCollector: collect: isSupportedMetaData = false, schemaCategory/schemaName=browser/showBookmark
03-21 08:34:40.859 11503 11657 I Routine@Core[4.9.04.13]: AppFunctionsMetadataCollector: collect: incoming metadata={"displayNameRes":0,"functionId":"com.samsung.android.support.senl.nt.app.main.appfunction#NoteFunctions_deleteNotes","isEffectivelyEnabled":true,"packageName":"com.samsung.android.app.notes","parameters":[{"description":"DELETENOTES_PARAMETER_DESCRIPTION_TEMPLATE","id":"noteIds","name":"noteIds","namespace":"androidx.appsearch.functions","parameterType":{"dataType":8,"id":"com.google.android.appfunctions.schema.common.v1.notes#deleteNotes#PARAMETER_TYPE","isList":true,"isNullable":false,"namespace":"androidx.appsearch.functions"}}],"returnType":{"dataType":8,"id":"com.google.android.appfunctions.schema.common.v1.notes#deleteNotes#RETURN_TYPE","isList":true,"isNullable":false,"namespace":"androidx.appsearch.functions"},"schemaMetadata":{"schemaCategory":"notes","schemaName":"deleteNotes","schemaVersion":1},"shouldRestrictCallersWithExecuteAppFunctions":false}
03-21 08:34:40.860 11503 11657 E Routine@Core[4.9.04.13]: AppFunctionsSchemaMetadataConverter: isSupportedMetadata: not supported schema. name=deleteNotes
03-21 08:34:40.860 11503 11657 W Routine@Core[4.9.04.13]: AppFunctionsMetadataCollector: collect: isSupportedMetaData = false, schemaCategory/schemaName=notes/deleteNotes
03-21 08:34:40.860 11503 11657 I Routine@Core[4.9.04.13]: AppFunctionsMetadataCollector: collect: incoming metadata={"displayNameRes":0,"functionId":"com.samsung.android.support.senl.nt.app.main.appfunction#NoteFunctions_createNote","isEffectivelyEnabled":true,"packageName":"com.samsung.android.app.notes","parameters":[{"description":"CREATENOTE_PARAMETER_DESCRIPTION_TEMPLATE","id":"createNoteParams","name":"createNoteParams","namespace":"androidx.appsearch.functions","parameterType":{"dataType":3,"documentType":"com.google.android.appfunctions.schema.common.v1.notes.CreateNoteParams","id":"com.google.android.appfunctions.schema.common.v1.notes#createNote#PARAMETER_TYPE","isList":false,"isNullable":false,"namespace":"androidx.appsearch.functions"}}],"returnType":{"dataType":3,"documentType":"com.google.android.appfunctions.schema.common.v1.notes.Note","id":"com.google.android.appfunctions.schema.common.v1.notes#createNote#RETURN_TYPE","isList":false,"isNullable":false,"namespace":"androidx.appsearch.functions"},"schemaMetadata":{"schemaCategory":"notes","schemaName":"createNote","schemaVersion":1},"shouldRestrictCallersWithExecuteAppFunctions":false}
03-21 08:34:40.860 11503 11657 I Routine@Core[4.9.04.13]: AppFunctionsMetadataCollector: collect: supportState : schemaCategory/schemaName=notes/createNote
03-21 08:34:40.861 11503 11657 I Routine@Core[4.9.04.13]: AppFunctionsMetadataCollector: collect: converted meta=RawActionMeta(id=-1, tag=appfunction://com.samsung.android.support.senl.nt.app.main.appfunction#NoteFunctions_createNote, packageName=com.samsung.android.app.notes, componentName=notes|createNote, componentType=v3, labelResourceId=2131887572, subLabelResourceId=0, descriptionResourceId=0, enabledLabelResourceId=0, negativeEnabledLabelResourceId=0, supportNegative=0, iconResourceId=2131231987, category=samsung_notes, configActivity=@template/DYNAMIC, defaultParameter=null, defaultParameterLabel=null, uri=null, correctParam=null, parameterSpecSet={"inputParameterSpecs":[{"isPrimary":false,"key":"__key_notes_create_title__","name":2131886423,"structure":"MAP","type":"STRING"},{"isPrimary":false,"key":"__key_notes_create_content__","name":2131886335,"structure":"MAP","type":"STRING"}],"outputParameterSpecs":[{"isPrimary":false,"key":"key_notes_create_result_note","name":-1,"structure":"PLAIN_OBJECT","type":"NOTE"}]}, supportState=0, attributes=irreversible|programmable|representation_supported|create, version=1, defaultLabel=null)
03-21 08:34:40.862 11503 11657 I Routine@Core[4.9.04.13]: AppFunctionsMetadataCollector: collect: incoming metadata={"displayNameRes":0,"functionId":"com.samsung.android.support.senl.nt.app.main.appfunction#FolderFunctions_findFolders","isEffectivelyEnabled":true,"packageName":"com.samsung.android.app.notes","parameters":[{"description":"FINDFOLDERS_PARAMETER_DESCRIPTION_TEMPLATE","id":"findFoldersParams","name":"findFoldersParams","namespace":"androidx.appsearch.functions","parameterType":{"dataType":3,"documentType":"com.google.android.appfunctions.schema.common.v1.notes.FindFoldersParams","id":"com.google.android.appfunctions.schema.common.v1.notes#findFolders#PARAMETER_TYPE","isList":false,"isNullable":false,"namespace":"androidx.appsearch.functions"}}],"returnType":{"dataType":3,"documentType":"com.google.android.appfunctions.schema.common.v1.notes.Folder","id":"com.google.android.appfunctions.schema.common.v1.notes#findFolders#RETURN_TYPE","isList":true,"isNullable":false,"namespace":"androidx.appsearch.functions"},"schemaMetadata":{"schemaCategory":"notes","schemaName":"findFolders","schemaVersion":1},"shouldRestrictCallersWithExecuteAppFunctions":false}
03-21 08:34:40.862 11503 11657 E Routine@Core[4.9.04.13]: AppFunctionsSchemaMetadataConverter: isSupportedMetadata: not supported schema. name=findFolders
03-21 08:34:40.862 11503 11657 W Routine@Core[4.9.04.13]: AppFunctionsMetadataCollector: collect: isSupportedMetaData = false, schemaCategory/schemaName=notes/findFolders
03-21 08:34:40.862 11503 11657 I Routine@Core[4.9.04.13]: AppFunctionsMetadataCollector: collect: incoming metadata={"displayNameRes":0,"functionId":"com.samsung.android.support.senl.nt.app.main.appfunction#FolderFunctions_updateFolder","isEffectivelyEnabled":true,"packageName":"com.samsung.android.app.notes","parameters":[{"description":"UPDATEFOLDER_PARAMETER_DESCRIPTION_TEMPLATE","id":"updateFolderParams","name":"updateFolderParams","namespace":"androidx.appsearch.functions","parameterType":{"dataType":3,"documentType":"com.google.android.appfunctions.schema.common.v1.notes.UpdateFolderParams","id":"com.google.android.appfunctions.schema.common.v1.notes#updateFolder#PARAMETER_TYPE","isList":false,"isNullable":false,"namespace":"androidx.appsearch.functions"}}],"returnType":{"dataType":3,"documentType":"com.google.android.appfunctions.schema.common.v1.notes.Folder","id":"com.google.android.appfunctions.schema.common.v1.notes#updateFolder#RETURN_TYPE","isList":false,"isNullable":false,"namespace":"androidx.appsearch.functions"},"schemaMetadata":{"schemaCategory":"notes","schemaName":"updateFolder","schemaVersion":1},"shouldRestrictCallersWithExecuteAppFunctions":false}
03-21 08:34:40.862 11503 11657 E Routine@Core[4.9.04.13]: AppFunctionsSchemaMetadataConverter: isSupportedMetadata: not supported schema. name=updateFolder
03-21 08:34:40.862 11503 11657 W Routine@Core[4.9.04.13]: AppFunctionsMetadataCollector: collect: isSupportedMetaData = false, schemaCategory/schemaName=notes/updateFolder
03-21 08:34:40.863 11503 11657 I Routine@Core[4.9.04.13]: AppFunctionsMetadataCollector: collect: incoming metadata={"displayNameRes":0,"functionId":"com.samsung.android.support.senl.nt.app.main.appfunction#NoteFunctions_showNote","isEffectivelyEnabled":true,"packageName":"com.samsung.android.app.notes","parameters":[{"description":"SHOWNOTE_PARAMETER_DESCRIPTION_TEMPLATE","id":"noteId","name":"noteId","namespace":"androidx.appsearch.functions","parameterType":{"dataType":8,"id":"com.google.android.appfunctions.schema.common.v1.notes#showNote#PARAMETER_TYPE","isList":false,"isNullable":false,"namespace":"androidx.appsearch.functions"}}],"returnType":{"dataType":9,"id":"com.google.android.appfunctions.schema.common.v1.notes#showNote#RETURN_TYPE","isList":false,"isNullable":false,"namespace":"androidx.appsearch.functions"},"schemaMetadata":{"schemaCategory":"notes","schemaName":"showNote","schemaVersion":1},"shouldRestrictCallersWithExecuteAppFunctions":false}
03-21 08:34:40.863 11503 11657 I Routine@Core[4.9.04.13]: AppFunctionsMetadataCollector: collect: supportState : schemaCategory/schemaName=notes/showNote
03-21 08:34:40.864 11503 11657 I Routine@Core[4.9.04.13]: AppFunctionsMetadataCollector: collect: converted meta=RawActionMeta(id=-1, tag=appfunction://com.samsung.android.support.senl.nt.app.main.appfunction#NoteFunctions_showNote, packageName=com.samsung.android.app.notes, componentName=notes|showNote, componentType=v3, labelResourceId=2131887572, subLabelResourceId=0, descriptionResourceId=0, enabledLabelResourceId=0, negativeEnabledLabelResourceId=0, supportNegative=0, iconResourceId=2131232029, category=samsung_notes, configActivity=@template/VARIABLE, defaultParameter=null, defaultParameterLabel=null, uri=null, correctParam=null, parameterSpecSet={"inputParameterSpecs":[{"isPrimary":true,"key":"key_notes_show_note","name":2131886394,"structure":"PLAIN_OBJECT","type":"NOTE"}],"outputParameterSpecs":[]}, supportState=0, attributes=irreversible|programmable|representation_supported|show, version=1, defaultLabel=null)
03-21 08:34:40.864 11503 11657 I Routine@Core[4.9.04.13]: AppFunctionsMetadataCollector: collect: incoming metadata={"displayNameRes":0,"functionId":"com.samsung.android.support.senl.nt.app.main.appfunction#FolderFunctions_deleteFolders","isEffectivelyEnabled":true,"packageName":"com.samsung.android.app.notes","parameters":[{"description":"DELETEFOLDERS_PARAMETER_DESCRIPTION_TEMPLATE","id":"folderIds","name":"folderIds","namespace":"androidx.appsearch.functions","parameterType":{"dataType":8,"id":"com.google.android.appfunctions.schema.common.v1.notes#deleteFolders#PARAMETER_TYPE","isList":true,"isNullable":false,"namespace":"androidx.appsearch.functions"}}],"returnType":{"dataType":8,"id":"com.google.android.appfunctions.schema.common.v1.notes#deleteFolders#RETURN_TYPE","isList":true,"isNullable":false,"namespace":"androidx.appsearch.functions"},"schemaMetadata":{"schemaCategory":"notes","schemaName":"deleteFolders","schemaVersion":1},"shouldRestrictCallersWithExecuteAppFunctions":false}
03-21 08:34:40.864 11503 11657 E Routine@Core[4.9.04.13]: AppFunctionsSchemaMetadataConverter: isSupportedMetadata: not supported schema. name=deleteFolders
03-21 08:34:40.864 11503 11657 W Routine@Core[4.9.04.13]: AppFunctionsMetadataCollector: collect: isSupportedMetaData = false, schemaCategory/schemaName=notes/deleteFolders
03-21 08:34:40.865 11503 11657 I Routine@Core[4.9.04.13]: AppFunctionsMetadataCollector: collect: incoming metadata={"displayNameRes":0,"functionId":"com.samsung.android.support.senl.nt.app.main.appfunction#NoteFunctions_updateNote","isEffectivelyEnabled":true,"packageName":"com.samsung.android.app.notes","parameters":[{"description":"UPDATENOTE_PARAMETER_DESCRIPTION_TEMPLATE","id":"updateNoteParams","name":"updateNoteParams","namespace":"androidx.appsearch.functions","parameterType":{"dataType":3,"documentType":"com.google.android.appfunctions.schema.common.v1.notes.UpdateNoteParams","id":"com.google.android.appfunctions.schema.common.v1.notes#updateNote#PARAMETER_TYPE","isList":false,"isNullable":false,"namespace":"androidx.appsearch.functions"}}],"returnType":{"dataType":3,"documentType":"com.google.android.appfunctions.schema.common.v1.notes.Note","id":"com.google.android.appfunctions.schema.common.v1.notes#updateNote#RETURN_TYPE","isList":false,"isNullable":false,"namespace":"androidx.appsearch.functions"},"schemaMetadata":{"schemaCategory":"notes","schemaName":"updateNote","schemaVersion":1},"shouldRestrictCallersWithExecuteAppFunctions":false}
03-21 08:34:40.865 11503 11657 I Routine@Core[4.9.04.13]: AppFunctionsMetadataCollector: collect: supportState : schemaCategory/schemaName=notes/updateNote
03-21 08:34:40.865 11503 11657 I Routine@Core[4.9.04.13]: AppFunctionsMetadataCollector: collect: converted meta=RawActionMeta(id=-1, tag=appfunction://com.samsung.android.support.senl.nt.app.main.appfunction#NoteFunctions_updateNote, packageName=com.samsung.android.app.notes, componentName=notes|updateNote, componentType=v3, labelResourceId=2131887572, subLabelResourceId=0, descriptionResourceId=0, enabledLabelResourceId=0, negativeEnabledLabelResourceId=0, supportNegative=0, iconResourceId=2131231591, category=samsung_notes, configActivity=@template/DYNAMIC, defaultParameter=null, defaultParameterLabel=null, uri=null, correctParam=null, parameterSpecSet={"inputParameterSpecs":[{"isPrimary":true,"key":"key_update_note","name":2131886371,"structure":"PLAIN_OBJECT","type":"NOTE"},{"isPrimary":false,"key":"__key_notes_update_content__","name":2131886414,"structure":"MAP","type":"STRING"}],"outputParameterSpecs":[{"isPrimary":false,"key":"key_notes_update_result_note","name":-1,"structure":"PLAIN_OBJECT","type":"NOTE"}]}, supportState=0, attributes=irreversible|programmable|representation_supported|update, version=1, defaultLabel=null)
03-21 08:34:40.866 11503 11657 I Routine@Core[4.9.04.13]: AppFunctionsMetadataCollector: collect: incoming metadata={"displayNameRes":0,"functionId":"com.samsung.android.support.senl.nt.app.main.appfunction#FolderFunctions_createFolder","isEffectivelyEnabled":true,"packageName":"com.samsung.android.app.notes","parameters":[{"description":"CREATEFOLDER_PARAMETER_DESCRIPTION_TEMPLATE","id":"createFolderParams","name":"createFolderParams","namespace":"androidx.appsearch.functions","parameterType":{"dataType":3,"documentType":"com.google.android.appfunctions.schema.common.v1.notes.CreateFolderParams","id":"com.google.android.appfunctions.schema.common.v1.notes#createFolder#PARAMETER_TYPE","isList":false,"isNullable":false,"namespace":"androidx.appsearch.functions"}}],"returnType":{"dataType":3,"documentType":"com.google.android.appfunctions.schema.common.v1.notes.Folder","id":"com.google.android.appfunctions.schema.common.v1.notes#createFolder#RETURN_TYPE","isList":false,"isNullable":false,"namespace":"androidx.appsearch.functions"},"schemaMetadata":{"schemaCategory":"notes","schemaName":"createFolder","schemaVersion":1},"shouldRestrictCallersWithExecuteAppFunctions":false}
03-21 08:34:40.866 11503 11657 E Routine@Core[4.9.04.13]: AppFunctionsSchemaMetadataConverter: isSupportedMetadata: not supported schema. name=createFolder
03-21 08:34:40.866 11503 11657 W Routine@Core[4.9.04.13]: AppFunctionsMetadataCollector: collect: isSupportedMetaData = false, schemaCategory/schemaName=notes/createFolder
03-21 08:34:40.867 11503 11657 I Routine@Core[4.9.04.13]: AppFunctionsMetadataCollector: collect: incoming metadata={"displayNameRes":0,"functionId":"com.samsung.android.support.senl.nt.app.main.appfunction#NoteFunctions_getNotes","isEffectivelyEnabled":true,"packageName":"com.samsung.android.app.notes","parameters":[{"description":"GETNOTES_PARAMETER_DESCRIPTION_TEMPLATE","id":"noteIds","name":"noteIds","namespace":"androidx.appsearch.functions","parameterType":{"dataType":8,"id":"com.google.android.appfunctions.schema.common.v1.notes#getNotes#PARAMETER_TYPE","isList":true,"isNullable":false,"namespace":"androidx.appsearch.functions"}}],"returnType":{"dataType":3,"documentType":"com.google.android.appfunctions.schema.common.v1.notes.Note","id":"com.google.android.appfunctions.schema.common.v1.notes#getNotes#RETURN_TYPE","isList":true,"isNullable":false,"namespace":"androidx.appsearch.functions"},"schemaMetadata":{"schemaCategory":"notes","schemaName":"getNotes","schemaVersion":1},"shouldRestrictCallersWithExecuteAppFunctions":false}
03-21 08:34:40.867 11503 11657 E Routine@Core[4.9.04.13]: AppFunctionsSchemaMetadataConverter: isSupportedMetadata: not supported schema. name=getNotes
03-21 08:34:40.867 11503 11657 W Routine@Core[4.9.04.13]: AppFunctionsMetadataCollector: collect: isSupportedMetaData = false, schemaCategory/schemaName=notes/getNotes
03-21 08:34:40.868 11503 11657 I Routine@Core[4.9.04.13]: AppFunctionsMetadataCollector: collect: incoming metadata={"displayNameRes":0,"functionId":"com.samsung.android.support.senl.nt.app.main.appfunction#NoteFunctions_findNotes","isEffectivelyEnabled":true,"packageName":"com.samsung.android.app.notes","parameters":[{"description":"FINDNOTES_PARAMETER_DESCRIPTION_TEMPLATE","id":"findNotesParams","name":"findNotesParams","namespace":"androidx.appsearch.functions","parameterType":{"dataType":3,"documentType":"com.google.android.appfunctions.schema.common.v1.notes.FindNotesParams","id":"com.google.android.appfunctions.schema.common.v1.notes#findNotes#PARAMETER_TYPE","isList":false,"isNullable":false,"namespace":"androidx.appsearch.functions"}}],"returnType":{"dataType":3,"documentType":"com.google.android.appfunctions.schema.common.v1.notes.Note","id":"com.google.android.appfunctions.schema.common.v1.notes#findNotes#RETURN_TYPE","isList":true,"isNullable":false,"namespace":"androidx.appsearch.functions"},"schemaMetadata":{"schemaCategory":"notes","schemaName":"findNotes","schemaVersion":1},"shouldRestrictCallersWithExecuteAppFunctions":false}
03-21 08:34:40.868 11503 11657 I Routine@Core[4.9.04.13]: AppFunctionsMetadataCollector: collect: supportState : schemaCategory/schemaName=notes/findNotes
03-21 08:34:40.868 11503 11657 I Routine@Core[4.9.04.13]: AppFunctionsMetadataCollector: collect: converted meta=RawActionMeta(id=-1, tag=appfunction://com.samsung.android.support.senl.nt.app.main.appfunction#NoteFunctions_findNotes, packageName=com.samsung.android.app.notes, componentName=notes|findNotes, componentType=v3, labelResourceId=2131887573, subLabelResourceId=0, descriptionResourceId=0, enabledLabelResourceId=0, negativeEnabledLabelResourceId=0, supportNegative=0, iconResourceId=2131231996, category=samsung_notes, configActivity=@template/DYNAMIC, defaultParameter=null, defaultParameterLabel=null, uri=null, correctParam=null, parameterSpecSet={"inputParameterSpecs":[{"isPrimary":false,"key":"__key_notes_find_specific_keyword__","name":-1,"structure":"MAP","type":"STRING"}],"outputParameterSpecs":[{"isPrimary":false,"key":"key_notes_find_result_notes","name":-1,"structure":"PLAIN_OBJECT","type":"LIST_NOTE"}]}, supportState=0, attributes=irreversible|programmable|representation_supported|getter|find, version=1, defaultLabel=null)
03-21 08:34:40.869 11503 11657 I Routine@Core[4.9.04.13]: AppFunctionsMetadataCollector: collect: incoming metadata={"displayNameRes":0,"functionId":"com.samsung.android.app.sharelive.appfunction#ShareFunction_shareFilesToNearbyDevice","isEffectivelyEnabled":true,"packageName":"com.samsung.android.app.sharelive","parameters":[{"description":"SHAREFILESTONEARBYDEVICE_PARAMETER_DESCRIPTION_TEMPLATE","id":"shareFilesToNearbyDeviceParams","name":"shareFilesToNearbyDeviceParams","namespace":"androidx.appsearch.functions","parameterType":{"dataType":3,"documentType":"com.google.android.appfunctions.schema.common.v1.nearbysharing.ShareFilesToNearbyDeviceParams","id":"com.google.android.appfunctions.schema.common.v1.nearbysharing#shareFilesToNearbyDevice#PARAMETER_TYPE","isList":false,"isNullable":false,"namespace":"androidx.appsearch.functions"}}],"returnType":{"dataType":0,"id":"com.google.android.appfunctions.schema.common.v1.nearbysharing#shareFilesToNearbyDevice#RETURN_TYPE","isList":false,"isNullable":false,"namespace":"androidx.appsearch.functions"},"schemaMetadata":{"schemaCategory":"nearby_sharing","schemaName":"shareFilesToNearbyDevice","schemaVersion":1},"shouldRestrictCallersWithExecuteAppFunctions":false}
03-21 08:34:40.869 11503 11657 E Routine@Core[4.9.04.13]: AppFunctionsSchemaMetadataFactory: getMetadata: AppFunction not supported category. category=nearby_sharing
03-21 08:34:40.869 11503 11657 E Routine@Core[4.9.04.13]: AppFunctionsSchemaMetadataConverter: isSupportedMetadata: not supported schema. name=shareFilesToNearbyDevice
03-21 08:34:40.869 11503 11657 W Routine@Core[4.9.04.13]: AppFunctionsMetadataCollector: collect: isSupportedMetaData = false, schemaCategory/schemaName=nearby_sharing/shareFilesToNearbyDevice
03-21 08:34:40.869  1885 11370 I HYPER-HAL: [RequestManager.cpp]releaseLocked(): Released ID : 59748864
03-21 08:34:40.870 11503 11657 I Routine@Core[4.9.04.13]: AppFunctionsMetadataCollector: collect: incoming metadata={"displayNameRes":0,"functionId":"com.samsung.android.app.sharelive.appfunction#ShareFunction_findNearbyDevices","isEffectivelyEnabled":true,"packageName":"com.samsung.android.app.sharelive","parameters":[{"description":"FINDNEARBYDEVICES_PARAMETER_DESCRIPTION_TEMPLATE","id":"findNearbyDevicesParams","name":"findNearbyDevicesParams","namespace":"androidx.appsearch.functions","parameterType":{"dataType":3,"documentType":"com.google.android.appfunctions.schema.common.v1.nearbysharing.FindNearbyDevicesParams","id":"com.google.android.appfunctions.schema.common.v1.nearbysharing#findNearbyDevices#PARAMETER_TYPE","isList":false,"isNullable":false,"namespace":"androidx.appsearch.functions"}}],"returnType":{"dataType":3,"documentType":"com.google.android.appfunctions.schema.common.v1.nearbysharing.NearbyDevice","id":"com.google.android.appfunctions.schema.common.v1.nearbysharing#findNearbyDevices#RETURN_TYPE","isList":true,"isNullable":false,"namespace":"androidx.appsearch.functions"},"schemaMetadata":{"schemaCategory":"nearby_sharing","schemaName":"findNearbyDevices","schemaVersion":1},"shouldRestrictCallersWithExecuteAppFunctions":false}
03-21 08:34:40.870 11503 11657 E Routine@Core[4.9.04.13]: AppFunctionsSchemaMetadataFactory: getMetadata: AppFunction not supported category. category=nearby_sharing
03-21 08:34:40.870 11503 11657 E Routine@Core[4.9.04.13]: AppFunctionsSchemaMetadataConverter: isSupportedMetadata: not supported schema. name=findNearbyDevices
03-21 08:34:40.870 11503 11657 W Routine@Core[4.9.04.13]: AppFunctionsMetadataCollector: collect: isSupportedMetaData = false, schemaCategory/schemaName=nearby_sharing/findNearbyDevices
03-21 08:34:40.870 11503 11657 I Routine@Core[4.9.04.13]: MetadataLoadManager: updateMetaLoadedPackageList to Pref
03-21 08:34:40.871 11503 11657 I Routine@Core[4.9.04.13]: MetadataPackageUtil: savePackagesHavingMetadata - containMetadataPackages : [, com.samsung.android.app.aodservice, com.samsung.android.spay, com.android.systemui, com.samsung.android.honeyboard, com.samsung.android.app.dressroom, com.samsung.android.lool, com.sec.android.app.launcher, com.samsung.android.smartmirroring, com.samsung.android.fast, com.samsung.android.app.reminder, com.samsung.android.mdecservice, com.samsung.android.app.routines, com.samsung.android.game.gametools, com.samsung.android.calendar, com.sec.android.app.soundalive, com.samsung.android.mdx, com.samsung.android.app.smartcapture, com.samsung.android.inputshare, com.sec.android.app.clockpackage, com.sec.android.gallery3d, com.samsung.accessibility, com.samsung.android.service.aircommand, com.android.settings, com.samsung.android.app.notes, com.samsung.android.app.telephonyui, com.samsung.android.app.sharelive, com.samsung.accessory.budsunitemgr, com.samsung.android.game.gos]
03-21 08:34:40.871 11503 11657 I Routine@Core[4.9.04.13]: MetadataPackageUtil: savePackagesHavingMetadata - saveData Size : 29, saveData : [, com.samsung.android.app.aodservice, com.samsung.android.spay, com.android.systemui, com.samsung.android.honeyboard, com.samsung.android.app.dressroom, com.samsung.android.lool, com.sec.android.app.launcher, com.samsung.android.smartmirroring, com.samsung.android.fast, com.samsung.android.app.reminder, com.samsung.android.mdecservice, com.samsung.android.app.routines, com.samsung.android.game.gametools, com.samsung.android.calendar, com.sec.android.app.soundalive, com.samsung.android.mdx, com.samsung.android.app.smartcapture, com.samsung.android.inputshare, com.sec.android.app.clockpackage, com.sec.android.gallery3d, com.samsung.accessibility, com.samsung.android.service.aircommand, com.android.settings, com.samsung.android.app.notes, com.samsung.android.app.telephonyui, com.samsung.android.app.sharelive, com.samsung.accessory.budsunitemgr, com.samsung.android.game.gos]
03-21 08:34:40.871 11503 11657 I Routine@Core[4.9.04.13]: Pref: putSharedPrefsData: key=pref_packages_for_routine, data.size=854
03-21 08:34:40.872 11503 11657 I Routine@Core[4.9.04.13]: MetadataLoadManager: doPostCollectionTasks - packageName:com.ifs.stoppai
03-21 08:34:40.873 11503 11539 I Routine@Core[4.9.04.13]: MetadataSyncHistory: isMetaDataSyncedWithVersion: latest=9c17a0ca7155acc4a4ec81aebd062cfa44e6880f, currentVersion=9c17a0ca7155acc4a4ec81aebd062cfa44e6880f
03-21 08:34:40.892 11503 11657 I Routine@Core[4.9.04.13]: MetaUpdater: update
03-21 08:34:40.891  2691  5537 W ParceledListSlice: Element #41 is 22860 bytes.
03-21 08:34:40.892  2691  5537 W ParceledListSlice: Element #43 is 18956 bytes.
03-21 08:34:40.894  2691  6435 W ParceledListSlice: Element #78 is 20732 bytes.
03-21 08:34:40.898  2691  6435 W ParceledListSlice: Element #182 is 191784 bytes.
03-21 08:34:40.898  2691  6435 W ParceledListSlice: Overly large reply size: 214920
03-21 08:34:40.903  2691  5537 W ParceledListSlice: Element #207 is 23304 bytes.
03-21 08:34:40.904  2691  5537 W ParceledListSlice: Element #221 is 16880 bytes.
03-21 08:34:40.905  2691  6435 W ParceledListSlice: Element #228 is 23196 bytes.
03-21 08:34:40.905  2691  6435 W ParceledListSlice: Element #248 is 22724 bytes.
03-21 08:34:40.908  2691  6435 W ParceledListSlice: Element #281 is 20444 bytes.
03-21 08:34:40.910  2691  5537 W ParceledListSlice: Element #287 is 17216 bytes.
03-21 08:34:40.910  2691  5537 W ParceledListSlice: Element #293 is 23000 bytes.
03-21 08:34:40.912  2691  5535 W ParceledListSlice: Element #335 is 73280 bytes.
03-21 08:34:40.912  2691  5535 W ParceledListSlice: Overly large reply size: 106476
03-21 08:34:40.914  2691  6435 W ParceledListSlice: Element #371 is 19640 bytes.
03-21 08:34:40.914  2691  6435 W ParceledListSlice: Element #372 is 17596 bytes.
03-21 08:34:40.915  2691  6435 W ParceledListSlice: Element #390 is 22272 bytes.
03-21 08:34:40.916  2691  5535 W ParceledListSlice: Element #406 is 16784 bytes.
03-21 08:34:40.918  2691  5535 W ParceledListSlice: Element #445 is 27276 bytes.
03-21 08:34:40.918  2691  5535 W ParceledListSlice: Element #452 is 76656 bytes.
03-21 08:34:40.918  2691  5535 W ParceledListSlice: Overly large reply size: 136944
03-21 08:34:40.920  2691  6435 W ParceledListSlice: Element #481 is 20896 bytes.
03-21 08:34:40.921  2691  6435 W ParceledListSlice: Element #492 is 19184 bytes.
03-21 08:34:40.921  2691  5537 W ParceledListSlice: Element #501 is 23328 bytes.
03-21 08:34:40.922  2691  6435 W ParceledListSlice: Element #502 is 19600 bytes.
03-21 08:34:40.924  2691  6435 W ParceledListSlice: Element #553 is 31036 bytes.
03-21 08:34:40.924  2691  5537 W ParceledListSlice: Element #575 is 27184 bytes.
03-21 08:34:40.924  2691  5537 W ParceledListSlice: Overly large reply size: 89676
03-21 08:34:40.925  2691  6435 W ParceledListSlice: Element #593 is 19868 bytes.
03-21 08:34:40.926  2691  5537 W ParceledListSlice: Element #604 is 25980 bytes.
03-21 08:34:40.927  2691  5537 W ParceledListSlice: Element #627 is 17532 bytes.
03-21 08:34:40.928 11503 11657 I Routine@Core[4.9.04.13]: MetaUpdater: updateMeta: newMeta=appfunction://com.samsung.android.app.reminder.data.crossappactions#TaskFunctions_createTask(id=-1)
03-21 08:34:40.930 11503 11657 I Routine@Core[4.9.04.13]: MetaUpdater: updateMeta: newMeta=appfunction://com.sec.android.app.clockpackage.crossappactions#AlarmCrossAppActions_createAlarm(id=-1)
03-21 08:34:40.931 11503 11657 I Routine@Core[4.9.04.13]: MetaUpdater: updateMeta: newMeta=appfunction://com.sec.android.app.clockpackage.crossappactions#AlarmCrossAppActions_updateAlarm(id=-1)
03-21 08:34:40.931 11503 11657 I Routine@Core[4.9.04.13]: MetaUpdater: updateMeta: newMeta=appfunction://com.sec.android.app.clockpackage.crossappactions#StopwatchCrossAppFunctions_resetStopwatch(id=-1)
03-21 08:34:40.932 11503 11657 I Routine@Core[4.9.04.13]: MetaUpdater: updateMeta: newMeta=appfunction://com.sec.android.app.clockpackage.crossappactions#StopwatchCrossAppFunctions_startStopwatch(id=-1)
03-21 08:34:40.934 11503 11657 I Routine@Core[4.9.04.13]: MetaUpdater: updateMeta: newMeta=appfunction://com.sec.android.app.clockpackage.crossappactions#AlarmCrossAppActions_findAlarms(id=-1)
03-21 08:34:40.937 11503 11657 I Routine@Core[4.9.04.13]: MetaUpdater: updateMeta: newMeta=appfunction://com.sec.android.app.clockpackage.crossappactions#StopwatchCrossAppFunctions_stopStopwatch(id=-1)
03-21 08:34:40.941 11503 11657 I Routine@Core[4.9.04.13]: MetaUpdater: updateMeta: newMeta=appfunction://com.samsung.android.gallery.crossapp.function#PhotoFunctions_findMediaItems(id=-1)
03-21 08:34:40.944 11503 11657 I Routine@Core[4.9.04.13]: MetaUpdater: updateMeta: newMeta=appfunction://com.samsung.android.app.calendar.crossapp#CrossAppEvent_findEvents(id=-1)
03-21 08:34:40.944  4327  5335 I ScanController: onScanResult to scannerId: 1- eventType=0x1b, addressType=1, address=XX:XX:XX:XX:6C:1C, primaryPhy=1, secondaryPhy=0, advertisingSid=0xff, txPower=127, rssi=-53, periodicAdvInt=0x0
03-21 08:34:40.945 11503 11657 I Routine@Core[4.9.04.13]: MetaUpdater: updateMeta: newMeta=appfunction://com.samsung.android.app.calendar.crossapp#CrossAppEvent_createEvent(id=-1)
03-21 08:34:40.945 11503 11657 I Routine@Core[4.9.04.13]: MetaUpdater: updateMeta: newMeta=appfunction://com.samsung.android.app.calendar.crossapp#CrossAppEvent_updateEvent(id=-1)
03-21 08:34:40.946 11503 11657 I Routine@Core[4.9.04.13]: MetaUpdater: updateMeta: newMeta=appfunction://com.samsung.android.app.calendar.crossapp#CrossAppEvent_showEvent(id=-1)
03-21 08:34:40.947 11503 11657 I Routine@Core[4.9.04.13]: MetaUpdater: updateMeta: newMeta=appfunction://com.samsung.android.app.reminder.data.crossappactions#TaskFunctions_updateTask(id=-1)
03-21 08:34:40.947 11503 11657 I Routine@Core[4.9.04.13]: MetaUpdater: updateMeta: newMeta=appfunction://com.samsung.android.app.reminder.data.crossappactions#TaskFunctions_findTasks(id=-1)
03-21 08:34:40.948 11503 11657 I Routine@Core[4.9.04.13]: MetaUpdater: updateMeta: newMeta=appfunction://com.samsung.android.app.reminder.data.crossappactions#TaskFunctions_showTask(id=-1)
03-21 08:34:40.948 11503 11657 I Routine@Core[4.9.04.13]: MetaUpdater: updateMeta: newMeta=appfunction://com.samsung.android.support.senl.nt.app.main.appfunction#NoteFunctions_createNote(id=-1)
03-21 08:34:40.949 11503 11657 I Routine@Core[4.9.04.13]: MetaUpdater: updateMeta: newMeta=appfunction://com.samsung.android.support.senl.nt.app.main.appfunction#NoteFunctions_showNote(id=-1)
03-21 08:34:40.949 11503 11657 I Routine@Core[4.9.04.13]: MetaUpdater: updateMeta: newMeta=appfunction://com.samsung.android.support.senl.nt.app.main.appfunction#NoteFunctions_updateNote(id=-1)
03-21 08:34:40.950 11503 11657 I Routine@Core[4.9.04.13]: MetaUpdater: updateMeta: newMeta=appfunction://com.samsung.android.support.senl.nt.app.main.appfunction#NoteFunctions_findNotes(id=-1)
03-21 08:34:40.951 11503 11657 I Routine@Core[4.9.04.13]: SupportStateUpdater: update
03-21 08:34:40.954  4327  5335 I ScanController: onScanResult to scannerId: 12- eventType=0x1a, addressType=1, address=XX:XX:XX:XX:21:12, primaryPhy=1, secondaryPhy=0, advertisingSid=0xff, txPower=127, rssi=-41, periodicAdvInt=0x0
03-21 08:34:40.954 11503 11657 I Routine@Core[4.9.04.13]: TASKD/ActionTaskAdapterFactoryImpl: getAdapter - metaId=appfunction://com.samsung.android.app.reminder.data.crossappactions#TaskFunctions_createTask(id=414)
03-21 08:34:40.961  1870  1870 I android.hardware.health@2.1-service-samsung: updateLrpSysfs: write: 261
--------- beginning of system
03-21 08:34:40.962  2691  3463 D [SS]BattFunctions: [sendRemainingChargingTimeChangedIntent]remainingChargingTime:9531 ,mLastRemainingChargingTime:9499
03-21 08:34:40.962  2691  3463 D BatteryService: [processValuesLocked]batteryLevel:68 ,LastbatteryLevel:69 ,mPlugType:2 ,batteryStatus:2
03-21 08:34:40.962  2691  3463 D BatteryService: [countBatteryChangedConditions]mBatteryChangedConditionCounts:[142, 33, 1, 741, 123, 568, 595, 0, 0, 154, 178, 0, 12, 0, 0, 67, 408, 125, 0, 0, 0, 59]
03-21 08:34:40.962  2691  3463 D BatteryService: Sending ACTION_BATTERY_CHANGED: level:68, status:2, health:2, remain:9531, ac:false, usb:true, wireless:false, pogo:false, misc:0x10000, charge_type:1, charger_type:0, voltage:3866, temperature:245, online:4, charging_status:0, cycle_count:0, current_avg:-185, ps:false, hvc:false, current_event:0x0, mcc:0, mcv:0, cc:3125700, present:true, scale:100, technology:Li-ion, protection:0
03-21 08:34:40.963  2691  3463 D [SS]BattUtils: [readNode]path:/efs/FactoryApp/bsoh ,value:96
03-21 08:34:40.963  2691  3463 D [SS][BattInfo]BattInfoManager: [processAsoc]mBatteryUsageSinceLastAsocUpdate:71
03-21 08:34:40.963  2691  3463 D [SS][BattInfo]BattInfoManager: [processDischargingLevel]mCurrentBatteryUsage:1
03-21 08:34:40.965  2691  2691 D SLocation: DeviceStatusNotifyManager - broadcastReceiver.onReceive start 539303741
03-21 08:34:40.966  2691  2691 D SLocation: DeviceStatusNotifyManager - broadcastReceiver.onReceive end 539303741
03-21 08:34:40.966  2691  4279 I SLocation: DeviceStatusNotifyManager - received action : android.os.action.DISCHARGING, package : null
03-21 08:34:40.967  2691  3990 I DeviceBatteryInfoService: action: android.intent.action.BATTERY_CHANGED
03-21 08:34:40.967  2691  3990 I DeviceBatteryInfoService: phone battery level: 68
03-21 08:34:40.967  2691  3990 I DeviceBatteryInfoService: phone battery status: 2
03-21 08:34:40.967  2691  3990 D DeviceBatteryInfoService: setBatteryStatus : 2
03-21 08:34:40.968  2691  3841 D MotionRecognitionService: [SAR]  onReceive : ACTION_BATTERY_CHANGED, Plugged: 2
03-21 08:34:40.968  2691  3841 I MotionRecognitionService: [TA] Before receiving the SAR request for Return : 65560
03-21 08:34:40.968  2691  2691 D NetworkPolicy: ChargingState: new(false), old(true)
03-21 08:34:40.968  2691  2691 D AdaptiveBrightnessLongtermModelBuilder[0]: Received android.intent.action.BATTERY_CHANGED
03-21 08:34:40.970  4068  4068 I PowerUI : mBootCompleted = true |  mFullyConnected = true
03-21 08:34:40.970  4068  4068 I PowerUI : BATTERY_HEALTH_CHECK / batteryHealth : 2 / wirelessOverheat : false
03-21 08:34:40.970  4068  4068 D PowerUI : Skip charging animation - by Plug reason
03-21 08:34:40.970  4068  4068 D PowerUI : Skip charging sound & vibrate - by Plug reason
03-21 08:34:40.970  4068  4068 D PowerUI : oldMisalign : false, curMisalign : false
03-21 08:34:40.970  4068  6464 D PowerUI.Notification: updateNotification mWarning = false mPlaySound = false
03-21 08:34:40.972  4305  4305 D SemBigDataInfoController: Intent: android.intent.action.BATTERY_CHANGED
03-21 08:34:40.972  4305  4680 D SatelliteController: handleCmdUpdateNtnSignalStrengthReporting: ignore request, satellite is disabled
03-21 08:34:40.972 10913 10913 I SDHMS:RutCore: Current options : ScreenBrightness(90), sScreenResolutionLevel(1), PerformanceRestricted, DataRestricted(PSM), AOD(Off), 
03-21 08:34:40.972 10913 10913 I SDHMS:RutCore: PSM gain = 108 -> Default(101), Brightness(4), Resolution(0), PerfRestrict(3), 
03-21 08:34:40.972 10913 10913 I SDHMS:RutCore: UPSM gain = 252 -> Default(245), Brightness(4), Resolution(0), PerfRestrict(3), 
03-21 08:34:40.974  2691  5537 D ActivityTaskManager: startActivityAsUser: callingPid=11672, callingUid=2000, caller=com.android.server.am.ActivityManagerService.startActivityAsUserWithFeature:27 com.android.server.am.ActivityManagerShellCommand.runStartActivity:588 com.android.server.am.ActivityManagerShellCommand.onCommand:2030 com.android.modules.utils.BasicShellCommandHandler.exec:97 android.os.ShellCommand.exec:38 com.android.server.am.ActivityManagerService.onShellCommand:164 android.os.Binder.shellCommand:1187 
03-21 08:34:40.974  4068  4068 D PowerUI.Notification: showChargingNotice - Battery Level : 69 -> 68, Charging Type : 11 -> 11, Charging Time : 9499 -> 9531, Maximum protection : false -> false, Maximum threshold : 80 -> 80
03-21 08:34:40.975  2691  5537 W ActivityTaskManager: callingPackage for (uid=2000, pid=11672) has no WPC
03-21 08:34:40.975  2691  5537 D ActivityTaskManager: DesktopModeLaunchParamsModifier: task=null activity=null task null, skipping
03-21 08:34:40.975  2691  5537 D ActivityTaskManager: TaskLaunchParamsModifier:task=null activity=null display-area-from-current-params=null display-area-from-default-fallback=DefaultTaskDisplayArea_d0@17074128 display-id=0 task-display-area-windowing-mode=1 suggested-display-area=DefaultTaskDisplayArea_d0@17074128
03-21 08:34:40.976  2691  2811 I SemDvfsHyPerManager: acquire hyper - APP_LAUNCH/2691@210, type = -999
03-21 08:34:40.977  2691  5537 W OptProp : Cannot read opt property android.window.PROPERTY_COMPAT_ALLOW_RESIZEABLE_ACTIVITY_OVERRIDES
03-21 08:34:40.977  2691  5537 W OptProp : Cannot read opt property android.window.PROPERTY_COMPAT_ALLOW_MIN_ASPECT_RATIO_OVERRIDE
03-21 08:34:40.978  2691  5537 D WindowManager: Transition is created, t=TransitionRecord{a6207c4 id=-1 type=OPEN flags=0x0}, caller=com.android.server.wm.Transition.<init>:182 com.android.server.wm.TransitionController.createAndStartCollecting:106 com.android.server.wm.ActivityStarter.executeRequest:3515 com.android.server.wm.ActivityStarter.execute:1752 com.android.server.wm.ActivityTaskManagerService.startActivityAsUser:95 
03-21 08:34:40.978  2691  5537 D BLASTSyncEngine: SyncGroup is created, id=3915, name=Transition-OPEN, caller=com.android.server.wm.BLASTSyncEngine$SyncGroup.<init>:52 com.android.server.wm.TransitionController.moveToCollecting:79 com.android.server.wm.TransitionController.createAndStartCollecting:109 com.android.server.wm.ActivityStarter.executeRequest:3515 com.android.server.wm.ActivityStarter.execute:1752 com.android.server.wm.ActivityTaskManagerService.startActivityAsUser:95 com.android.server.am.ActivityManagerService.startActivityAsUserWithFeature:27 
03-21 08:34:40.978  2691  5537 W BLASTSyncEngine: setSyncMethod, id=3915, method=0, caller=com.android.server.wm.TransitionController.moveToCollecting:91 com.android.server.wm.TransitionController.createAndStartCollecting:109 com.android.server.wm.ActivityStarter.executeRequest:3515 
03-21 08:34:40.978  2691  5537 V WindowManager: Start collecting in Transition: TransitionRecord{a6207c4 id=3915 type=OPEN flags=0x0}, caller=com.android.server.wm.TransitionController.createAndStartCollecting:109 com.android.server.wm.ActivityStarter.executeRequest:3515 com.android.server.wm.ActivityStarter.execute:1752 com.android.server.wm.ActivityTaskManagerService.startActivityAsUser:95 com.android.server.am.ActivityManagerService.startActivityAsUserWithFeature:27 
03-21 08:34:40.978  2691  5537 V WindowManager: Collecting in transition 3915: ActivityRecord{257547312 u0 com.ifs.stoppai/.ui.MainActivity, caller=com.android.server.wm.TransitionController.collect:7 com.android.server.wm.ActivityStarter.startActivityUnchecked:98 com.android.server.wm.ActivityStarter.executeRequest:3559 com.android.server.wm.ActivityStarter.execute:1752 com.android.server.wm.ActivityTaskManagerService.startActivityAsUser:95 
03-21 08:34:40.978  2691  5537 D ActivityTaskManager: DesktopModeLaunchParamsModifier: task=null activity=ActivityRecord{257547312 u0 com.ifs.stoppai/.ui.MainActivity t-1} task null, skipping
03-21 08:34:40.978  2691  5537 D ActivityTaskManager: TaskLaunchParamsModifier:task=null activity=ActivityRecord{257547312 u0 com.ifs.stoppai/.ui.MainActivity t-1} display-area-from-current-params=null display-area-from-default-fallback=DefaultTaskDisplayArea_d0@17074128 display-id=0 task-display-area-windowing-mode=1 suggested-display-area=DefaultTaskDisplayArea_d0@17074128
03-21 08:34:40.978  2691  5537 D ActivityTaskManager: DesktopModeLaunchParamsModifier: task=null activity=ActivityRecord{257547312 u0 com.ifs.stoppai/.ui.MainActivity t-1} task null, skipping
03-21 08:34:40.978  2691  5537 D ActivityTaskManager: TaskLaunchParamsModifier:task=null activity=ActivityRecord{257547312 u0 com.ifs.stoppai/.ui.MainActivity t-1} display-area-from-current-params=null display-area-from-default-fallback=DefaultTaskDisplayArea_d0@17074128 display-id=0 task-display-area-windowing-mode=1 suggested-display-area=DefaultTaskDisplayArea_d0@17074128 non-freeform-task-display-area display-area=DefaultTaskDisplayArea_d0@17074128 default-portrait freeform-size-mismatch=Rect(81, 549 - 999, 1707)
03-21 08:34:40.978  2691  4728 I SemDvfsHyPerManager: acquire hyper - AMS_APP_SWITCH/2691@28, type = -999
03-21 08:34:40.979  1885  1960 I HYPER-HAL: [RequestManager.cpp]acquire(): Acquired ID : 3697868  [2691 / 28]    HINT : AMS_APP_SWITCH    list : 
03-21 08:34:40.980  2691  4728 D ActivityManagerPerformance: AMP_acquire() APP_SWITCH
03-21 08:34:40.980  2691  4804 D FreecessController: restrictJobsByOlaf: restrict=true, uid=10749
03-21 08:34:40.980 10913 10913 I SemDvfsHyPerManager: acquire hyper - APP_START_SHORT/10913@17, type = -999
03-21 08:34:40.982  2691  2691 D OlafRestriction:  olaf state update: state=true
03-21 08:34:40.982  2691  2691 D OlafRestriction:  sending trigger onRestrictionStateChanged msg.
03-21 08:34:40.982  1993  2127 I SurfaceFlinger: id=45290 createSurf, flag=24004, Task=35149#45290
03-21 08:34:40.983 18860 18860 I [SCPMV2][SystemMonitorReceiver]: onReceive: android.intent.action.BATTERY_CHANGED
03-21 08:34:40.983  1885  1960 I HYPER-HAL: [RequestManager.cpp]acquire(): Acquired ID : 59737932  [10913 / 17]    HINT : APP_START    list : [TIMEOUT / 1500] 
03-21 08:34:40.984  1885  1960 I HYPER-HAL: [RequestManager.cpp]acquire(): Acquired ID : 4209561  [2691 / 210]    HINT : APP_LAUNCH    list : 
03-21 08:34:40.985  4068  4068 I NotificationManager: com.android.systemui: notify(2131364006, charging_state, Notification(channel=CHR shortcut=null contentView=null vibrate=null sound=null defaults=0 flags=ONGOING_EVENT|ONLY_ALERT_ONCE color=0x00000000 category=sys groupKey=CHARGING vis=PUBLIC semFlags=0x0 semPriority=0 semMissedCount=0)) as user
03-21 08:34:40.985  2691  5537 D ActivityTaskManager: DesktopModeLaunchParamsModifier: task=Task{3c23feb #35149 type=standard A=10749:com.ifs.stoppai} activity=ActivityRecord{257547312 u0 com.ifs.stoppai/.ui.MainActivity t-1} non-desktop, skipping
03-21 08:34:40.985  2691  5537 D ActivityTaskManager: TaskLaunchParamsModifier:task=Task{3c23feb #35149 type=standard A=10749:com.ifs.stoppai} activity=ActivityRecord{257547312 u0 com.ifs.stoppai/.ui.MainActivity t-1} display-from-task=0 display-id=0 task-display-area-windowing-mode=1 suggested-display-area=DefaultTaskDisplayArea_d0@17074128 inherit-from-task=fullscreen non-freeform-task-display-area display-area=DefaultTaskDisplayArea_d0@17074128 default-portrait freeform-size-mismatch=Rect(81, 549 - 999, 1707)
03-21 08:34:40.985  2691  5537 V WindowManager: Collecting in transition 3915: Task{3c23feb #35149 type=standard A=10749:com.ifs.stoppai}, caller=com.android.server.wm.Transition.collectExistenceChange:40 com.android.server.wm.ActivityStarter.startActivityInner:293 com.android.server.wm.ActivityStarter.startActivityUnchecked:111 com.android.server.wm.ActivityStarter.executeRequest:3559 com.android.server.wm.ActivityStarter.execute:1752 
03-21 08:34:40.986  2691  5537 W OptProp : Cannot read opt property android.window.PROPERTY_COMPAT_ALLOW_ORIENTATION_OVERRIDE
03-21 08:34:40.986  1993  2127 I SurfaceFlinger: id=45291 createSurf, flag=84004, ActivityRecord{257547312 u0 com.ifs.stoppai/.ui.MainActivity t35149}#45291
03-21 08:34:40.986  2691  6424 W PermissionService: getPermissionFlags: Unknown user -1
03-21 08:34:40.986  2691  6424 W PermissionService: getPermissionFlags: Unknown user -1
03-21 08:34:40.986 10913 10913 I SemDvfsHyPerManager: acquire hyper - APP_START_SHORT/10913@17, type = -999
03-21 08:34:40.987  1885  1960 I HYPER-HAL: [RequestManager.cpp]acquire(): Acquired ID : 59737932  [10913 / 17]    HINT : APP_START    list : [TIMEOUT / 1500] 
03-21 08:34:40.987 11503 11658 I Routine@Core[4.9.04.13]: RunningNotificationUpdater: update
03-21 08:34:40.987  2691  4220 D KNOX_MDM_SettingsProvider: isChangeAllowed() : name = ltc_highsoc_exceed_time
03-21 08:34:40.987  2691  4220 D KNOX_MDM_SettingsProvider: edmUri: content://com.sec.knox.provider/RestrictionPolicy3
03-21 08:34:40.987  2691  4220 D KNOX_MDM_SettingsProvider: projectionArgs: isSettingsChangesAllowed
03-21 08:34:40.987  2691  4220 D KNOX_MDM_SettingsProvider: selectionArgs: false
03-21 08:34:40.987  2691  4220 D KNOX_MDM_SettingsProvider: selectionArgs: 10040
03-21 08:34:40.987  2691  4220 D SecContentProvider: query(), uri = 17 selection = isSettingsChangesAllowed
03-21 08:34:40.987  2691  4220 D SecContentProvider: called from android.uid.systemui:10040
03-21 08:34:40.987  2691  4220 D RestrictionPolicy: isSettingsChangesAllowedAsUser, userId 0 : true
03-21 08:34:40.987  2691  4220 D KNOX_MDM_SettingsProvider: ret = 1
03-21 08:34:40.987  2691  5537 D ActivityTaskManager: scheduleTopResumedActivityChanged, onTop=false, r=ActivityRecord{50596031 u0 com.sec.android.app.launcher/.activities.LauncherActivity t34584}, caller=com.android.server.wm.ActivityTaskSupervisor.scheduleTopResumedActivityStateLossIfNeeded:19 com.android.server.wm.ActivityTaskSupervisor.updateTopResumedActivityIfNeeded:20 com.android.server.wm.TaskDisplayArea.positionChildAt:252 com.android.server.wm.Task.moveToFront:40 com.android.server.wm.ActivityStarter.startActivityInner:315 com.android.server.wm.ActivityStarter.startActivityUnchecked:111 
03-21 08:34:40.987  2691  5537 V WindowManager: Checking theme of starting window: 0x7f0f021f
03-21 08:34:40.987  2691  5537 V WindowManager: Translucent=false Floating=false ShowWallpaper=false Disable=false
03-21 08:34:40.987  2691  6424 I BatteryService_BatteryPropertiesRegistrar: [getProperty]id:4
03-21 08:34:40.987  2691  6424 I BatteryService_BatteryPropertiesRegistrar: [getProperty]prop.long:-9223372036854775808 ,prop.string:null
03-21 08:34:40.987  2691  5537 D ActivityTaskManager: addStartingWindow: type=2 typeParameter=8b
03-21 08:34:40.987  2691  5537 V WindowManager: Creating SplashScreenStartingData
03-21 08:34:40.988  2691  5537 V WindowManager: Add starting ActivityRecord{257547312 u0 com.ifs.stoppai/.ui.MainActivity t35149}: startingData=SplashScreenStartingData{b8e9f4 removeAfterTransaction= 0}
03-21 08:34:40.988  2691  5537 V WindowManager: Added starting ActivityRecord{257547312 u0 com.ifs.stoppai/.ui.MainActivity t35149}: startingWindow=null startingView=com.android.server.wm.StartingSurfaceController$StartingSurface@cbc251d
03-21 08:34:40.989  2691  5537 V WindowManager: Collecting in transition 3915: ActivityRecord{257547312 u0 com.ifs.stoppai/.ui.MainActivity t35149}, caller=com.android.server.wm.Transition.collectExistenceChange:40 com.android.server.wm.ActivityStarter.handleStartResult:761 com.android.server.wm.ActivityStarter.startActivityUnchecked:124 com.android.server.wm.ActivityStarter.executeRequest:3559 com.android.server.wm.ActivityStarter.execute:1752 
03-21 08:34:40.989  2691  5537 V WindowManager: Requesting StartTransition: TransitionRecord{a6207c4 id=3915 type=OPEN flags=0x0 c=[
03-21 08:34:40.989  2691  5537 V WindowManager:    ChangeInfo{1b4c163 container=DefaultTaskDisplayArea_d0@17074128 flags=0x0}
03-21 08:34:40.989  2691  5537 V WindowManager:    ChangeInfo{274b160 container=Task{3c23feb #35149 type=standard A=10749:com.ifs.stoppai} flags=0x0}
03-21 08:34:40.989  2691  5537 V WindowManager:    ChangeInfo{9faf619 container=Display{#0 state=ON size=1080x2316 ROTATION_0} flags=0x0}
03-21 08:34:40.989  2691  5537 V WindowManager:    ChangeInfo{72c96de container=ActivityRecord{257547312 u0 com.ifs.stoppai/.ui.MainActivity t35149} flags=0x0}
03-21 08:34:40.989  2691  5537 V WindowManager: ]
03-21 08:34:40.989  2691  5537 V WindowManager: }, caller=com.android.server.wm.ActivityStarter.handleStartResult:982 com.android.server.wm.ActivityStarter.startActivityUnchecked:124 com.android.server.wm.ActivityStarter.executeRequest:3559 com.android.server.wm.ActivityStarter.execute:1752 com.android.server.wm.ActivityTaskManagerService.startActivityAsUser:95 
03-21 08:34:40.989  1207  1207 W keymint_tee: [WRN]begin req PARAMS: A32, BM2, PD64, 
03-21 08:34:40.989  2691  5537 I Pageboost: stop alp
03-21 08:34:40.989  2691  5537 I ActivityTaskManager: START u0 {flg=0x10000000 xflg=0x5 cmp=com.ifs.stoppai/.ui.MainActivity} with LAUNCH_MULTIPLE from uid 2000 (BAL_ALLOW_PERMISSION) result code=0
03-21 08:34:40.989  2691  5537 I SemDvfsHyPerManager: acquire hyper - AMS_APP_LAUNCH/2691@25, type = -999
03-21 08:34:40.990  4068  4068 I AODBatteryManager: updateBatteryData: ACTION_BATTERY_CHANGED: true, isSleepModeChanged:false ,isRemainingTimeChanged: false, isUSBRestriction: false
03-21 08:34:40.990  4068  4068 I AODBatteryManager: saveBatteryData : AOD BatteryData [mBatteryLevel=68, mBatteryStatus=CHARGING, mBatteryPlugType=USB, mBatteryPlugged=true, mRemainingChargeTime=9499000, mBatteryChargingType=1, mBatteryChargerType=NORMAL, mBatteryOnline=USB, mBatterySwellingMode=NONE, mBatteryProtectMode=false, mBatteryProtectModeType=0, mSleepChargingEvent=null, mSleepChargingEventFinishTime=null, mBatteryHealth=2, mIsDirectPowerMode=false, mIsUsbRestriction=false]
03-21 08:34:40.990  4068  4068 I ChargingInfoManager: updateChargingInfo: newState = AOD ChargingInfo [mState=BATTERY_AND_REMAIN_TIME, mIsCharging=true, mIsPlugged=true, mIsFullyCharged=false, mIsBatteryProtectMode=false, mBetteryLevel=68, mBetteryProtectModeType0, mIsSlowChargingfalse], oldState = AOD ChargingInfo [mState=BATTERY_AND_REMAIN_TIME, mIsCharging=true, mIsPlugged=true, mIsFullyCharged=false, mIsBatteryProtectMode=false, mBetteryLevel=69, mBetteryProtectModeType0, mIsSlowChargingfalse]
03-21 08:34:40.990  4068  4068 I AODBatteryManager: updateBatteryData: ACTION_BATTERY_CHANGED: false, isSleepModeChanged:false ,isRemainingTimeChanged: true, isUSBRestriction: false
03-21 08:34:40.990  4068  4068 I ChargingInfoManager: updateChargingInfo: newState = AOD ChargingInfo [mState=BATTERY_AND_REMAIN_TIME, mIsCharging=true, mIsPlugged=true, mIsFullyCharged=false, mIsBatteryProtectMode=false, mBetteryLevel=68, mBetteryProtectModeType0, mIsSlowChargingfalse], oldState = AOD ChargingInfo [mState=BATTERY_AND_REMAIN_TIME, mIsCharging=true, mIsPlugged=true, mIsFullyCharged=false, mIsBatteryProtectMode=false, mBetteryLevel=68, mBetteryProtectModeType0, mIsSlowChargingfalse]
03-21 08:34:40.990  4068  4068 D PowerUI : Remaining charging time : 9531
03-21 08:34:40.990  4068  4068 D PowerUI : Charging time is changed, check charging notification
03-21 08:34:40.991  1207  1207 D keymint_swd: keymint_swd keymint [WRN] (km_add_tag:528) skip: non repetable tag already exists with different value: 268435458
03-21 08:34:40.991  1207  1207 D keymint_swd: keymint_swd keymint [WRN] (swd_run_cb:267) swd_begin() returns 0
03-21 08:34:40.991  1207  1207 D android.hardware.security.keymint-service: begin: ret 0
03-21 08:34:40.992  1203  5823 I keystore2: system/security/keystore2/src/security_level.rs:466 - In create_operation. Success to create IKeystoreOperation. 10517, None
03-21 08:34:40.992  1885  1960 I HYPER-HAL: [RequestManager.cpp]acquire(): Acquired ID : 3689711  [2691 / 25]    HINT : AMS_APP_LAUNCH    list : 
03-21 08:34:40.992  4884  4884 E pageboostd: Received HALT command code 2
03-21 08:34:40.993  4518  4518 I HoneySpace.Launcher: !@Boot_EBS_D: Launcher.onPause()
03-21 08:34:40.993  4518 32359 I HoneySpace.SPayHandler: updateSpayHandler launcher activity is paused false
03-21 08:34:40.993  4518  4518 I HoneySpace.Launcher: updateLauncherShowing true -> false
03-21 08:34:40.994  4068  4157 V WindowManagerShell: Transition requested (#3915): android.os.BinderProxy@95186cc TransitionRequestInfo { type = OPEN, triggerTask = TaskInfo{userId=0 taskId=35149 effectiveUid=10749 displayId=0 isRunning=true baseIntent=Intent { flg=0x10000000 cmp=com.ifs.stoppai/.ui.MainActivity } baseActivity=ComponentInfo{com.ifs.stoppai/com.ifs.stoppai.ui.MainActivity} topActivity=ComponentInfo{com.ifs.stoppai/com.ifs.stoppai.ui.MainActivity} origActivity=null realActivity=ComponentInfo{com.ifs.stoppai/com.ifs.stoppai.ui.MainActivity} numActivities=1 lastActiveTime=539303764 supportsMultiWindow=true resizeMode=1 isResizeable=true minWidth=-1 minHeight=-1 maxWidth=-1 maxHeight=-1 defaultMinSize=220 desktopDefaultMinSize=304 token=WCT{android.window.IWindowContainerToken$Stub$Proxy@c90bd15} topActivityType=1 pictureInPictureParams=null shouldDockBigOverlays=false launchIntoPipHostTaskId=-1 lastParentTaskIdBeforePip=-1 displayCutoutSafeInsets=Rect(0, 75 - 0, 0) topActivityInfo=ActivityInfo{67b182a com.ifs.stoppai.ui.MainActivity} launchCookies=[] positionInParent=Point(0, 0) parentTaskId=-1 isFocused=false isVisible=false isVisibleRequested=false isTopActivityNoDisplay=false isSleeping=false locusId=null displayAreaFeatureId=1 isTopActivityTransparent=false isActivityStackTransparent=false lastNonFullscreenBounds=Rect(81, 549 - 999, 1707) capturedLink=null capturedLinkTimestamp=0 requestedVisibleTypes=-9 topActivityRequestOpenInBrowserEducationTimestamp=0 appCompatTaskInfo=AppCompatTaskInfo { topActivityInSizeCompat=false eligibleForLetterboxEducation= false isLetterboxEducationEnabled= false isLetterboxDoubleTapEnabled= false eligibleForUserAspectRatioButton= false topActivityBoundsLetterboxed= false isFromLetterboxDoubleTap= false topActivityLetterboxVerticalPosition= -1 topActivityLetterboxHorizontalPosition= -1 topActivityLetterboxWidth=-1 topActivityLetterboxHeight=-1 topActivityAppBounds=Rect(0, 75 - 1080, 2181) isUserFullscreenOverrideEnabled=false isSystemFullscreenOverrideEnabled=false hasMinAspectRatioOverride=false topActivityLetterboxBounds=null cameraCompatTaskInfo=CameraCompatTaskInfo { freeformCameraCompatMode=inactive} topActivityBounds=null topActivityInDisplayCompat=false singleTapFromLetterbox=false} topActivityMainWindowFrame=null originallySupportedMultiWindow=true hasWallpaper=false rootAffinity=10749:com.ifs.stoppai isTopTaskInStage=false CoverLauncherWidgetTask=false LaunchedFromAppsCoverLauncherTask=false LaunchedFromMultistarCoverLauncherTask=false isAllowedSeamlessRotation=false isTopTransparentActivity=false isAliasManaged=false hasConfigChanged=false snappingGuideBounds=null isAiKeyRemoveAppTask=false lastDesktopWindowingBounds=null lastExternalDesktopWindowingBounds=null safeCutoutInsets=null}, pipChange = null, remoteTransition = null, displayChange = null, flags = 0, debugId = 3915 }
03-21 08:34:40.994  1207  1207 D keymint_swd: keymint_swd keymint [WRN] (swd_run_cb:267) swd_update() returns 0
03-21 08:34:40.994  1207  1207 D android.hardware.security.keymint-service: update: ret 0
03-21 08:34:40.995  4068  4157 V ShellDesktopMode: DesktopTasksController: isDesktopModeShowing: hasVisibleTasks=false hasTopTransparentFullscreenTask=false
03-21 08:34:40.995  4068  4157 V ShellDesktopMode: DesktopTasksController: isDesktopModeShowing: hasVisibleTasks=false hasTopTransparentFullscreenTask=false
03-21 08:34:40.995  4068  4157 D ShellSplitScreen: logExit: no-op, mLoggerSessionId is null
03-21 08:34:40.995  4068  4157 D ShellDesktopMode: handleRequest: TransitionRequestInfo {type=1, tid=35149, debugId=3915}
03-21 08:34:40.996  4068  4068 D PowerUI.Notification: showChargingNotice - There is no change charging status, so return!
03-21 08:34:40.996 10913 10913 I SemDvfsHyPerManager: acquire hyper - APP_START/10913@19, type = -999
03-21 08:34:40.996  4068  4068 D SamsungBatteryMeterDrawable: onBatteryLevelChanged isSomethingChanged: true
03-21 08:34:40.996  4068  4068 D SamsungBatteryMeterDrawable: onBatteryLevelChanged isSomethingChanged: true
03-21 08:34:40.996  4068  4068 D SamsungBatteryMeterDrawable: onBatteryLevelChanged isSomethingChanged: true
03-21 08:34:40.996  1885  1960 I HYPER-HAL: [RequestManager.cpp]acquire(): Acquired ID : 59759797  [10913 / 19]    HINT : APP_START    list : 
03-21 08:34:40.996  4068  4068 D SamsungBatteryMeterDrawable: onBatteryLevelChanged isSomethingChanged: true
03-21 08:34:40.996  4068  4068 D KeyguardUpdateMonitor: handleBatteryUpdate
03-21 08:34:40.996  2691  4220 V WindowManager: Checking theme of starting window: 0x7f0f021f
03-21 08:34:40.996  2691  4220 V WindowManager: Translucent=false Floating=false ShowWallpaper=false Disable=false
03-21 08:34:40.997  2691  4220 V WindowManager: Collecting in transition 3915: ActivityRecord{257547312 u0 com.ifs.stoppai/.ui.MainActivity t35149}, caller=com.android.server.wm.TransitionController.collect:7 com.android.server.wm.ActivityRecord.setVisibility:132 com.android.server.wm.EnsureActivitiesVisibleHelper.process:459 com.android.server.wm.TaskFragment.updateActivityVisibilities:12 com.android.server.wm.Task$$ExternalSyntheticLambda37.accept:37 
03-21 08:34:40.997  1207  1207 D keymint_swd: keymint_swd keymint [WRN] (swd_run_cb:267) swd_finish() returns 0
03-21 08:34:40.997  1207  1207 D android.hardware.security.keymint-service: finish: ret 0
03-21 08:34:40.997  2691  4220 V WindowManager: Collecting in transition 3915: ActivityRecord{50596031 u0 com.sec.android.app.launcher/.activities.LauncherActivity t34584}, caller=com.android.server.wm.TransitionController.collect:7 com.android.server.wm.ActivityRecord.setVisibility:132 com.android.server.wm.ActivityRecord.makeInvisible:32 com.android.server.wm.EnsureActivitiesVisibleHelper.process:542 com.android.server.wm.TaskFragment.updateActivityVisibilities:12 
03-21 08:34:40.997  2691  4220 D WindowManager: prepareSync <SYNC_STATE_WAITING_FOR_DRAW>, mPrepareSyncSeqId=0, win=Window{8b6fa51 u0 com.sec.android.app.launcher/com.sec.android.app.launcher.activities.LauncherActivity}
03-21 08:34:40.997  2691  4220 V WindowManager: Collecting in transition 3915: WallpaperWindowToken{452dc9 showWhenLocked=true}_<lock>, caller=com.android.server.wm.Transition.collect:387 com.android.server.wm.TransitionController.collect:7 com.android.server.wm.ActivityRecord.setVisibility:132 com.android.server.wm.ActivityRecord.makeInvisible:32 com.android.server.wm.EnsureActivitiesVisibleHelper.process:542 
03-21 08:34:40.997  2691  4220 V WindowManager: Collecting in transition 3915: WallpaperWindowToken{df81b39 showWhenLocked=false}_<system>, caller=com.android.server.wm.Transition.collect:410 com.android.server.wm.TransitionController.collect:7 com.android.server.wm.ActivityRecord.setVisibility:132 com.android.server.wm.ActivityRecord.makeInvisible:32 com.android.server.wm.EnsureActivitiesVisibleHelper.process:542 
03-21 08:34:40.997  1993  1993 I SurfaceFlinger: [Task=35149#45290] attach to parent LayerHierarchy{RequestedLayerState{DefaultTaskDisplayArea_d0#10 parentId=9} 19 children}
03-21 08:34:40.997  1993  1993 I SurfaceFlinger: [ActivityRecord{257547312 u0 com.ifs.stoppai/.ui.MainActivity t35149}#45291] attach to parent LayerHierarchy{RequestedLayerState{Task=35149#45290 parentId=10} 1 children}
03-21 08:34:40.997  2691  4220 V WindowManager: Collecting in transition 3915: WallpaperWindowToken{df81b39 showWhenLocked=false}_<system>, caller=com.android.server.wm.TransitionController.collect:7 com.android.server.wm.WallpaperWindowToken.setVisibility:55 com.android.server.wm.WallpaperController.adjustWallpaperWindows:857 com.android.server.wm.RootWindowContainer.applySurfaceChangesTransaction$1:141 com.android.server.wm.RootWindowContainer.performSurfacePlacementNoTrace:59 
03-21 08:34:40.998  4518  4620 I HoneySpace.TopTaskSource: onTaskMovedToFront : taskId = 35149, displayId = 0
03-21 08:34:40.999  1993  2243 I VSyncReactor: Current= 60, Period= 60, Distance= 1
03-21 08:34:40.999  4518  4622 I HoneySpace.TopTaskUseCase: topTasks 35149 ComponentInfo{com.ifs.stoppai/com.ifs.stoppai.ui.MainActivity}[displayId=0]
03-21 08:34:41.000  2691  3332 D InetDiagMessage: Destroyed 1 sockets, proto=IPPROTO_TCP, family=AF_INET, states=14
03-21 08:34:41.000  4068  4157 V ShellDesktopMode: DesktopTasksController: handleFullscreenTaskLaunch
03-21 08:34:41.000  4068  4157 V ShellDesktopMode: DesktopTasksController: isDesktopModeShowing: hasVisibleTasks=false hasTopTransparentFullscreenTask=false
03-21 08:34:41.000  4068  4157 V ShellDesktopMode: DesktopTasksController: handleRequest result=null
03-21 08:34:41.001  2691  3332 D InetDiagMessage: Destroyed 0 sockets, proto=IPPROTO_TCP, family=AF_INET6, states=14
03-21 08:34:41.001  2691  5537 V WindowManager: Starting Transition 3915, caller=com.android.server.wm.WindowOrganizerController.startTransition:47 com.android.server.wm.WindowOrganizerController.startTransition:1 android.window.IWindowOrganizerController$Stub.onTransact:259 
03-21 08:34:41.001  2691  3332 D InetDiagMessage: Destroyed live tcp sockets for uids={10021, 10022, 10029, 10038, 10045, 10055, 10069, 10079, 10080, 10123, 10124, 10143, 10145, 10149, 10154, 10157, 10172, 10198, 10204, 10227, 10229, 10232, 10260, 10290, 10291, 10296, 10307, 10308, 10309, 10310, 10312, 10313, 10315, 10316, 10317, 10323, 10401, 10403, 10404, 10405, 10406, 10409, 10410, 10411, 10413, 10414, 10415, 10416, 10417, 10429, 10444, 10445, 10446, 10447, 10448, 10449, 10450, 10451, 10452, 10453, 10455, 10457, 10458, 10459, 10460, 10461, 10463, 10464, 10466, 10467, 10468, 10471, 10473, 10474, 10475, 10477, 10479, 10480, 10481, 10483, 10484, 10485, 10487, 10488, 10489, 10490, 10492, 10493, 10494, 10495, 10496, 10498, 10502, 10504, 10509, 10518, 10520, 10533, 10536, 10537, 10541, 10543, 10545, 10547, 10549, 10551, 10554, 10560, 10563, 10567, 10568, 10571, 10572, 10575, 10581, 10588, 10591, 10592, 10593, 10594, 10599, 10602, 10605, 10606, 10607, 10614, 10624, 10627, 10632, 10634, 10636, 10643, 10646, 10655, 10656, 10657, 10660, 10683, 10689, 10690, 10691, 10694, 10696, 20021, 20022, 20029, 20038, 20045, 20055, 20069, 20079, 20080, 20123, 20124, 20143, 20145, 20149, 20154, 20157, 20172, 20198, 20204, 20227, 20229, 20232, 20260, 20290, 20291, 20296, 20307, 20308, 20309, 20310, 20312, 20313, 20315, 20316, 20317, 20323, 20401, 20403, 20404, 20405, 20406, 20409, 20410, 20411, 20413, 20414, 20415, 20416, 20417, 20429, 20444, 20445, 20446, 20447, 20448, 20449, 20450, 20451, 20452, 20453, 20455, 20457, 20458, 20459, 20460, 20461, 20463, 20464, 20466, 20467, 20468, 20471, 20473, 20474, 20475, 20477, 20479, 20480, 20481, 20483, 20484, 20485, 20487, 20488, 20489, 20490, 20492, 20493, 20494, 20495, 20496, 20498, 20502, 20504, 20509, 20518, 20520, 20533, 20536, 20537, 20541, 20543, 20545, 20547, 20549, 20551, 20554, 20560, 20563, 20567, 20568, 20571, 20572, 20575, 20581, 20588, 20591, 20592, 20593, 20594, 20599, 20602, 20605, 20606, 20607, 20614, 20624, 20627, 20632, 20634, 20636, 20643, 20646, 20655, 20656, 20657, 20660, 20683, 20689, 20690, 20691, 20694, 20696} in 3ms
03-21 08:34:41.002  4518 22579 I HoneySpace.RecentTasks: onRecentTasksChanged
03-21 08:34:41.004  2691  3867 D RingtoneManager: getActualDefaultRingtoneUri  type    :2
03-21 08:34:41.004  2691  3867 I RingtoneManager: Ringtone value : content://media/internal/audio/media/49?title=Spaceline&canonical=1
03-21 08:34:41.005  2691  3867 W Utils   : The vibration Uri is null.
03-21 08:34:41.005  2691  3867 D RingtoneManager: getActualDefaultRingtoneUri  type    :2
03-21 08:34:41.005 11503 11658 I Routine@Core[4.9.04.13]: RunningNotificationUpdater: updateNotificationImpl: no running routines, then noti cancel
03-21 08:34:41.005  2691  3867 I RingtoneManager: Ringtone value : content://media/internal/audio/media/49?title=Spaceline&canonical=1
03-21 08:34:41.005 11503 11658 I Routine@Core[4.9.04.13]: NotificationUpdateService: Stop no more task
03-21 08:34:41.005  2691  3867 W Utils   : The vibration Uri is null.
03-21 08:34:41.007  4068  4068 D KeyguardSecIndicationController: addTrustAgentHelp false
03-21 08:34:41.007  4068  4068 D KeyguardSecIndicationPolicy:  remove Item pos = DEFAULT, type =     TRUST_AGENT_HELP
03-21 08:34:41.007  4068  4068 D KeyguardSecIndicationController: addUsbRestriction false/isSecure=true
03-21 08:34:41.007  4068  4068 D KeyguardSecIndicationPolicy:  remove Item pos = DEFAULT, type =      USB_RESTRICTION
03-21 08:34:41.007  4068  4068 D KeyguardSecIndicationController: addBatteryAndOwnerInfoIndication() battery status = BatteryStatus{status=2,level=68,plugged=2,chargingStatus=0,maxChargingWattage=-1,remaining=9531000ultraFastCharger=0}
03-21 08:34:41.008  4068  4068 D KeyguardSecIndicationController: addIndicationTimeout() returned - unlocking
03-21 08:34:41.008  4068  4068 D KeyguardSecIndicationController: addIndication() returned - unlocking
03-21 08:34:41.010  4068  4068 W View    : requestLayout() improperly called by com.android.systemui.qs.SecQSGradationDrawableView{8d8c5b1 V.E...... ......ID 0,0-1080,332 #7f0a0a16 app:id/qs_gradation_view} during layout: running second layout pass
03-21 08:34:41.010  4068  4068 W View    : requestLayout() improperly called by android.widget.FrameLayout{86e4a96 V.E...... ......I. 0,0-1080,2316 #2} during layout: running second layout pass
03-21 08:34:41.010  4068  4068 W View    : requestLayout() improperly called by android.widget.FrameLayout{7b3a617 V.E...... ......ID 0,143-1080,2181 #7f0a0a14 app:id/qs_frame} during layout: running second layout pass
03-21 08:34:41.010  4068  4068 W RefactorFlag: New code path expects SceneContainerFlag to be enabled.
03-21 08:34:41.011  2691  2803 D SGM:FgCheckThread: notePauseComponent(), received pkgName: com.sec.android.app.launcher, userId: 0
03-21 08:34:41.012  2691  3911 I CocktailBarManagerServiceContainer: handleMessage: entry what = 6
03-21 08:34:41.014  1993  1993 I SurfaceFlinger: [Display 0 name="Schermo incorporato"#49] setFrameRateCategory: High
03-21 08:34:41.014  2691  3965 D SemWifiTransportLayerMonitor.TcpMonitorHandler: MSG_SAVE_PACKAGE_INFO
03-21 08:34:41.014  2691  3965 D SemWifiTransportLayerFileManager: saveWifiPackageInfoToFile
03-21 08:34:41.014  2691  3965 D SemWifiTransportLayerFileManager: writeWifiPackageInfoList
03-21 08:34:41.015  1993  2243 I VSyncReactor: Current= 60, Period= 60, Distance= 60
03-21 08:34:41.015  1993  1993 I BpBinder: onLastStrongRef automatically unlinking death recipients: 
03-21 08:34:41.015  1807  1807 D Zygote  : Forked child process 11683
03-21 08:34:41.016  5696  5724 V OsAgent : broadcastSystemEvent - 7
03-21 08:34:41.017  2691  2812 I ActivityManager: Start proc 11683:com.ifs.stoppai/u0a749 for next-top-activity {com.ifs.stoppai/com.ifs.stoppai.ui.MainActivity}
03-21 08:34:41.017  2691  2812 D DynamicHiddenApp_BGProtectManager: [SecIpm] it's a ML_TYPE_EMPTYPROCESS protected process com.ifs.stoppai
03-21 08:34:41.017  2691  2812 I ActivityManager: ProcessObserver broadcast disabled
03-21 08:34:41.018  4068  4157 D ShellDesktopMode: [u0] DesktopRepository: Removes freeform task: taskId=35148
03-21 08:34:41.018  2691  5535 D InputDispatcher: Focus left window (0): 8b6fa51 com.sec.android.app.launcher/com.sec.android.app.launcher.activities.LauncherActivity
03-21 08:34:41.018  4068  4157 W ShellDesktopMode: [u0] DesktopRepository: No display id found for task: taskId=35148
03-21 08:34:41.018  4068  4157 D ShellDesktopMode: [u0] DesktopRepository: Removes freeform task: taskId=35148
03-21 08:34:41.018  4068  4157 W ShellDesktopMode: [u0] DesktopRepository: No display id found for task: taskId=35148
03-21 08:34:41.019  4518  4518 I ImeFocusController: onPreWindowFocus: skipped hasWindowFocus=false mHasImeFocus=true
03-21 08:34:41.019  4518  4518 I ImeFocusController: onPostWindowFocus: skipped hasWindowFocus=false mHasImeFocus=true
03-21 08:34:41.019  4518 11547 I HoneySpace.RecentTasks: onRecentTasksChanged
03-21 08:34:41.021  2691  2803 I DisplayDeviceRepository: Display device changed render timings: "Schermo incorporato", renderFrameRate=60.000004, presentationDeadlineNanos=17666666, appVsyncOffsetNanos=16666666, frameRateOverrides=[{uid=10040 frameRateHz=60.000004}, {uid=10146 frameRateHz=60.000004}]
03-21 08:34:41.023  4068  4189 D ViewRootImpl: desktopMode is false
03-21 08:34:41.023  4068  4189 I ViewRootImpl: dVRR is disabled
03-21 08:34:41.023  4068  4219 D NativeCustomFrequencyManager: [NativeCFMS] BpCustomFrequencyManager::BpCustomFrequencyManager()
03-21 08:34:41.023  4518 32359 I HoneySpace.Memory-Monitor: current state = 2, didTrim = false
03-21 08:34:41.029 11503 11657 I Routine@Core[4.9.04.13]: AppFunctionsActionHandler: isSupported: supportStatus = SUPPORTED, tag = appfunction://com.samsung.android.app.reminder.data.crossappactions#TaskFunctions_createTask
03-21 08:34:41.030  4068  4200 D StackScroller: onDisplayChanged for predraw skip to 2
03-21 08:34:41.030 11683 11683 I com.ifs.stoppai: Late-enabling -Xcheck:jni
03-21 08:34:41.031  2691  6424 D WifiDisplayAdapter: isFitToActiveDisplayLocked : false
03-21 08:34:41.033  2691  5535 D InputTransport: Input channel constructed: '66a1a1 ', fd=1145
03-21 08:34:41.033  2691  5535 D InputTransport: Input channel constructed: '66a1a1 ', fd=1185
03-21 08:34:41.033  2691  5535 D InputTransport: Input channel constructed: '66a1a1 ', fd=1096
03-21 08:34:41.033  2691  5535 D InputTransport: Input channel destroyed: '66a1a1 ', fd=1185
03-21 08:34:41.033  2691  5535 D WindowManager: prepareSync <SYNC_STATE_WAITING_FOR_DRAW>, mPrepareSyncSeqId=0, win=Window{66a1a1 u0 Splash Screen com.ifs.stoppai}
03-21 08:34:41.033  1993  2566 I SurfaceFlinger: id=45292 createSurf, flag=84004, 66a1a1 Splash Screen com.ifs.stoppai#45292
03-21 08:34:41.034 11503 11657 I Routine@Core[4.9.04.13]: TASKD/ActionTaskAdapterFactoryImpl: getAdapter - metaId=appfunction://com.sec.android.app.clockpackage.crossappactions#AlarmCrossAppActions_createAlarm(id=415)
03-21 08:34:41.035  2691  5535 D RestrictionPolicy: isScreenCaptureEnabled : ret=true userId=0
03-21 08:34:41.035  2691  5535 V WindowManager: addWindow: ActivityRecord{257547312 u0 com.ifs.stoppai/.ui.MainActivity t35149} startingWindow=Window{66a1a1 u0 Splash Screen com.ifs.stoppai}
03-21 08:34:41.037  2691  5535 V WindowManager: rotationForOrientation(orient=SCREEN_ORIENTATION_UNSPECIFIED (-1), last=ROTATION_0 (0)); user=ROTATION_0 (0) 
03-21 08:34:41.037  2691  5535 D WindowManager: rotationForOrientation, orientationSource=ActivityRecord{257547312 u0 com.ifs.stoppai/.ui.MainActivity t35149}
03-21 08:34:41.037  2691  5535 V WindowManager: Computed rotation=ROTATION_0 (0) for display id=0 based on lastOrientation=SCREEN_ORIENTATION_UNSPECIFIED (-1) and oldRotation=ROTATION_0 (0), caller=com.android.server.wm.DisplayRotation.updateOrientation:79 com.android.server.wm.DisplayContent.updateOrientation:41 com.android.server.wm.WindowManagerService.addWindowInner:690 com.android.server.wm.WindowManagerService.addWindow:1842 com.android.server.wm.Session.addToDisplayAsUser:24 android.view.IWindowSession$Stub.onTransact:757 
03-21 08:34:41.038  2691  5535 D InputTransport: Input channel destroyed: '66a1a1 ', fd=1096
03-21 08:34:41.038  4068  4189 D InputTransport: Input channel constructed: '66a1a1 ', fd=608
03-21 08:34:41.039  4068  4189 I InsetsController: onStateChanged: host=Splash Screen com.ifs.stoppai, from=android.view.ViewRootImpl.onInsetsStateChanged:3026, state=InsetsState: {mDisplayFrame=Rect(0, 0 - 1080, 2316), mDisplayCutout=DisplayCutout{insets=Rect(0, 75 - 0, 0) waterfall=Insets{left=0, top=0, right=0, bottom=0} boundingRect={Bounds=[Rect(0, 0 - 0, 0), Rect(512, 0 - 568, 75), Rect(0, 0 - 0, 0), Rect(0, 0 - 0, 0)]} cutoutPathParserInfo={CutoutPathParserInfo{displayWidth=1080 displayHeight=2316 physicalDisplayWidth=1080 physicalDisplayHeight=2316 density={2.8125} cutoutSpec={M 0,0 H -10 V 26.66666666666667 H 10 V 0 H 0 Z @dp} rotation={0} scale={1.0} physicalPixelDisplaySizeRatio={1.0}}} sideOverrides={}}, mRoundedCorners=RoundedCorners{[RoundedCorner{position=TopLeft, radius=11, center=Point(11, 11)}, RoundedCorner{position=TopRight, radius=11, center=Point(1069, 11)}, RoundedCorner{position=BottomRight, radius=11, center=Point(1069, 2305)}, RoundedCorner{position=BottomLeft, radius=11, center=Point(11, 2305)}]}  mRoundedCornerFrame=Rect(0, 0 - 1080, 2316), mPrivacyIndicatorBounds=PrivacyIndicatorBounds {static bounds=Rect(956, 0 - 1080, 75) rotation=0}, mDisplayShape=DisplayShape{ spec=-311912193 displayWidth=1080 displayHeight=2316 physicalPixelDisplaySizeRatio=0.75 rotation=0 offsetX=0 offsetY=0 scale=1.0}, mSources= { InsetsSource: {922f0001 mType=navigationBars mFrame=[0,2181][1080,2316] mVisible=true mFlags= mSideHint=BOTTOM mBoundingRects=null}, InsetsSource: {922f0004 mType=systemGestures mFrame=[0,0][0,0] mVisible=true mFlags= mSideHint=NONE mBoundingRects=null}, InsetsSource: {922f0005 mType=mandatorySystemGestures mFrame=[0,2181][1080,2316] mVisible=true mFlags= mSideHint=BOTTOM mBoundingRects=null}, InsetsSource: {922f0006 mType=tappableElement mFrame=[0,2181][1080,2316] mVisible=true mFlags= mSideHint=BOTTOM mBoundingRects=null}, InsetsSource: {922f0024 mType=systemGestures mFrame=[0,0][0,0] mVisible=true mFlags= mSideHint=NONE mBoundingRects=null}, InsetsSource: {f18a0000 mType=statusBars mFrame=[0,0][1080,75] mVisible=true mFlags= mSideHint=TOP mBoundingRects=null}, InsetsSource: {f18a0005 mType=mandatorySystemGestures mFrame=[0,0][1080,109] mVisible=true mFlags= mSideHint=TOP mBoundingRects=null}, InsetsSource: {f18a0006 mType=tappableElement mFrame=[0,0][1080,75] mVisible=true mFlags= mSideHint=TOP mBoundingRects=null}, InsetsSource: {3 mType=ime mFrame=[0,0][0,0] mVisible=false mFlags= mSideHint=NONE mBoundingRects=null}, InsetsSource: {27 mType=displayCutout mFrame=[0,0][1080,75] mVisible=true mFlags= mSideHint=TOP mBoundingRects=null} }
03-21 08:34:41.039  4068  4189 I VRI[stoppai]@70730cf: onActiveControlsChanged, removed=false, mAdded=true, caller=android.view.ViewRootImpl.handleInsetsControlChanged:3002 android.view.ViewRootImpl.setView:2014 android.view.WindowManagerGlobal.addView:604 com.android.wm.shell.startingsurface.SplashscreenWindowCreator.addWindow:38 com.android.wm.shell.startingsurface.StartingWindowController$$ExternalSyntheticLambda4.run:1365 
03-21 08:34:41.039  4068  4189 I VRI[stoppai]@70730cf: synced displayState. AttachInfo displayState=2
03-21 08:34:41.039  4068  4189 I VRI[stoppai]@70730cf: setView = android.widget.FrameLayout@7e95251 IsHRR=false mFlingFrameRateChange=0 TM=true
03-21 08:34:41.039  4068  4219 D HWUI    : HWUI - treat SMPTE_170M as sRGB
03-21 08:34:41.041  4068  4068 D DisplayLifecycle: updateDisplay id = 0
03-21 08:34:41.041  2691  5537 I WindowManager: Relayout Window{66a1a1 u0 Splash Screen com.ifs.stoppai}: viewVisibility=0 req=1080x2316 ty=3 d0
03-21 08:34:41.041  1993  2566 I SurfaceFlinger: id=45293 createSurf, flag=44004, Splash Screen com.ifs.stoppai$_4068#45293
03-21 08:34:41.042  2691  5537 D WindowManager: makeSurface duration=1 name=Splash Screen com.ifs.stoppai$_4068
03-21 08:34:41.042  2691  5537 D SurfaceComposerClient: setCornerRadius ## 66a1a1 Splash Screen com.ifs.stoppai#45292 cornerRadius=0.000000
03-21 08:34:41.042  2691  5537 D SurfaceComposerClient: setCornerRadius ## 66a1a1 Splash Screen com.ifs.stoppai#45292 cornerRadius=0.000000
03-21 08:34:41.043  2691  5537 D WindowManager: Changing focus from Window{8b6fa51 u0 com.sec.android.app.launcher/com.sec.android.app.launcher.activities.LauncherActivity} to null displayId=0 Callers=com.android.server.wm.WindowManagerService.relayoutWindow:1350 com.android.server.wm.Session.relayout:27 android.view.IWindowSession$Stub.onTransact:829 com.android.server.wm.Session.onTransact:1 
03-21 08:34:41.043  2691  5537 V SystemKeyManager: updateFocusedWindow() is called, 
03-21 08:34:41.043  2691  5537 I SystemKeyManager: isSystemKeyEventRequested() : focusedWindow is empty.
03-21 08:34:41.043  2691  5537 I SystemKeyManager: isSystemKeyEventRequested() : focusedWindow is empty.
03-21 08:34:41.043  2227  3313 I CameraService: onUidStateChanged: uid=10040, procState is changed. (0 -> 1)
03-21 08:34:41.045  2691  6424 D CoreBackPreview: Window{66a1a1 u0 Splash Screen com.ifs.stoppai}: Setting back callback OnBackInvokedCallbackInfo{mCallback=android.window.IOnBackInvokedCallback$Stub$Proxy@6b2e495, mPriority=0, mIsAnimationCallback=false, mOverrideBehavior=0}
03-21 08:34:41.046  2691  5537 I WindowManager: Relayout hash=66a1a1, pid=4068, syncId=-1: mAttrs={(0,0)(fillxfill) sim={adjust=pan} ty=APPLICATION_STARTING fmt=TRANSLUCENT wanim=0x1030317
03-21 08:34:41.046  2691  5537 I WindowManager:   fl=81030118
03-21 08:34:41.046  2691  5537 I WindowManager:   pfl=10000010
03-21 08:34:41.046  2691  5537 I WindowManager:   apr=18
03-21 08:34:41.046  2691  5537 I WindowManager:   bhv=1
03-21 08:34:41.046  2691  5537 I WindowManager:   fitSides=0
03-21 08:34:41.046  2691  5537 I WindowManager:   frameRateBoostOnTouch=true
03-21 08:34:41.046  2691  5537 I WindowManager:   dvrrWindowFrameRateHint=true naviIconColor=0}
03-21 08:34:41.046  4068  4189 I VRI[stoppai]@70730cf: onActiveControlsChanged, removed=false, mAdded=true, caller=android.view.ViewRootImpl.handleInsetsControlChanged:3002 android.view.ViewRootImpl.relayoutWindow:11629 android.view.ViewRootImpl.performTraversals:4804 android.view.ViewRootImpl.doTraversal:3924 android.view.ViewRootImpl$TraversalRunnable.run:12903 
03-21 08:34:41.047  4068  4189 W libc    : Access denied finding property "vendor.display.enable_optimal_refresh_rate"
03-21 08:34:41.047  4068  4189 I BufferQueueProducer: [](id:fe400000619,api:0,p:-315843472,c:4068) setDequeueTimeout:2077252342
03-21 08:34:41.048  4068  4189 I BLASTBufferQueue_Java: new BLASTBufferQueue, mName= VRI[stoppai]@70730cf mNativeObject= 0xb400007e0d8cdbf0 caller= android.view.ViewRootImpl.updateBlastSurfaceIfNeeded:3585 android.view.ViewRootImpl.relayoutWindow:11685 android.view.ViewRootImpl.performTraversals:4804 android.view.ViewRootImpl.doTraversal:3924 android.view.ViewRootImpl$TraversalRunnable.run:12903 android.view.Choreographer$CallbackRecord.run:1901 android.view.Choreographer$CallbackRecord.run:1910 android.view.Choreographer.doCallbacks:1367 android.view.Choreographer.doFrame:1292 android.view.Choreographer$FrameDisplayEventReceiver.run:1870 
03-21 08:34:41.048  4068  4189 I BLASTBufferQueue_Java: update, w= 1080 h= 2316 mName = VRI[stoppai]@70730cf mNativeObject= 0xb400007e0d8cdbf0 sc.mNativeObject= 0xb400007d4d2bd610 format= -3 caller= android.view.ViewRootImpl.updateBlastSurfaceIfNeeded:3590 android.view.ViewRootImpl.relayoutWindow:11685 android.view.ViewRootImpl.performTraversals:4804 android.view.ViewRootImpl.doTraversal:3924 android.view.ViewRootImpl$TraversalRunnable.run:12903 android.view.Choreographer$CallbackRecord.run:1901 
03-21 08:34:41.048  1993  1993 I SurfaceFlinger: [66a1a1 Splash Screen com.ifs.stoppai#45292] attach to parent LayerHierarchy{RequestedLayerState{ActivityRecord{257547312 u0 com.ifs.stoppai/.ui.MainActivity t35149}#45291 parentId=45290} 1 children}
03-21 08:34:41.048  1993  1993 I SurfaceFlinger: [Splash Screen com.ifs.stoppai$_4068#45293] attach to parent LayerHierarchy{RequestedLayerState{66a1a1 Splash Screen com.ifs.stoppai#45292 parentId=45291} 1 children}
03-21 08:34:41.048  4068  4189 W libc    : Access denied finding property "vendor.display.enable_optimal_refresh_rate"
03-21 08:34:41.049  4068  4189 I VRI[stoppai]@70730cf: Relayout returned: old=(0,0,1080,2316) new=(0,0,1080,2316) relayoutAsync=false req=(1080,2316)0 dur=6 res=0x3 s={true 0xb400007c3d2db010} ch=true seqId=0
03-21 08:34:41.049  4068  4189 I VRI[stoppai]@70730cf: performConfigurationChange setNightDimText nightDimLevel=0
03-21 08:34:41.050  4068  4189 D VRI[stoppai]@70730cf: mThreadedRenderer.initialize() mSurface={isValid=true 0xb400007c3d2db010} hwInitialized=true
03-21 08:34:41.050  4068  4189 D VRI[stoppai]@70730cf: reportNextDraw android.view.ViewRootImpl.performTraversals:5443 android.view.ViewRootImpl.doTraversal:3924 android.view.ViewRootImpl$TraversalRunnable.run:12903 android.view.Choreographer$CallbackRecord.run:1901 android.view.Choreographer$CallbackRecord.run:1910 
03-21 08:34:41.050  4068  4189 D VRI[stoppai]@70730cf: Setup new sync=wmsSync-VRI[stoppai]@70730cf#75
03-21 08:34:41.050  4068  4189 I VRI[stoppai]@70730cf: Creating new active sync group VRI[stoppai]@70730cf#76
03-21 08:34:41.051  4068  4189 D VRI[stoppai]@70730cf: registerCallbacksForSync syncBuffer=false
03-21 08:34:41.051 11683 11683 I com.ifs.stoppai: Using CollectorTypeCMC GC.
03-21 08:34:41.053  2691  3921 D BackgroundInstallControlService: Package event received: 0
03-21 08:34:41.053  4068  4216 D VRI[stoppai]@70730cf: Received frameDrawingCallback syncResult=0 frameNum=1.
03-21 08:34:41.053  4068  4216 I VRI[stoppai]@70730cf: mWNT: t=0xb400007c9d2f9190 mBlastBufferQueue=0xb400007e0d8cdbf0 fn= 1 HdrRenderState mRenderHdrSdrRatio=1.0 caller= android.view.ViewRootImpl$12.onFrameDraw:15441 android.view.ThreadedRenderer$1.onFrameDraw:718 <bottom of call stack> 
03-21 08:34:41.053  4068  4216 I VRI[stoppai]@70730cf: Setting up sync and frameCommitCallback
03-21 08:34:41.055 15298 15303 I adbd    : jdwp connection from 11683
03-21 08:34:41.061  1159  1159 D io_stats: !@   8,0 r 31673859 752883187 w 12896009 147427616 d 3461824 163744616 f 0 1156938 iot 17166472 0 th 0 0 0 pt 0 inp 0 0 282971.197
03-21 08:34:41.061  1159  1159 D io_stats: !@ Read_top(KB): id.app.routines(11503) 23032 ding:background(11405) 6392 .gms.persistent(30601) 2108
03-21 08:34:41.061  1159  1159 D io_stats: !@ Write_top(KB): system_server(2691) 6904 kworker/u16:1(3602) 4276 android.vending(17267) 384
03-21 08:34:41.061 11683 11683 D nativeloader: Load libframework-connectivity-tiramisu-jni.so using APEX ns com_android_tethering for caller /apex/com.android.tethering/javalib/framework-connectivity-t.jar: ok
03-21 08:34:41.063  4068  4219 I BLASTBufferQueue: [VRI[stoppai]@70730cf#1561](f:0,a:0,s:0) onFrameAvailable the first frame is available
03-21 08:34:41.064 11683 11683 D ActivityThread: setConscryptValidator
03-21 08:34:41.064 11683 11683 D ActivityThread: setConscryptValidator - put
03-21 08:34:41.064  4068  4219 I SurfaceComposerClient: apply transaction with the first frame. layerId: 45293, bufferData(ID: 17471927002868, frameNumber: 1)
03-21 08:34:41.064  4068  4219 I VRI[stoppai]@70730cf: Received frameCommittedCallback lastAttemptedDrawFrameNum=1 didProduceBuffer=true
03-21 08:34:41.065  1993  2127 I SurfaceFlinger: [Splash Screen com.ifs.stoppai$_4068#45293] setTransactionState with the first frame. bufferData(ID: 17471927002868, frameNumber: 1)
03-21 08:34:41.065  1993  1993 I SurfaceFlinger: [LayerHierarchy{RequestedLayerState{ImeContainer#15 parentId=155 relativeParentId=155 z=1} 1 children}] RelativeParent to null
03-21 08:34:41.065  4068  4219 D HWUI    : CFMS:: SetUp Pid : 4068    Tid : 4219
03-21 08:34:41.065  4068  4189 D VRI[stoppai]@70730cf: reportDrawFinished seqId=0
03-21 08:34:41.065  2691  5537 D WindowManager: finishDrawingWindow: Window{66a1a1 u0 Splash Screen com.ifs.stoppai} mDrawState=DRAW_PENDING seqId=0
03-21 08:34:41.065  2691  5537 V WindowManager: Finishing drawing window Window{66a1a1 u0 Splash Screen com.ifs.stoppai}: mDrawState=DRAW_PENDING
03-21 08:34:41.065  2691  5537 V WindowManager: Draw state now committed in Window{66a1a1 u0 Splash Screen com.ifs.stoppai}
03-21 08:34:41.067  2691  2804 D SurfaceComposerClient: setCornerRadius ## 66a1a1 Splash Screen com.ifs.stoppai#45292 cornerRadius=0.000000
03-21 08:34:41.068  2691  2804 D BLASTSyncEngine: SyncGroup 3915: Set ready true, caller=com.android.server.wm.BLASTSyncEngine.setReady:32 com.android.server.wm.Transition.applyReady:54 com.android.server.wm.Transition.setReady:72 com.android.server.wm.TransitionController.setReady:6 com.android.server.wm.DisplayContent.executeAppTransition:4 com.android.server.wm.WindowState.performShowLocked:313 
03-21 08:34:41.068  2691  2804 D SurfaceComposerClient: setCornerRadius ## 66a1a1 Splash Screen com.ifs.stoppai#45292 cornerRadius=0.000000
03-21 08:34:41.068  2691  2804 V WindowManager: SyncGroup 3915: Finished!
03-21 08:34:41.067 11405 11520 I Finsky:background: [728] WM::SCH: Logging work initialize for 3-62112
03-21 08:34:41.068  2691  2804 V WindowManager: performShowLocked: mDrawState=HAS_DRAWN in Window{66a1a1 u0 Splash Screen com.ifs.stoppai}
03-21 08:34:41.068  2691  2804 D WindowManagerServiceExt: updateTaskbarTargetIfNeeded: cn=ComponentInfo{com.ifs.stoppai/com.ifs.stoppai.ui.MainActivity} occludesParent=true isInSplitScreenMode=false
03-21 08:34:41.068  2691  2804 D ChangeTransitionController: onTransactionReady: TransitionRecord{a6207c4 id=3915 type=OPEN flags=0x0 c=[
03-21 08:34:41.068  2691  2804 D ChangeTransitionController:    ChangeInfo{1d18113 container=WallpaperWindowToken{452dc9 showWhenLocked=true}_<lock> flags=0x0}
03-21 08:34:41.068  2691  2804 D ChangeTransitionController:    ChangeInfo{1b4c163 container=DefaultTaskDisplayArea_d0@17074128 flags=0x0}
03-21 08:34:41.068  2691  2804 D ChangeTransitionController:    ChangeInfo{339ef50 container=Task{1288751 #34584 type=home I=com.sec.android.app.launcher/.activities.LauncherActivity} flags=0x0}
03-21 08:34:41.068  2691  2804 D ChangeTransitionController:    ChangeInfo{e757549 container=ActivityRecord{50596031 u0 com.sec.android.app.launcher/.activities.LauncherActivity t34584} flags=0x0}
03-21 08:34:41.068  2691  2804 D ChangeTransitionController:    ChangeInfo{274b160 container=Task{3c23feb #35149 type=standard A=10749:com.ifs.stoppai} flags=0x0}
03-21 08:34:41.068  2691  2804 D ChangeTransitionController:    ChangeInfo{1355e4e container=RemoteWallpaperAnim:1:1@108133666 flags=0x0}
03-21 08:34:41.068  2691  2804 D ChangeTransitionController:    ChangeInfo{9faf619 container=Display{#0 state=ON size=1080x2316 ROTATION_0} flags=0x0}
03-21 08:34:41.068  2691  2804 D ChangeTransitionController:    ChangeInfo{4c91b6f container=Task{97f8e3d #1 type=home} flags=0x0}
03-21 08:34:41.068  2691  2804 D ChangeTransitionController:    ChangeInfo{6d6b07c container=WallpaperWindowToken{df81b39 showWhenLocked=false}_<system> flags=0x0}
03-21 08:34:41.068  2691  2804 D ChangeTransitionController:    ChangeInfo{72c96de container=ActivityRecord{257547312 u0 com.ifs.stoppai/.ui.MainActivity t35149} flags=0x0}
03-21 08:34:41.068  2691  2804 D ChangeTransitionController: ]
03-21 08:34:41.068  2691  2804 D ChangeTransitionController: }
03-21 08:34:41.068  2691  2804 V WindowManager: Start calculating TransitionInfo based on participants: {WallpaperWindowToken{452dc9 showWhenLocked=true}_<lock>, ActivityRecord{50596031 u0 com.sec.android.app.launcher/.activities.LauncherActivity t34584}, Task{3c23feb #35149 type=standard A=10749:com.ifs.stoppai}, WallpaperWindowToken{df81b39 showWhenLocked=false}_<system>, ActivityRecord{257547312 u0 com.ifs.stoppai/.ui.MainActivity t35149}}
03-21 08:34:41.068  2691  2804 V WindowManager:   Final targets: [ChangeInfo{274b160 container=Task{3c23feb #35149 type=standard A=10749:com.ifs.stoppai} flags=0x10}, ChangeInfo{4c91b6f container=Task{97f8e3d #1 type=home} flags=0x10}, ChangeInfo{6d6b07c container=WallpaperWindowToken{df81b39 showWhenLocked=false}_<system> flags=0x0}]
03-21 08:34:41.069  1993  2127 I SurfaceFlinger: id=45294 createSurf, flag=84004, Transition Root: Task=35149#45294
03-21 08:34:41.070  2691  2804 I SurfaceControlRegistry: show, t=StartTransaction_SyncId<3915> sc=ActivityRecord{257547312 u0 com.ifs.stoppai/.ui.MainActivity t35149}, caller=android.view.SurfaceControl$Transaction.show:3557 com.android.server.wm.Transition.onTransactionReady:2048 com.android.server.wm.BLASTSyncEngine$SyncGroup.finishNow:240 com.android.server.wm.BLASTSyncEngine.onSurfacePlacement:263 com.android.server.wm.RootWindowContainer.performSurfacePlacementNoTrace:1083 com.android.server.wm.WindowSurfacePlacer.performSurfacePlacement:166 
03-21 08:34:41.070  2691  2804 D SurfaceComposerClient: setCornerRadius ## WallpaperWindowToken{df81b39 showWhenLocked=false}#83 cornerRadius=0.000000
03-21 08:34:41.070  2691  2804 D SurfaceComposerClient: setCornerRadius ## Task=1#53 cornerRadius=0.000000
03-21 08:34:41.071  2691  2804 D SurfaceComposerClient: setCornerRadius ## Task=35149#45290 cornerRadius=0.000000
03-21 08:34:41.071  2691  2804 V WindowManager: Calling onTransitionReady: {id=3915 t=OPEN f=0x0 trk=0 r=[0@Point(0, 0)] c=[
03-21 08:34:41.071  2691  2804 V WindowManager:         {WCT{RemoteToken{2f5ff8b Task{3c23feb #35149 type=standard A=10749:com.ifs.stoppai}}} m=OPEN f=NONE leash=Surface(name=Task=35149)/@0xf171d05 sb=Rect(0, 0 - 1080, 2316) eb=Rect(0, 0 - 1080, 2316) epz=Point(1080, 2316) d=0 taskParent=-1 inset=Rect(0, 75 - 0, 135) dim=true},
03-21 08:34:41.071  2691  2804 V WindowManager:         {WCT{RemoteToken{f4d4f7e Task{97f8e3d #1 type=home}}} m=TO_BACK f=SHOW_WALLPAPER|EDGE_EXTENSION_RESTRICTION leash=Surface(name=Task=1)/@0x5265100 sb=Rect(0, 0 - 1080, 2316) eb=Rect(0, 0 - 1080, 2316) epz=Point(1080, 2316) d=0 taskParent=-1 inset=Rect(0, 75 - 0, 135)},
03-21 08:34:41.071  2691  2804 V WindowManager:         {m=TO_BACK f=IS_WALLPAPER p=WCT{RemoteToken{a1cf187 RemoteWallpaperAnim:1:1@108133666}} leash=Surface(name=WallpaperWindowToken{df81b39 showWhenLocked=false})/@0xccc789f sb=Rect(0, 0 - 1080, 2316) eb=Rect(0, 0 - 1080, 2316) epz=Point(1080, 2316) d=0 inset=Rect(0, 0 - 0, 0)}
03-21 08:34:41.071  2691  2804 V WindowManager:     ]}
03-21 08:34:41.072  2691  2804 I WindowManager: Cancelling animation restarting=true, leash=Surface(name=Surface(name=a012ac0 StatusBar)/@0x41b0049 - animation-leash of insets_animation)/@0xc5fa98
03-21 08:34:41.072  2691  2804 I WindowManager: Reparenting to original parent: Surface(name=WindowToken{5ebc443 type=2000 android.os.BinderProxy@a89f4fd})/@0xb0b8d4e, destroy=false, surface=Surface(name=a012ac0 StatusBar)/@0x41b0049
03-21 08:34:41.072  2691  2804 I WindowManager: Reparenting to leash, surface=Surface(name=a012ac0 StatusBar)/@0x41b0049, leashParent=Surface(name=WindowToken{5ebc443 type=2000 android.os.BinderProxy@a89f4fd})/@0xb0b8d4e
03-21 08:34:41.072  1993  2127 I SurfaceFlinger: id=45295 createSurf, flag=24000, Surface(name=a012ac0 StatusBar)/@0x41b0049 - animation-leash of insets_animation#45295
03-21 08:34:41.072  2691  2800 V WindowManager: Sent Transition (#3915) createdAt=03-21 08:34:40.977 via request=TransitionRequestInfo { type = OPEN, triggerTask = TaskInfo{userId=0 taskId=35149 effectiveUid=10749 displayId=0 isRunning=true baseIntent=Intent { flg=0x10000000 cmp=com.ifs.stoppai/.ui.MainActivity } baseActivity=ComponentInfo{com.ifs.stoppai/com.ifs.stoppai.ui.MainActivity} topActivity=ComponentInfo{com.ifs.stoppai/com.ifs.stoppai.ui.MainActivity} origActivity=null realActivity=ComponentInfo{com.ifs.stoppai/com.ifs.stoppai.ui.MainActivity} numActivities=1 lastActiveTime=539303764 supportsMultiWindow=true resizeMode=1 isResizeable=true minWidth=-1 minHeight=-1 maxWidth=-1 maxHeight=-1 defaultMinSize=220 desktopDefaultMinSize=304 token=WCT{RemoteToken{2f5ff8b Task{3c23feb #35149 type=standard A=10749:com.ifs.stoppai}}} topActivityType=1 pictureInPictureParams=null shouldDockBigOverlays=false launchIntoPipHostTaskId=-1 lastParentTaskIdBeforePip=-1 displayCutoutSafeInsets=Rect(0, 75 - 0, 0) topActivityInfo=ActivityInfo{71c5868 com.ifs.stoppai.ui.MainActivity} launchCookies=[] positionInParent=Point(0, 0) parentTaskId=-1 isFocused=false isVisible=false isVisibleRequested=false isTopActivityNoDisplay=false isSleeping=false locusId=null displayAreaFeatureId=1 isTopActivityTransparent=false isActivityStackTransparent=false lastNonFullscreenBounds=Rect(81, 549 - 999, 1707) capturedLink=null capturedLinkTimestamp=0 requestedVisibleTypes=-9 topActivityRequestOpenInBrowserEducationTimestamp=0 appCompatTaskInfo=AppCompatTaskInfo { topActivityInSizeCompat=false eligibleForLetterboxEducation= false isLetterboxEducationEnabled= false isLetterboxDoubleTapEnabled= false eligibleForUserAspectRatioButton= false topActivityBoundsLetterboxed= false isFromLetterboxDoubleTap= false topActivityLetterboxVerticalPosition= -1 topActivityLetterboxHorizontalPosition= -1 topActivityLetterboxWidth=-1 topActivityLetterboxHeight=-1 topActivityAppBounds=Rect(0, 75 - 1080, 2181) isUserFullscreenOverrideEnabled=false isSystemFullscreenOverrideEnabled=false hasMinAspectRatioOverride=false topActivityLetterboxBounds=null cameraCompatTaskInfo=CameraCompatTaskInfo { freeformCameraCompatMode=inactive} topActivityBounds=null topActivityInDisplayCompat=false singleTapFromLetterbox=false} topActivityMainWindowFrame=null originallySupportedMultiWindow=true hasWallpaper=false rootAffinity=10749:com.ifs.stoppai isTopTaskInStage=false CoverLauncherWidgetTask=false LaunchedFromAppsCoverLauncherTask=false LaunchedFromMultistarCoverLauncherTask=false isAllowedSeamlessRotation=false isTopTransparentActivity=false isAliasManaged=false hasConfigChanged=false snappingGuideBounds=null isAiKeyRemoveAppTask=false lastDesktopWindowingBounds=null lastExternalDesktopWindowingBounds=null safeCutoutInsets=null}, pipChange = null, remoteTransition = null, displayChange = null, flags = 0, debugId = 3915 }
03-21 08:34:41.072  2691  2800 V WindowManager:     startWCT=WindowContainerTransaction { changes= {} hops= [] errorCallbackToken=null taskFragmentOrganizer=null }
03-21 08:34:41.072  2691  2800 V WindowManager:     info={id=3915 t=OPEN f=0x0 trk=0 r=[0@Point(0, 0)] c=[
03-21 08:34:41.072  2691  2800 V WindowManager:         {WCT{RemoteToken{2f5ff8b Task{3c23feb #35149 type=standard A=10749:com.ifs.stoppai}}} m=OPEN f=NONE leash=Surface(name=Task=35149)/@0xf171d05 sb=Rect(0, 0 - 1080, 2316) eb=Rect(0, 0 - 1080, 2316) epz=Point(1080, 2316) d=0 taskParent=-1 inset=Rect(0, 75 - 0, 135) dim=true},
03-21 08:34:41.072  2691  2800 V WindowManager:         {WCT{RemoteToken{f4d4f7e Task{97f8e3d #1 type=home}}} m=TO_BACK f=SHOW_WALLPAPER|EDGE_EXTENSION_RESTRICTION leash=Surface(name=Task=1)/@0x5265100 sb=Rect(0, 0 - 1080, 2316) eb=Rect(0, 0 - 1080, 2316) epz=Point(1080, 2316) d=0 taskParent=-1 inset=Rect(0, 75 - 0, 135)},
03-21 08:34:41.072  2691  2800 V WindowManager:         {m=TO_BACK f=IS_WALLPAPER p=WCT{RemoteToken{a1cf187 RemoteWallpaperAnim:1:1@108133666}} leash=Surface(name=WallpaperWindowToken{df81b39 showWhenLocked=false})/@0xccc789f sb=Rect(0, 0 - 1080, 2316) eb=Rect(0, 0 - 1080, 2316) epz=Point(1080, 2316) d=0 inset=Rect(0, 0 - 0, 0)}
03-21 08:34:41.072  2691  2800 V WindowManager:     ]}
03-21 08:34:41.077  1870  1911 E BatteryDump: !@new_battery_dump : 3866,-1532,475,550,68,245,241,288,244,0,258,273,0,Charging,NO_CHARGING,Normal,Good,USB,1,Normal,0,0,8700,0x0,0x10000,0x0,0,0,0000,0000,00000000,0,0,0,0,692,3953,6838,990,0,
03-21 08:34:41.078  4068  6516 V WindowManagerShell: onTransitionReady(transaction=11557757175474)
03-21 08:34:41.078  4068  4157 V WindowManagerShell: onTransitionReady (#3915) android.os.BinderProxy@95186cc: {id=3915 t=OPEN f=0x0 trk=0 r=[0@Point(0, 0)] c=[
03-21 08:34:41.078  4068  4157 V WindowManagerShell:         {m=OPEN f=NONE leash=Surface(name=Task=35149)/@0xfd2fa89 sb=Rect(0, 0 - 1080, 2316) eb=Rect(0, 0 - 1080, 2316) epz=Point(1080, 2316) d=0 taskParent=-1 inset=Rect(0, 75 - 0, 135) dim=true},
03-21 08:34:41.078  4068  4157 V WindowManagerShell:         {m=TO_BACK f=SHOW_WALLPAPER|EDGE_EXTENSION_RESTRICTION leash=Surface(name=Task=1)/@0x4209a8e sb=Rect(0, 0 - 1080, 2316) eb=Rect(0, 0 - 1080, 2316) epz=Point(1080, 2316) d=0 taskParent=-1 inset=Rect(0, 75 - 0, 135)},
03-21 08:34:41.078  4068  4157 V WindowManagerShell:         {m=TO_BACK f=IS_WALLPAPER p=WCT{android.window.IWindowContainerToken$Stub$Proxy@ae7b645} leash=Surface(name=WallpaperWindowToken{df81b39 showWhenLocked=false})/@0x8cd42af sb=Rect(0, 0 - 1080, 2316) eb=Rect(0, 0 - 1080, 2316) epz=Point(1080, 2316) d=0 inset=Rect(0, 0 - 0, 0)}
03-21 08:34:41.078  4068  4157 V WindowManagerShell:     ]}
03-21 08:34:41.078  2691  2804 D WindowManager: makeSurface duration=7 leash=Surface(name=Surface(name=a012ac0 StatusBar)/@0x41b0049 - animation-leash of insets_animation)/@0xd7ae926
03-21 08:34:41.078  2691  2804 D InsetsSourceProvider: updateControlForTarget: control=InsetsSourceControl: {f18a0000 mType=statusBars initiallyVisible mSurfacePosition=Point(0, 0) mInsetsHint=Insets{left=0, top=75, right=0, bottom=0}}, target=Window{66a1a1 u0 Splash Screen com.ifs.stoppai}, from=com.android.server.wm.InsetsStateController.onControlTargetChanged:83 com.android.server.wm.InsetsPolicy.updateBarControlTarget:212 com.android.server.wm.DisplayPolicy.updateSystemBarAttributes:262 com.android.server.wm.DisplayPolicy.finishPostLayoutPolicyLw:17 com.android.server.wm.RootWindowContainer.applySurfaceChangesTransaction$1:195 
03-21 08:34:41.078  4068  4157 V ShellDesktopMode: DesktopModeLogger: taskInfo map after processing changes 0
03-21 08:34:41.078  2691  2804 I WindowManager: Cancelling animation restarting=true, leash=Surface(name=Surface(name=3fb558 NavigationBar0)/@0x117305a - animation-leash of insets_animation)/@0x1ff4ed6
03-21 08:34:41.078  2691  2804 I WindowManager: Reparenting to original parent: Surface(name=WindowToken{4cf0c35 type=2019 android.os.BinderProxy@bebd179})/@0x737328b, destroy=false, surface=Surface(name=3fb558 NavigationBar0)/@0x117305a
03-21 08:34:41.079  4068  4157 D ShellDesktopMode: DesktopTaskChangeListener: onTaskOpening for taskId=35149, displayId=0
03-21 08:34:41.079  2691  2804 I WindowManager: Reparenting to leash, surface=Surface(name=3fb558 NavigationBar0)/@0x117305a, leashParent=Surface(name=WindowToken{4cf0c35 type=2019 android.os.BinderProxy@bebd179})/@0x737328b
03-21 08:34:41.079  4068  4157 I SurfaceControlRegistry: hide, t=FinishTransaction_SyncId<3915> sc=Task=1, caller=android.view.SurfaceControl$Transaction.hide:3583 com.android.wm.shell.transition.Transitions.dispatchReady:1263 com.android.wm.shell.transition.Transitions.onTransitionReady:251 com.android.wm.shell.transition.Transitions$TransitionPlayerImpl$$ExternalSyntheticLambda0.run:13 android.os.Handler.handleCallback:995 android.os.Handler.dispatchMessage:103 
03-21 08:34:41.079  4068  4157 I SurfaceControlRegistry: show, t=StartTransaction_SyncId<3915> sc=Task=35149, caller=android.view.SurfaceControl$Transaction.show:3557 com.android.wm.shell.transition.Transitions.dispatchReady:1279 com.android.wm.shell.transition.Transitions.onTransitionReady:251 com.android.wm.shell.transition.Transitions$TransitionPlayerImpl$$ExternalSyntheticLambda0.run:13 android.os.Handler.handleCallback:995 android.os.Handler.dispatchMessage:103 
03-21 08:34:41.079  1993  2127 I SurfaceFlinger: id=45296 createSurf, flag=24000, Surface(name=3fb558 NavigationBar0)/@0x117305a - animation-leash of insets_animation#45296
03-21 08:34:41.079  4068  4157 I SurfaceControlRegistry: show, t=FinishTransaction_SyncId<3915> sc=Task=35149, caller=android.view.SurfaceControl$Transaction.show:3557 com.android.wm.shell.transition.Transitions.dispatchReady:1330 com.android.wm.shell.transition.Transitions.onTransitionReady:251 com.android.wm.shell.transition.Transitions$TransitionPlayerImpl$$ExternalSyntheticLambda0.run:13 android.os.Handler.handleCallback:995 android.os.Handler.dispatchMessage:103 
03-21 08:34:41.079  4068  4157 V WindowManagerShell: Playing animation for (#3915) android.os.BinderProxy@95186cc@0
03-21 08:34:41.079  4068  4157 I SurfaceControlRegistry: show, t=StartTransaction_SyncId<3915> sc=Transition Root: Task=35149, caller=android.view.SurfaceControl$Transaction.show:3557 com.android.wm.shell.transition.Transitions.playTransition:79 com.android.wm.shell.transition.Transitions.processReadyQueue:239 com.android.wm.shell.transition.Transitions.dispatchReady:1352 com.android.wm.shell.transition.Transitions.onTransitionReady:251 com.android.wm.shell.transition.Transitions$TransitionPlayerImpl$$ExternalSyntheticLambda0.run:13 
03-21 08:34:41.079  4068  4157 V ShellRecents: RecentsTransitionHandler.startAnimation: no controller found
03-21 08:34:41.079  4068  4157 V ShellDesktopMode: DesktopMixedTransitionHandler: No pending desktop transition
03-21 08:34:41.079  4068  4157 V WindowManagerShell: Transition doesn't have explicit remote, search filters for match for {id=3915 t=OPEN f=0x0 trk=0 r=[0@Point(0, 0)] c=[{m=OPEN f=NONE leash=Surface(name=Task=35149)/@0xfd2fa89 sb=Rect(0, 0 - 1080, 2316) eb=Rect(0, 0 - 1080, 2316) epz=Point(1080, 2316) d=0 taskParent=-1 inset=Rect(0, 75 - 0, 135) dim=true},{m=TO_BACK f=SHOW_WALLPAPER|EDGE_EXTENSION_RESTRICTION leash=Surface(name=Task=1)/@0x4209a8e sb=Rect(0, 0 - 1080, 2316) eb=Rect(0, 0 - 1080, 2316) epz=Point(1080, 2316) d=0 taskParent=-1 inset=Rect(0, 75 - 0, 135)},{m=TO_BACK f=IS_WALLPAPER p=WCT{android.window.IWindowContainerToken$Stub$Proxy@ae7b645} leash=Surface(name=WallpaperWindowToken{df81b39 showWhenLocked=false})/@0x8cd42af sb=Rect(0, 0 - 1080, 2316) eb=Rect(0, 0 - 1080, 2316) epz=Point(1080, 2316) d=0 inset=Rect(0, 0 - 0, 0)}]}
03-21 08:34:41.079  4068  4157 V WindowManagerShell:  Checking filter Pair{{types=[] flags=0x0] notFlags=0x100 checks=[{atype=home independent=true modes=[OPEN,TO_FRONT] flags=NONE mustBeTask=false order=TOP topActivity=ComponentInfo{com.sec.android.app.launcher/com.sec.android.app.launcher.Launcher} launchCookie=null windowingMode=undefined},{atype=recents independent=true modes=[CLOSE,TO_BACK] flags=NONE mustBeTask=false order=ANY topActivity=null launchCookie=null windowingMode=undefined}]} RemoteTransition { remoteTransition = android.window.IRemoteTransition$Stub$Proxy@67a2827, appThread = android.app.IApplicationThread$Stub$Proxy@f692ad4, debugName = QuickstepLaunchHomeFromRecentsflags =NONE }}
03-21 08:34:41.079  4068  4157 V WindowManagerShell:  Checking filter Pair{{types=[] flags=0x0] notFlags=0x100 checks=[{atype=home independent=true modes=[OPEN,TO_FRONT] flags=NONE mustBeTask=false order=TOP topActivity=ComponentInfo{com.sec.android.app.launcher/com.sec.android.app.launcher.Launcher} launchCookie=null windowingMode=undefined},{atype=standard independent=true modes=[CLOSE,TO_BACK] flags=NONE mustBeTask=false order=ANY topActivity=null launchCookie=null windowingMode=undefined}]} RemoteTransition { remoteTransition = android.window.IRemoteTransition$Stub$Proxy@ecc047d, appThread = android.app.IApplicationThread$Stub$Proxy@bea2f72, debugName = QuickstepLaunchHomeflags =NONE }}
03-21 08:34:41.079  4068  4157 V WindowManagerShell:  Delegate animation for (#3915) to null
03-21 08:34:41.079  4068  4157 V WindowManagerShell: start default transition animation, info = {id=3915 t=OPEN f=0x0 trk=0 r=[0@Point(0, 0)] c=[{m=OPEN f=NONE leash=Surface(name=Task=35149)/@0xfd2fa89 sb=Rect(0, 0 - 1080, 2316) eb=Rect(0, 0 - 1080, 2316) epz=Point(1080, 2316) d=0 taskParent=-1 inset=Rect(0, 75 - 0, 135) dim=true},{m=TO_BACK f=SHOW_WALLPAPER|EDGE_EXTENSION_RESTRICTION leash=Surface(name=Task=1)/@0x4209a8e sb=Rect(0, 0 - 1080, 2316) eb=Rect(0, 0 - 1080, 2316) epz=Point(1080, 2316) d=0 taskParent=-1 inset=Rect(0, 75 - 0, 135)},{m=TO_BACK f=IS_WALLPAPER p=WCT{android.window.IWindowContainerToken$Stub$Proxy@ae7b645} leash=Surface(name=WallpaperWindowToken{df81b39 showWhenLocked=false})/@0x8cd42af sb=Rect(0, 0 - 1080, 2316) eb=Rect(0, 0 - 1080, 2316) epz=Point(1080, 2316) d=0 inset=Rect(0, 0 - 0, 0)}]}
03-21 08:34:41.080  2691  2804 D WindowManager: makeSurface duration=1 leash=Surface(name=Surface(name=3fb558 NavigationBar0)/@0x117305a - animation-leash of insets_animation)/@0x1929314
03-21 08:34:41.080  4068  4157 V WindowManagerShell: loadAnimation: anim=android.view.animation.AnimationSet@663b2a8 animAttr=0x13 type=OPEN isEntrance=false
03-21 08:34:41.080  4068  4157 V WindowManagerShell:    wallpaperTransit=WALLPAPER_CLOSE translucent=false
03-21 08:34:41.080  4068  4157 V WindowManagerShell:    change={m=TO_BACK f=SHOW_WALLPAPER|EDGE_EXTENSION_RESTRICTION leash=Surface(name=Task=1)/@0x4209a8e sb=Rect(0, 0 - 1080, 2316) eb=Rect(0, 0 - 1080, 2316) epz=Point(1080, 2316) d=0 taskParent=-1 inset=Rect(0, 75 - 0, 135)}
03-21 08:34:41.080  2691  2804 D InsetsSourceProvider: updateControlForTarget: control=InsetsSourceControl: {922f0001 mType=navigationBars initiallyVisible mSurfacePosition=Point(0, 2181) mInsetsHint=Insets{left=0, top=0, right=0, bottom=135}}, target=Window{66a1a1 u0 Splash Screen com.ifs.stoppai}, from=com.android.server.wm.InsetsStateController.onControlTargetChanged:83 com.android.server.wm.InsetsPolicy.updateBarControlTarget:225 com.android.server.wm.DisplayPolicy.updateSystemBarAttributes:262 com.android.server.wm.DisplayPolicy.finishPostLayoutPolicyLw:17 com.android.server.wm.RootWindowContainer.applySurfaceChangesTransaction$1:195 
03-21 08:34:41.080  2691  2804 D WindowManager: updateSystemBarAttributes: displayId=0, focusedCanBeNavColorWin=false, win=Window{66a1a1 u0 Splash Screen com.ifs.stoppai}, navColorWin=Window{66a1a1 u0 Splash Screen com.ifs.stoppai}, caller=com.android.server.wm.DisplayPolicy.finishPostLayoutPolicyLw:17 com.android.server.wm.RootWindowContainer.applySurfaceChangesTransaction$1:195 com.android.server.wm.RootWindowContainer.performSurfacePlacementNoTrace:59 
03-21 08:34:41.080  2691  2804 D WindowManager: updateSystemBarAttributes, bhv=1, apr=24, statusBarAprRegions=[AppearanceRegion{LIGHT_STATUS_BARS bounds=[0,0][1080,2316]}], requestedVisibilities=-9
03-21 08:34:41.080  4068  4157 V WindowManagerShell: loadAnimation: anim=android.view.animation.AnimationSet@8955154 animAttr=0x12 type=OPEN isEntrance=true
03-21 08:34:41.080  4068  4157 V WindowManagerShell:    wallpaperTransit=WALLPAPER_CLOSE translucent=false
03-21 08:34:41.080  4068  4157 V WindowManagerShell:    change={m=OPEN f=NONE leash=Surface(name=Task=35149)/@0xfd2fa89 sb=Rect(0, 0 - 1080, 2316) eb=Rect(0, 0 - 1080, 2316) epz=Point(1080, 2316) d=0 taskParent=-1 inset=Rect(0, 75 - 0, 135) dim=true}
03-21 08:34:41.080  2691  2804 D SurfaceComposerClient: setCornerRadius ## 66a1a1 Splash Screen com.ifs.stoppai#45292 cornerRadius=0.000000
03-21 08:34:41.080  4068  4157 I SurfaceControlRegistry: apply, t=StartTransaction_SyncId<3915>, caller=android.view.SurfaceControl$Transaction.apply:3459 android.view.SurfaceControl$Transaction.apply:3447 android.view.SurfaceControl$Transaction.apply:3397 com.android.wm.shell.transition.DefaultTransitionHandler.startAnimation:3387 com.android.wm.shell.transition.Transitions.dispatchTransition:90 com.android.wm.shell.transition.Transitions.playTransition:774 
03-21 08:34:41.081  4068  4157 V WindowManagerShell:  animated by com.android.wm.shell.transition.DefaultTransitionHandler@e292edd
03-21 08:34:41.081  1993  1993 I SurfaceFlinger: RequestedLayer [66a1a1 Splash Screen com.ifs.stoppai#45292] hidden!! flag  from(1) --> to(0)
03-21 08:34:41.081  1993  1993 I SurfaceFlinger: RequestedLayer [Splash Screen com.ifs.stoppai$_4068#45293] hidden!! flag  from(1) --> to(0)
03-21 08:34:41.081  1993  1993 I SurfaceFlinger: RequestedLayer [Task=35149#45290] hidden!! flag  from(1) --> to(0)
03-21 08:34:41.081  1993  1993 E SurfaceFlinger: alpha changed 1.000 -> 0.000 - Task=35149#45290
03-21 08:34:41.081  1993  1993 I SurfaceFlinger: RequestedLayer [Transition Root: Task=35149#45294] hidden!! flag  from(1) --> to(0)
03-21 08:34:41.081  1993  1993 I SurfaceFlinger: RequestedLayer [ActivityRecord{257547312 u0 com.ifs.stoppai/.ui.MainActivity t35149}#45291] hidden!! flag  from(1) --> to(0)
03-21 08:34:41.081  1993  1993 I SurfaceFlinger: [LayerHierarchy{RequestedLayerState{Task=1#53 parentId=45294 z=3} 2 children}] reparent to LayerHierarchy{RequestedLayerState{Transition Root: Task=35149#45294 parentId=10 z=16} 1 children}
03-21 08:34:41.081  1993  1993 I SurfaceFlinger: [LayerHierarchy{RequestedLayerState{Task=35149#45290 parentId=45294 z=7} 1 children}] reparent to LayerHierarchy{RequestedLayerState{Transition Root: Task=35149#45294 parentId=10 z=16} 2 children}
03-21 08:34:41.081  1993  1993 I SurfaceFlinger: [Transition Root: Task=35149#45294] attach to parent LayerHierarchy{RequestedLayerState{DefaultTaskDisplayArea_d0#10 parentId=9} 18 children}
03-21 08:34:41.081  1993  1993 I SurfaceFlinger: [Surface(name=a012ac0 StatusBar)/@0x41b0049 - animation-leash of insets_animation#45295] attach to parent LayerHierarchy{RequestedLayerState{WindowToken{5ebc443 type=2000 android.os.BinderProxy@a89f4fd}#107 parentId=17} 2 children}
03-21 08:34:41.081  1993  1993 I SurfaceFlinger: [Surface(name=3fb558 NavigationBar0)/@0x117305a - animation-leash of insets_animation#45296] attach to parent LayerHierarchy{RequestedLayerState{WindowToken{4cf0c35 type=2019 android.os.BinderProxy@bebd179}#103 parentId=34} 2 children}
03-21 08:34:41.082  1993  2127 I SurfaceFlinger: id=45297 createSurf, flag=84000, 6e9a2d7 ActivityRecordInputSink com.ifs.stoppai/.ui.MainActivity#45297
03-21 08:34:41.082  4068  4068 D NavigationBar: onSystemBarAttributesChanged() -  displayId:0, appearance:24, packageName: com.ifs.stoppai (APPEARANCE_LIGHT_STATUS_BARS APPEARANCE_LIGHT_NAVIGATION_BARS ), navbarColorManagedByIme:false
03-21 08:34:41.082  4068  4068 D SamsungLightBarControlHelper: updateNavigationBar (BLACK button) isLightOpaque:false, hasLightNavigationBarFlag:true, packageName:com.ifs.stoppai, DirectReplying:false, NavBarColorMangedByIme:false, ForceDarkForScrim:false, ForceLightForScrim:false, QsCustomizing:false, QsExpanded:false
03-21 08:34:41.084  2691  5537 I ActivityManager: Changes in 10749 19 to 2, 0 to 255
03-21 08:34:41.084  2691  3921 D BackgroundInstallControlService: Package event received: 0
03-21 08:34:41.086  4518 32359 I HoneySpace.RecentTasks: onRunningTaskAppeared
03-21 08:34:41.086  2691  2801 D PkgPredictorService-SecIpmManagerServiceImpl: onForegroundActivitiesChanged pid:11683 uid:10749
03-21 08:34:41.086  4518 32359 I HoneySpace.RecentTasks: onRecentTasksChanged
03-21 08:34:41.087  2691  2801 D SGM:GameManager: identifyForegroundApp. com.sec.android.app.launcher, mCurrentUserId: 0, callerUserId: 0
03-21 08:34:41.087  2691  2801 D SGM:SemGameManager: isForegroundGame(), ret=false
03-21 08:34:41.087  2691  2801 D SGM:GameManager: identifyForegroundApp. com.sec.android.app.launcher, mCurrentUserId: 0, callerUserId: 0
03-21 08:34:41.087  2691  2801 D SGM:SemGameManager: isForegroundGame(), ret=false
03-21 08:34:41.087  2691  2801 D NetworkPolicy: already checked 10749
03-21 08:34:41.087  2691  3845 V NetworkPolicy: getFirewallRuleWifi UID:10749 policy:0
03-21 08:34:41.088  4518  4619 I HoneySpace.TaskbarEventTracker: invokeEvent() called with: event = SystemUiStateChanged(stateFlags=268566528)
03-21 08:34:41.088  4518 11378 I HoneySpace.SystemUiRepository: systemUiFlags: allow_gesture|awake
03-21 08:34:41.088  4068  4168 D SurfaceComposerClient: setCornerRadius ## Task=35149#45290 cornerRadius=8.250000
03-21 08:34:41.089  2691  2691 I WALLPAPER_SVC:SemWallpaperManagerService: isHomeActivityVisible : true 
03-21 08:34:41.089  2691  2691 D WALLPAPER_SVC:WallpaperData: getWallpaperFile: file = /data/system/users/0/wallpaper_orig 
03-21 08:34:41.089  2691  2691 D WALLPAPER_SVC:WallpaperData: getWallpaperFile: file = /data/system/users/0/wallpaper_orig 
03-21 08:34:41.091  2274  2274 W wificond: Failed to get NL80211_ATTR_MAX_NUM_AKM_SUITES
03-21 08:34:41.091  5696  5724 V OsAgent : broadcastSystemEvent - 7
03-21 08:34:41.094 11405 11561 I Finsky:background: [734] SCH: Scheduling phonesky job Id: 3-62112, CT: 1774078480689, Constraints: [{ L: 0, D: 86400000, C: CHARGING_REQUIRED, I: IDLE_REQUIRED, N: NET_UNMETERED, B: BATTERY_ANY }]
03-21 08:34:41.095  8387  8387 I bsws    : onPause
03-21 08:34:41.096  2691  2691 D WALLPAPER_SVC:WallpaperManagerService: dispatchHomeVisibilityChanged: visible = true, connection = com.android.server.wallpaper.WallpaperManagerService$WallpaperConnection@42bd244, systemWallpaper = WallpaperData@d3e4c64, id: 4, which: 5, file mod: 1710888882023, info: null, engine(s): Proxy@25fca60, type = 0, userId = 0, uri= null, allowBackup= true, wallpaperComponent = ComponentInfo{com.android.systemui/com.android.systemui.wallpapers.ImageWallpaper}, nextWallpaperComponent = ComponentInfo{com.android.systemui/com.android.systemui.wallpapers.ImageWallpaper} 
03-21 08:34:41.097  2274  2274 W wificond: Failed to get NL80211_ATTR_MAX_NUM_AKM_SUITES
03-21 08:34:41.098  2274  2274 W wificond: Failed to get NL80211_ATTR_MAX_NUM_AKM_SUITES
03-21 08:34:41.098  1993  1993 I SurfaceFlinger: [LayerHierarchy{RequestedLayerState{3fb558 NavigationBar0#104 parentId=45296} 1 children}] reparent to LayerHierarchy{RequestedLayerState{Surface(name=3fb558 NavigationBar0)/@0x117305a - animation-leash of insets_animation#45296 parentId=103} 1 children}
03-21 08:34:41.098  1993  1993 I SurfaceFlinger: [LayerHierarchy{RequestedLayerState{a012ac0 StatusBar#108 parentId=45295} 1 children}] reparent to LayerHierarchy{RequestedLayerState{Surface(name=a012ac0 StatusBar)/@0x41b0049 - animation-leash of insets_animation#45295 parentId=107} 1 children}
03-21 08:34:41.098  1993  1993 I SurfaceFlinger: [LayerHierarchy{RequestedLayerState{Surface(name=a012ac0 StatusBar)/@0x41b0049 - animation-leash of insets_animation#45282} no children}] reparent to OffscreenRoot
03-21 08:34:41.098  1993  1993 I SurfaceFlinger: [LayerHierarchy{RequestedLayerState{Surface(name=a012ac0 StatusBar)/@0x41b0049 - animation-leash of insets_animation#45282} no children}] RelativeParent to null
03-21 08:34:41.098  1993  1993 I SurfaceFlinger: [LayerHierarchy{RequestedLayerState{Surface(name=3fb558 NavigationBar0)/@0x117305a - animation-leash of insets_animation#45283} no children}] reparent to OffscreenRoot
03-21 08:34:41.098  1993  1993 I SurfaceFlinger: [LayerHierarchy{RequestedLayerState{Surface(name=3fb558 NavigationBar0)/@0x117305a - animation-leash of insets_animation#45283} no children}] RelativeParent to null
03-21 08:34:41.098  1993  1993 I SurfaceFlinger: [6e9a2d7 ActivityRecordInputSink com.ifs.stoppai/.ui.MainActivity#45297] attach to parent LayerHierarchy{RequestedLayerState{ActivityRecord{257547312 u0 com.ifs.stoppai/.ui.MainActivity t35149}#45291 parentId=45290} 2 children}
03-21 08:34:41.098  4068  4168 D SurfaceComposerClient: setCornerRadius ## Task=35149#45290 cornerRadius=8.250000
03-21 08:34:41.098  2274  2274 W wificond: Failed to get NL80211_ATTR_MAX_NUM_AKM_SUITES
03-21 08:34:41.098 10913 11394 I SDHMS:k : onTaskStackChanged
03-21 08:34:41.099 10913 11435 I SDHMS:k : no app is Resumed!!! mResumedPackages.size = 0
03-21 08:34:41.100  4518 11547 I HoneySpace.RecentTasks: onRecentTasksChanged
03-21 08:34:41.101  8276  8319 I Rubin   : [728] A8.b.A(Unknown Source) : Notify com.samsung.android.rubin.inferenceengine.contextanalytics.engine.loggers.AppUsageLogger's database is updated.
03-21 08:34:41.101  2691  5537 D SGM:GameManager: identifyForegroundApp. com.sec.android.app.launcher, mCurrentUserId: 0, callerUserId: 0
03-21 08:34:41.102  2691  2804 I WindowManager: notifyInsetsControlChanged, removed=false, win=Window{66a1a1 u0 Splash Screen com.ifs.stoppai}, caller=com.android.server.wm.InsetsStateController$$ExternalSyntheticLambda1.run:137 com.android.server.wm.WindowAnimator$$ExternalSyntheticLambda2.onTransactionCommitted:26 android.view.SurfaceControl$Transaction$$ExternalSyntheticLambda4.run:0 android.os.Handler.handleCallback:995 android.os.Handler.dispatchMessage:103 android.os.Looper.loopOnce:273 
03-21 08:34:41.102  1993  2127 I SurfaceFlinger: id=45282 Removed Surface(name=a012ac0 StatusBar)/@0x41b0049 - animation-leash of insets_animation#45282 (172)
03-21 08:34:41.102  1993  2127 I SurfaceFlinger: id=45283 Removed Surface(name=3fb558 NavigationBar0)/@0x117305a - animation-leash of insets_animation#45283 (172)
03-21 08:34:41.102 11405 11566 I Finsky:background: [738] SCH: Scheduling 0 system job(s)
03-21 08:34:41.103 10814 10839 I [AirCmd]_ActivitySwitchDetector: onTaskStackChanged : componentName - ComponentInfo{com.sec.android.app.launcher/com.sec.android.app.launcher.Launcher}
03-21 08:34:41.104 11683 11683 D CompatChangeReporter: Compat change id reported: 242716250; UID 10749; state: ENABLED
03-21 08:34:41.114  1993  1993 I SurfaceFlinger: destroyed Surface(name=a012ac0 StatusBar)/@0x41b0049 - animation-leash of insets_animation#45282 form LifecycleManager
03-21 08:34:41.114  1993  1993 I SurfaceFlinger: destroyed Surface(name=3fb558 NavigationBar0)/@0x117305a - animation-leash of insets_animation#45283 form LifecycleManager
03-21 08:34:41.114  1993  1993 I SurfaceFlinger: id=45282 onLayerDestroyed from LayerHierarchyBuilder(RequestedLayerState{Surface(name=a012ac0 StatusBar)/@0x41b0049 - animation-leash of insets_animation#45282 !handle})
03-21 08:34:41.114  1993  1993 I SurfaceFlinger: id=45283 onLayerDestroyed from LayerHierarchyBuilder(RequestedLayerState{Surface(name=3fb558 NavigationBar0)/@0x117305a - animation-leash of insets_animation#45283 !handle})
03-21 08:34:41.115  1993  1993 I Layer   : id=45282 Destroyed Surface(name=a012ac0 StatusBar)/@0x41b0049 - animation-leash of insets_animation#45282
03-21 08:34:41.115  1993  1993 I Layer   : id=45283 Destroyed Surface(name=3fb558 NavigationBar0)/@0x117305a - animation-leash of insets_animation#45283
03-21 08:34:41.117  4068  4168 D SurfaceComposerClient: setCornerRadius ## Task=35149#45290 cornerRadius=8.250000
03-21 08:34:41.120  2691  5537 D SGM:GameManager: identifyGamePackage. com.ifs.stoppai, mCurrentUserId: 0, callingMethodInfo: com.samsung.android.game.IGameManagerService$Stub.onTransact(IGameManagerService.java:247)
03-21 08:34:41.121  8276  8319 I Rubin   : [728] com.samsung.android.rubin.inferenceengine.contextanalytics.engine.monitors.moment.exercise.ExercisingWithCmhMonitor.isSatisfiedByCmh(Unknown Source) : isSatisfiedByCmh is false
03-21 08:34:41.123  4068  4189 I VRI[stoppai]@70730cf: onActiveControlsChanged, removed=false, mAdded=true, caller=android.view.ViewRootImpl.handleInsetsControlChanged:3002 android.view.ViewRootImpl$ViewRootHandler.handleMessageImpl:8352 android.view.ViewRootImpl$ViewRootHandler.handleMessage:8301 android.os.Handler.dispatchMessage:110 android.os.Looper.loopOnce:273 
03-21 08:34:41.123  4068  4189 I InsetsSourceConsumer: applyRequestedVisibilityToControl: visible=true, type=statusBars, host=Splash Screen com.ifs.stoppai
03-21 08:34:41.124  4068  4189 I InsetsSourceConsumer: applyRequestedVisibilityToControl: visible=true, type=navigationBars, host=Splash Screen com.ifs.stoppai
03-21 08:34:41.131  1993  1993 E SurfaceFlinger: alpha changed 0.000 -> 0.170 - Task=35149#45290
03-21 08:34:41.133  4068  4168 D SurfaceComposerClient: setCornerRadius ## Task=35149#45290 cornerRadius=8.250000
03-21 08:34:41.136 11503 11657 I Routine@Core[4.9.04.13]: AppFunctionsActionHandler: isSupported: supportStatus = SUPPORTED, tag = appfunction://com.sec.android.app.clockpackage.crossappactions#AlarmCrossAppActions_createAlarm
03-21 08:34:41.138  1993  1993 D SurfaceFlinger: Display 4630947232161729154 HWC layers:
03-21 08:34:41.138  1993  1993 D SurfaceFlinger:        DEVICE |           17471926973392 | 00000100 | RGBA_8888    |    0.0    0.0 2316.0 1080.0 |    0    0 1080 2316 | Wallpaper BBQ wrapper 5_system#89 (5)
03-21 08:34:41.138  1993  1993 D SurfaceFlinger:        DEVICE |           19404662251014 | 00002100 | RGBA_8888    |    0.0    0.0 1080.0 2316.0 |    0    0 1080 2316 | com.sec.android.app.launcher/com.sec[...]ivities.LauncherActivity$_4518#45281 (25)
03-21 08:34:41.138  1993  1993 D SurfaceFlinger:        CLIENT |           17471927002868 | 00002100 | RGBA_8888    |    0.0    0.0 1080.0 2316.0 |   75  161 1005 2155 | Splash Screen com.ifs.stoppai$_4068#45293 (1)
03-21 08:34:41.138  1993  1993 D SurfaceFlinger:        DEVICE |           17471927002726 | 00002100 | RGBA_8888    |    0.0    0.0 1080.0   75.0 |    0    0 1080   75 | StatusBar$_4068#115 (137144)
03-21 08:34:41.138  1993  1993 D SurfaceFlinger:        DEVICE |           19404662251008 | 00002100 | RGBA_8888    |    0.0    0.0   67.0  342.0 | 1013  310 1080  652 | com.sec.android.app.launcher/com.sam[...]l.app.CocktailBarService$_4518#45277 (1)
03-21 08:34:41.138  1993  1993 D SurfaceFlinger:        DEVICE |           17471927002732 | 00002100 | RGBA_8888    |    0.0    0.0 1080.0  135.0 |  
03-21 08:34:41.138  1993  1993 D SurfaceFlinger:   0 2181 1080 2316 | NavigationBar0$_4068#111 (56291)
03-21 08:34:41.138  1993  1993 D SurfaceFlinger: 
03-21 08:34:41.142 11503 11657 I Routine@Core[4.9.04.13]: TASKD/ActionTaskAdapterFactoryImpl: getAdapter - metaId=appfunction://com.sec.android.app.clockpackage.crossappactions#AlarmCrossAppActions_updateAlarm(id=416)
03-21 08:34:41.145 11683 11683 D nativeloader: Configuring clns-9 for other apk /data/app/~~S5KlC1raZHThrk0132Ho3w==/com.ifs.stoppai-WQB9fYXBwi2qYduUVHpFog==/base.apk. target_sdk_version=34, uses_libraries=, library_path=/data/app/~~S5KlC1raZHThrk0132Ho3w==/com.ifs.stoppai-WQB9fYXBwi2qYduUVHpFog==/lib/arm64, permitted_path=/data:/mnt/expand:/data/user/0/com.ifs.stoppai
03-21 08:34:41.154 11683 11683 V GraphicsEnvironment: Currently set values for:
03-21 08:34:41.154 11683 11683 V GraphicsEnvironment:   angle_gl_driver_selection_pkgs=[]
03-21 08:34:41.154 11683 11683 V GraphicsEnvironment:   angle_gl_driver_selection_values=[]
03-21 08:34:41.154 11683 11683 V GraphicsEnvironment: com.ifs.stoppai is not listed in per-application setting
03-21 08:34:41.154 11683 11683 V GraphicsEnvironment: ANGLE allowlist from config: 
03-21 08:34:41.154 11683 11683 V GraphicsEnvironment: com.ifs.stoppai is not listed in ANGLE allowlist or settings, returning default
03-21 08:34:41.155 11683 11683 V GraphicsEnvironment: App is not on the allowlist for updatable production driver.
03-21 08:34:41.155  4068  4168 D SurfaceComposerClient: setCornerRadius ## Task=35149#45290 cornerRadius=8.250000
03-21 08:34:41.180  4068  4168 D SurfaceComposerClient: setCornerRadius ## Task=35149#45290 cornerRadius=8.250000
03-21 08:34:41.187  4068  4168 D SurfaceComposerClient: setCornerRadius ## Task=35149#45290 cornerRadius=8.250000
03-21 08:34:41.188  2691  2691 I Telecom : SamsungTelecomServiceImpl : isInManagedCall - callingPackage : android / callingUser : UserHandle{0} / hasCrossUserAccess : true
03-21 08:34:41.197  2691  2691 D SmartAlertController: SmartAlert - Found Missed Event
03-21 08:34:41.198  4518 13009 I HoneySpace.NotificationListener: onNotificationPosted com.android.systemui: -1|com.android.systemui|2131364006|charging_state|10040: 0
03-21 08:34:41.198  4518 13009 I HoneySpace.NotificationListener: invalid notification: com.android.systemui UserHandle{-1}: canShowBadge is false
03-21 08:34:41.199  4518 11372 I HoneySpace.BadgeDataSourceImpl: Get notification count. PK(p='com.google.android.gm', u=UserHandle{0}) - forceBadgeCount: false, notification listener: 1, badge provider: 0
03-21 08:34:41.199  4518 11378 I HoneySpace.BadgeDataSourceImpl: Get notification count. PK(p='com.google.android.gm', u=UserHandle{0}) - forceBadgeCount: false, notification listener: 1, badge provider: 0
03-21 08:34:41.205  2691  3332 D BaseRestrictionMgr: Package: com.samsung.android.smartsuggestions, userid: 0, hostingType: job is allowed by freecess, caller is: android
03-21 08:34:41.206  2691  4756 D ActivityManager: unpendingScheduleServiceRestart: u=10117, drop=false
03-21 08:34:41.207  2691  4756 D ActivityManager: unpendingScheduleServiceRestart: u=10117, drop=false
03-21 08:34:41.207  2691  4756 D ActivityManager: unpendingScheduleServiceRestart: u=10117, drop=false
03-21 08:34:41.207  2691  4756 D ActivityManager: unpendingScheduleServiceRestart: u=10117, drop=false
03-21 08:34:41.207  2691  4756 D ActivityManager: unpendingScheduleServiceRestart: u=10117, drop=false
03-21 08:34:41.212  2691  4756 D ActivityManager: unpendingScheduleServiceRestart: u=10117, drop=false
03-21 08:34:41.214 11683 11708 E STOPPAI_CACHE: Caricamento contatti iniziato
03-21 08:34:41.215  2691  6424 I ActivityManager: Changes in 10049 19 to 3, 0 to 144
03-21 08:34:41.216  4068  4068 D SubscreenNotificationListCoordinator: onAfterRenderList() isSubScreen = false, pluginLockMode = 0, doNotShowOnCover = false
03-21 08:34:41.217 11503 11657 I Routine@Core[4.9.04.13]: AppFunctionsActionHandler: isSupported: supportStatus = SUPPORTED, tag = appfunction://com.sec.android.app.clockpackage.crossappactions#AlarmCrossAppActions_updateAlarm
03-21 08:34:41.217  4068  4168 D SurfaceComposerClient: setCornerRadius ## Task=35149#45290 cornerRadius=8.250000
03-21 08:34:41.219  2691  3921 D BackgroundInstallControlService: Package event received: 0
03-21 08:34:41.219  2691  3921 D BackgroundInstallControlService: Package event received: 0
03-21 08:34:41.219  2691  3921 D BackgroundInstallControlService: Package event received: 0
03-21 08:34:41.219  2691  3921 D BackgroundInstallControlService: Package event received: 0
03-21 08:34:41.220  4068  4068 I LockscreenNotificationIconsOnlyController: onNotificationInfoUpdated 0
03-21 08:34:41.220  4068  4068 I AODNotificationManager: updateNotification() 
03-21 08:34:41.224  5696  5724 V OsAgent : broadcastSystemEvent - 7
03-21 08:34:41.225  2691  4220 V WindowManager: Computed rotation=ROTATION_0 (0) for display id=0 based on lastOrientation=SCREEN_ORIENTATION_UNSPECIFIED (-1) and oldRotation=ROTATION_0 (0), caller=com.android.server.wm.DisplayRotation.updateOrientation:79 com.android.server.wm.DisplayContent.updateOrientation:41 com.android.server.wm.DisplayContent.updateOrientationAndComputeConfig:48 com.android.server.wm.RootWindowContainer.ensureVisibilityAndConfig:7 com.android.server.wm.ActivityTaskSupervisor.realStartActivityLocked:182 com.android.server.wm.RootWindowContainer.attachApplication:92 
03-21 08:34:41.226  2691  4220 D SGM:FgCheckThread: notifyAppCreated(), packageName: com.ifs.stoppai, userId: 0, sendRet: true
03-21 08:34:41.226  2691  4220 D SGM:FgCheckThread: TaskStackListener.onTaskFocusChanged(), taskId=34584, focused=false
03-21 08:34:41.226  2691  4220 D SGM:FgCheckThread: TaskStackListener.onTaskFocusChanged(), taskId=35149, focused=true
03-21 08:34:41.226  2691  4220 D SGM:FgCheckThread:   sendRunningComponentFocus(), pkgName: com.ifs.stoppai, userId: 0
03-21 08:34:41.227  2691  4220 D InputDispatcher: Focused application(0): ActivityRecord{257547312 u0 com.ifs.stoppai/.ui.MainActivity t35149}
03-21 08:34:41.227 11503 11657 I Routine@Core[4.9.04.13]: TASKD/ActionTaskAdapterFactoryImpl: getAdapter - metaId=appfunction://com.sec.android.app.clockpackage.crossappactions#StopwatchCrossAppFunctions_resetStopwatch(id=417)
03-21 08:34:41.227  2691  4220 D ActivityTaskManager: scheduleTopResumedActivityChanged, onTop=true, r=ActivityRecord{257547312 u0 com.ifs.stoppai/.ui.MainActivity t35149}, caller=com.android.server.wm.ActivityTaskSupervisor.scheduleTopResumedActivityStateIfNeeded:18 com.android.server.wm.ActivityTaskSupervisor.updateTopResumedActivityIfNeeded:54 com.android.server.wm.TaskFragment.setResumedActivity:30 com.android.server.wm.ActivityRecord.setState:100 com.android.server.wm.ActivityTaskSupervisor.realStartActivityLocked:477 com.android.server.wm.RootWindowContainer.attachApplication:92 
03-21 08:34:41.227  2691  3885 D AS.MultiSoundManager: mForegroundUid = 10749
03-21 08:34:41.227  2691  3393 D SGM:FgCheckThread: onLooperPrepared(), msg: MSG_APP_CREATE, pkgName: com.ifs.stoppai, userId: 0
03-21 08:34:41.227  2691  3393 D SGM:FgCheckThread: onLooperPrepared(), msg: MSG_TASK_FOCUSED, pkgName: com.ifs.stoppai, userId: 0
03-21 08:34:41.227  2691  3393 D SGM:FgCheckThread: handleTaskFocused().
03-21 08:34:41.227  2691  3393 D SGM:FgCheckThread:   handleTaskFocused(), pkgName: com.ifs.stoppai, userID:0
03-21 08:34:41.227  2691  3393 D SGM:FgCheckThread: handleResume().
03-21 08:34:41.228  2691  3393 D SGM:FgCheckThread: sendFocusOutConditionally() - mPrevNotiPkg: (unknown), userId: 0
03-21 08:34:41.228  2691  3393 D SGM:FgCheckThread:   handleResume(). pkgName: com.ifs.stoppai, userId: 0, category: non-game
03-21 08:34:41.228  2691  3393 D SGM:FgCheckThread: notifyFocusInOut(). of pkg: com.ifs.stoppai, type: 4, isSecGameFamily: false, userId: 0
03-21 08:34:41.228  2691  3393 D SGM:FgCheckThread:   notifyFocusInOut(). unexpected mPrevNotiType: -1
03-21 08:34:41.228  2691  3393 D SGM:SystemHelper: callReleaseBlock needReleaseBlock:false
03-21 08:34:41.230  4518  4620 I HoneySpace.TopTaskSource: onTaskFocusChanged(): taskId = 35149
03-21 08:34:41.230 10913 13522 I SDHMS:k : handleResumeComponent : put = com.ifs.stoppai, userid = 0 instanceid =226684871
03-21 08:34:41.231  2691  2803 D SGM:GameManager: identifyGamePackage. com.ifs.stoppai, mCurrentUserId: 0, callingMethodInfo: com.samsung.android.game.SemGameManager.isGamePackage(SemGameManager.java:106)
03-21 08:34:41.231  2691  2803 D SGM:SemGameManager: isGamePackage(), pkgName=com.ifs.stoppai, ret=false
03-21 08:34:41.231  2691  4224 D GraphicsStatsService: requestRenderEngineFor(com.ifs.stoppai)
03-21 08:34:41.231 11683 11683 D ActivityThread: com.ifs.stoppai will use render engine as VK
03-21 08:34:41.231  2691  3873 D MdnieScenarioControlService:  packageName : com.ifs.stoppai    className : com.ifs.stoppai.ui.MainActivity
03-21 08:34:41.231 11683 11683 D HWUI    : HWUI - treat SMPTE_170M as sRGB
03-21 08:34:41.232  2691  3873 V MdnieScenarioControlService: setUIMode from UI function(3)
03-21 08:34:41.232  4068  4168 D SurfaceComposerClient: setCornerRadius ## Task=35149#45290 cornerRadius=8.250000
03-21 08:34:41.232  2691  2803 D SGM:FgCheckThread: noteResumeComponent(), received pkgName: com.ifs.stoppai, userId: 0
03-21 08:34:41.232  2691  3911 I CocktailBarManagerServiceContainer: handleMessage: entry what = 5
03-21 08:34:41.233  4518  4518 I HoneySpace.EdgePanel.CocktailHostRepositoryImpl: onNoteResume
03-21 08:34:41.233  4518  4518 I HoneySpace.EdgePanel.EdgePanelContainerViewModel: cocktailHostRepository.edgePanelOperation NoteResumeComponent(componentName=ComponentInfo{com.ifs.stoppai/com.ifs.stoppai.ui.MainActivity})
03-21 08:34:41.233  4518  4518 I HoneySpace.EdgePanel.ActivityUtils: HomePackage : com.sec.android.app.launcher, resumePackageName : com.ifs.stoppai, className : com.ifs.stoppai.ui.MainActivity
03-21 08:34:41.233  2691  3393 D SGM:FgCheckThread: onLooperPrepared(), msg: MSG_APP_RESUME, pkgName: com.ifs.stoppai, userid: 0
03-21 08:34:41.233  2691  3393 D SGM:FgCheckThread: handleResume().
03-21 08:34:41.233  2691  3393 D SGM:FgCheckThread: sendFocusOutConditionally() - mPrevNotiPkg: (unknown), userId: 0
03-21 08:34:41.233  2691  3393 D SGM:FgCheckThread:   handleResume(). pkgName: com.ifs.stoppai, userId: 0, category: non-game
03-21 08:34:41.233  2691  3393 D SGM:FgCheckThread: notifyFocusInOut(). of pkg: com.ifs.stoppai, type: 4, isSecGameFamily: false, userId: 0
03-21 08:34:41.233  2691  3393 D SGM:FgCheckThread:   notifyFocusInOut(). unexpected mPrevNotiType: -1
03-21 08:34:41.233  2691  3393 D SGM:SystemHelper: callReleaseBlock needReleaseBlock:false
03-21 08:34:41.239  4068  4068 I {OngoingActivityController}: onTaskFocusChanged but OA data is empty
03-21 08:34:41.243 10814 10839 I [AirCmd]_ActivitySwitchDetector: onTaskFocusChanged : taskId=35149, componentName=ComponentInfo{com.ifs.stoppai/com.ifs.stoppai.ui.MainActivity}
03-21 08:34:41.243 10814 10839 I [AirCmd]_ActivitySwitchDetector: onTaskFocusChanged :mTopMostActivity = ComponentInfo{com.sec.android.app.launcher/com.sec.android.app.launcher.Launcher}
03-21 08:34:41.243  2691  2714 I system_server: Background young concurrent mark compact GC freed 51MB AllocSpace bytes, 70(1940KB) LOS objects, 24% free, 149MB/197MB, paused 4.900ms,11.547ms total 222.823ms
03-21 08:34:41.243 10814 10839 I [AirCmd]_CallbackRepeater: stopRepeat : isWorking=false
03-21 08:34:41.243 10814 10839 I [AirCmd]_MediaControlStateMonitor: isForegroundAppSupportsMediaButton : mediaSession is empty
03-21 08:34:41.244 10814 10839 E [AirCmd]_MediaControlStateMonitor: getActiveNotificationPackageName : notification service monitor is null
03-21 08:34:41.244 10814 10839 I [AirCmd]_ButtonEventDetectionThread: enableDoubleClickDetection: enabled= true, doubleClickWaitInterval=300
03-21 08:34:41.246 11683 11683 D AppCompatDelegate: Checking for metadata for AppLocalesMetadataHolderService : Service not found
03-21 08:34:41.248 11683 11730 I DisplayManager: Choreographer implicitly registered for the refresh rate.
03-21 08:34:41.249 11683 11730 D HWUI    : CacheManager constructor. deviceInfo=(1080, 1920)
03-21 08:34:41.250  4068  4168 D SurfaceComposerClient: setCornerRadius ## Task=35149#45290 cornerRadius=8.250000
03-21 08:34:41.251 11683 11683 E ashmem  : Pinning is deprecated since Android Q. Please use trim or other methods.
03-21 08:34:41.252 11683 11730 I AdrenoGLES-0: QUALCOMM build                   : 0c393b63cf, I94e2bd5684
03-21 08:34:41.252 11683 11730 I AdrenoGLES-0: Build Date                       : 05/02/25
03-21 08:34:41.252 11683 11730 I AdrenoGLES-0: OpenGL ES Shader Compiler Version: EV031.36.08.33
03-21 08:34:41.252 11683 11730 I AdrenoGLES-0: Local Branch                     : 
03-21 08:34:41.252 11683 11730 I AdrenoGLES-0: Remote Branch                    : refs/tags/AU_LINUX_ANDROID_LA.VENDOR.1.0.R1.11.00.00.816.269
03-21 08:34:41.252 11683 11730 I AdrenoGLES-0: Remote Branch                    : NONE
03-21 08:34:41.252 11683 11730 I AdrenoGLES-0: Reconstruct Branch               : NOTHING
03-21 08:34:41.252 11683 11730 I AdrenoGLES-0: Build Config                     : S P 12.1.1 AArch64
03-21 08:34:41.252 11683 11730 I AdrenoGLES-0: Driver Path                      : /vendor/lib64/egl/libGLESv2_adreno.so
03-21 08:34:41.252 11683 11730 I AdrenoGLES-0: Driver Version                   : 0615.98
03-21 08:34:41.264 11683 11730 I AdrenoGLES-0: PFP: 0x01730181, ME: 0x00000000
03-21 08:34:41.266  4068  4168 D SurfaceComposerClient: setCornerRadius ## Task=35149#45290 cornerRadius=8.250000
03-21 08:34:41.271 11683 11683 D DesktopModeFlags: Toggle override initialized to: OVERRIDE_UNSET
03-21 08:34:41.271  1006  1006 I hwservicemanager: getTransport: Cannot find entry vendor.qti.qspmhal@1.0::IQspmhal/default in either framework or device VINTF manifest.
03-21 08:34:41.272 11683 11730 W Adreno-AppProfiles: Could not find QSPM HAL service. Skipping adreno profile processing.
03-21 08:34:41.276 11683 11683 I DecorView: setWindowBackground: isPopOver=false color=fffafafa d=android.graphics.drawable.ColorDrawable@ba2ef5f
03-21 08:34:41.280 11683 11683 I com.ifs.stoppai: hiddenapi: Accessing hidden method Landroid/view/View;->computeFitSystemWindows(Landroid/graphics/Rect;Landroid/graphics/Rect;)Z (runtime_flags=0, domain=platform, api=unsupported) from Landroidx/appcompat/widget/ViewUtils; (domain=app, TargetSdkVersion=34) using reflection: allowed
03-21 08:34:41.280 11683 11683 I com.ifs.stoppai: hiddenapi: Accessing hidden method Landroid/view/ViewGroup;->makeOptionalFitsSystemWindows()V (runtime_flags=0, domain=platform, api=unsupported) from Landroidx/appcompat/widget/ViewUtils; (domain=app, TargetSdkVersion=34) using reflection: allowed
03-21 08:34:41.284  4068  4168 D SurfaceComposerClient: setCornerRadius ## Task=35149#45290 cornerRadius=8.250000
03-21 08:34:41.288  2691  2716 W System  : A resource failed to call release. 
03-21 08:34:41.292  2691  5536 D SGM:GameManager: identifyGamePackage. com.ifs.stoppai, mCurrentUserId: 0, callingMethodInfo: com.samsung.android.game.IGameManagerService$Stub.onTransact(IGameManagerService.java:247)
03-21 08:34:41.296 11503 11657 I Routine@Core[4.9.04.13]: AppFunctionsActionHandler: isSupported: supportStatus = SUPPORTED, tag = appfunction://com.sec.android.app.clockpackage.crossappactions#StopwatchCrossAppFunctions_resetStopwatch
03-21 08:34:41.298  4068  4168 D SurfaceComposerClient: setCornerRadius ## Task=35149#45290 cornerRadius=8.250000
03-21 08:34:41.299  2691  3921 D BackgroundInstallControlService: Package event received: 0
03-21 08:34:41.300  2691  2802 D KNOX_MDM_SettingsProvider: isChangeAllowed() : name = enabled_notification_listeners
03-21 08:34:41.301 11503 11657 I Routine@Core[4.9.04.13]: TASKD/ActionTaskAdapterFactoryImpl: getAdapter - metaId=appfunction://com.sec.android.app.clockpackage.crossappactions#StopwatchCrossAppFunctions_startStopwatch(id=418)
03-21 08:34:41.308 11683 11708 D CompatChangeReporter: Compat change id reported: 247079863; UID 10749; state: ENABLED
03-21 08:34:41.309  2691  3921 D BackgroundInstallControlService: Package event received: 0
03-21 08:34:41.316  4068  4168 D SurfaceComposerClient: setCornerRadius ## Task=35149#45290 cornerRadius=8.250000
03-21 08:34:41.333  2691  3873 V MdnieScenarioControlService: mAclOffEnabled : false
03-21 08:34:41.334  1872 29455 I sensors-hal: handle_sns_std_sensor_event:311, [SSC_LIGHT] P: 50(50),m:7,c:273,b:190,c0:9392,l:33,f(r):108,u(bl):127,j:51
03-21 08:34:41.336  4068  4168 D SurfaceComposerClient: setCornerRadius ## Task=35149#45290 cornerRadius=8.250000
03-21 08:34:41.339  2691  5536 D WifiNl80211Manager: Scan result ready event
03-21 08:34:41.341  2888  4043 I LOWI-9.0.1.67: [LOWI-Scan] lowi_close_record:Scan done in 539230591ms, 2 APs in scan results
03-21 08:34:41.344  2691  5536 D WifiNative: Scan result ready event
03-21 08:34:41.346  2691  3853 D WificondScannerImpl: Filtering out 1 scan results.
03-21 08:34:41.346  2691  3853 I WifiScanner: onFullResults
03-21 08:34:41.346 11683 11683 E STOPPAI_TEST: Cache contatti: 0
03-21 08:34:41.346  2691  3853 I WifiScanner: onFullResults
03-21 08:34:41.346  2691  3853 I WifiScanner: onFullResults
03-21 08:34:41.346  2691  3853 I WifiScanner: onFullResults
03-21 08:34:41.346 11683 11683 E STOPPAI_TEST: Cache dopo reload: 0
03-21 08:34:41.347 11683 11709 E STOPPAI_CACHE: Caricamento contatti iniziato
03-21 08:34:41.347 30601  2195 I WifiScanner: onFullResults
03-21 08:34:41.347 30601 30848 I WifiScanner: onFullResults
03-21 08:34:41.348  2691  4279 I SLocation: ReceiverPairWithWifi - handle Wifi Scans ID = 82
03-21 08:34:41.348  2691  4279 I SLocation: ReceiverPairWithWifi - handle Wifi Scans ID = 83
03-21 08:34:41.348  2691  3929 V SemWifiScanPool: updateScanResult, partial scan:1 configKeys: 3 pool_bssid:8 pool_configKeys:6
03-21 08:34:41.348  2691  4279 D SLocation: LocationProviderStatus - try to update provider status (GPS/NLP)
03-21 08:34:41.348  2691  4279 D SLocation: LocationProviderStatus - set isGpsOn : true, isNlpOn : true
03-21 08:34:41.348  2691  4279 D SLocation: LocationProviderStatus - gps & nlp status not changed
03-21 08:34:41.348  2691  4279 D SLocation: GeofenceCoreManager - geofence core command pending size : 2
03-21 08:34:41.348  2691  4279 D SLocation: GeofenceCoreRecovery - removeGeofenceInfo id = 15000
03-21 08:34:41.348  2691  4279 D SLocation: SLocationCoreSem - send to coreSem, packet length : 3 / [17, 58, 152]
03-21 08:34:41.348  2691  4279 D SemContextLocationCoreAttribute: setAttribute() mode : 0 action : 23
03-21 08:34:41.348  2691  4279 D SemContextService: lock : changeParameters
03-21 08:34:41.348  2691  4279 D SemContext.CaeProvider.LocationCoreImpl: setAttribute() mode : 0 action : 23
03-21 08:34:41.348  2691  4279 W CAE     : setCAProperty(ContextAwareService.java:509) - [setProperty 01] Mutex is locked for SLOCATION_RUNNER
03-21 08:34:41.348  4068  4168 D SurfaceComposerClient: setCornerRadius ## Task=35149#45290 cornerRadius=8.250000
03-21 08:34:41.349  2691  4279 I CAE     : setPropertyValue(SLocationRunner.java:116) - SLocationRunner setProperty header : 17, len : 3
03-21 08:34:41.349  2691  3838 D SensorService: setSContextDataLocked ints length 3 , byte length 6
03-21 08:34:41.349  2691  3838 D SensorService: setSContextDataLocked 113717c1
03-21 08:34:41.349  1872  1872 I sensors-hal: inject_sensor_data:555, handle 1501 send inject
03-21 08:34:41.349  1872  1872 I sensors-hal: sendContextData:285, sensor hal 6, (0xc1, 0x17, 0x37, 0x11)
03-21 08:34:41.349  1872  1872 E sensors-hal: sendContextData:131, slocationcore h 193 m 23 s 55
03-21 08:34:41.349  1872  1872 I sensors-hal: sendUserData:117, slocationcore sendUserData
03-21 08:34:41.349  1872  1872 E sensors-hal: create_send_context_data:62, slocationcore create_send_context_data
03-21 08:34:41.349  1872  1872 I sensors-hal: send_context_data:618, slocationcore, 4986366670857974562, 1320970896291267344, msgid:700
03-21 08:34:41.350  2691  4279 W CAE     : setCAProperty(ContextAwareService.java:515) - [setProperty 02] Mutex is unlocked for SLOCATION_RUNNER
03-21 08:34:41.350  2691  4279 D SemContextService: unlock : changeParameters
03-21 08:34:41.350  2691  4279 D SemContextManager:   .changeParameters : listener = Z.i@115c963, service=SLocation Core
03-21 08:34:41.350  2691  4279 D SLocation: GeofenceCoreManager - geofence core command pending size : 1
03-21 08:34:41.350  1989  2017 E HeatmapThread: ECT Thread time in milliseconds: 1774078481
03-21 08:34:41.350  2691  4279 D SLocation: GeofenceCoreRecovery - storeGeofenceInfo 1 id = 15000, radius = 90621
03-21 08:34:41.350  1989  2017 D HeatmapThread: !@ batteryplugType : 0
03-21 08:34:41.350  2691  4279 D SLocation: SLocationCoreSem - send to coreSem, packet length : 16 / [16, 58, 152, 27, 73, 0, 53, 7, 170, 57, 72, 0, 1, 97, 253, 1]
03-21 08:34:41.350  1989  2017 D HeatmapThread: !@ batteryLevel : 0  batteryTemperature : 0 
03-21 08:34:41.350  1989  2017 D HeatmapThread: !@ Heatmap currtime: 29567974
03-21 08:34:41.350  2691  4279 D SemContextLocationCoreAttribute: setAttribute() mode : 0 action : 23
03-21 08:34:41.350  1989  2017 D HeatmapThread: !@ Heatmap prevtime: 29567950
03-21 08:34:41.350  1989  2017 D HeatmapThread: !@ Heatmap plugstarttime: 35791394
03-21 08:34:41.350  2691  4279 D SemContextService: lock : changeParameters
03-21 08:34:41.350  1989  2017 D HeatmapThread: !@ Heatmap prevv_dsoh_update_time: 29558986
03-21 08:34:41.350  2691  4279 D SemContext.CaeProvider.LocationCoreImpl: setAttribute() mode : 0 action : 23
03-21 08:34:41.351  1989  2017 E HeatmapThread: !@Could not open '/efs/FactoryApp/bsoh', errno = 13
03-21 08:34:41.351  1989  2017 E HeatmapThread: !@ CAM Could not access BSOH EFS
03-21 08:34:41.351  1989  2017 E HeatmapThread: !@ CAM New BSOH: 0
03-21 08:34:41.351  1872 18891 I sensors-hal: ssc_conn_resp_cb:833, resp_value = 0
03-21 08:34:41.351  1872 18891 E sensors-hal: handle_sns_client_event:76, slocationcore_event: msgid:1025
03-21 08:34:41.351  2691  4279 W CAE     : setCAProperty(ContextAwareService.java:509) - [setProperty 01] Mutex is locked for SLOCATION_RUNNER
03-21 08:34:41.352  1872 18891 E sensors-hal: handle_sns_client_event:76, slocationcore_event: msgid:1025
03-21 08:34:41.352  2691  3832 D CAE     : onGetSensorHubData(SensorHubParserProvider.java:92) - onGetSensorHubData Event [event buffer len :36], AP_WAKEUP
03-21 08:34:41.352  2691  3832 I CAE     : parse(SensorHubParserProvider.java:188) - buffer size = 36
03-21 08:34:41.352  2691  3832 I CAE     : parse(SensorHubParserProvider.java:199) - 1, 1, 55, 0, 31, 5, 7, 2, 0, 0, 0, 0, 1, -97, -98, 112, 5, 1, 0, 0, 0, 100, 1, -97, -98, 112, 7, 2, 0, 0, 0, 9, 1, -97, -63, -104,
03-21 08:34:41.352  2691  3832 I CAE     : parse(SLocationRunner.java:88) - SLocationRunner parse start : 3
03-21 08:34:41.353 11683 11714 E STOPPAI_CACHE: Caricamento contatti iniziato
03-21 08:34:41.353  2691  3832 D CAE     : display(ContextProvider.java:375) - ================= SLOCATION_RUNNER =================
03-21 08:34:41.353  2691  4279 I CAE     : setPropertyValue(SLocationRunner.java:116) - SLocationRunner setProperty header : 16, len : 16
03-21 08:34:41.353  2691  3832 I CAE     : display(ContextProvider.java:391) - ExtraDataArray=[1, 1, 55, 0, 31, 5, 7, 2, 0, 0, 0, 0, 1, -97, -98, 112, 5, 1, 0, 0, 0, 100, 1, -97, -98, 112, 7, 2, 0, 0, 0, 9, 1, -97, -63, -104]
03-21 08:34:41.353  2691  3838 D SensorService: setSContextDataLocked ints length 6 , byte length 19
03-21 08:34:41.353  2691  3832 I CAE     : parse(SLocationRunner.java:96) - SLocationRunner parse end:36
03-21 08:34:41.353  2691  3832 D CAE     : onGetSensorHubData(SensorHubParserProvider.java:92) - onGetSensorHubData Event [event buffer len :10], AP_WAKEUP
03-21 08:34:41.353  2691  3832 I CAE     : parse(SensorHubParserProvider.java:188) - buffer size = 10
03-21 08:34:41.353  2691  3832 I CAE     : parse(SensorHubParserProvider.java:199) - 1, 1, 55, 0, 5, 2, 17, 0, 58, -104,
03-21 08:34:41.353  2691  3829 D SemContextService: Service.updateContext() : service = SLocation Core
03-21 08:34:41.353  2691  3832 I CAE     : parse(SLocationRunner.java:88) - SLocationRunner parse start : 3
03-21 08:34:41.353  2691  3832 D CAE     : display(ContextProvider.java:375) - ================= SLOCATION_RUNNER =================
03-21 08:34:41.353  2691  3832 I CAE     : display(ContextProvider.java:391) - ExtraDataArray=[1, 1, 55, 0, 5, 2, 17, 0, 58, -104]
03-21 08:34:41.354  2691  3838 D SensorService: setSContextDataLocked 103717c1
03-21 08:34:41.354  2691  3832 I CAE     : parse(SLocationRunner.java:96) - SLocationRunner parse end:10
03-21 08:34:41.354  2691  2691 D SemContextManager: onSemContextChanged() : event = SLocation Core
03-21 08:34:41.354  1872  1872 I sensors-hal: inject_sensor_data:555, handle 1501 send inject
03-21 08:34:41.354  2691  2691 D SLocation: SensorHubWrapper - SemContextChanged type = 47, packet received
03-21 08:34:41.354  1872  1872 I sensors-hal: sendContextData:285, sensor hal 19, (0xc1, 0x17, 0x37, 0x10)
03-21 08:34:41.354  1872  1872 E sensors-hal: sendContextData:131, slocationcore h 193 m 23 s 55
03-21 08:34:41.354  1872  1872 I sensors-hal: sendUserData:117, slocationcore sendUserData
03-21 08:34:41.354  1872  1872 E sensors-hal: create_send_context_data:62, slocationcore create_send_context_data
03-21 08:34:41.354  1872  1872 I sensors-hal: send_context_data:618, slocationcore, 4986366670857974562, 1320970896291267344, msgid:700
03-21 08:34:41.354  2691  3829 D SemContextService: Service.updateContext() : service = SLocation Core
03-21 08:34:41.354 11683 11683 D ViewRootImpl: desktopMode is false
03-21 08:34:41.354  2691  4279 W CAE     : setCAProperty(ContextAwareService.java:515) - [setProperty 02] Mutex is unlocked for SLOCATION_RUNNER
03-21 08:34:41.354  2691  4279 D SemContextService: unlock : changeParameters
03-21 08:34:41.354  2691  2691 D SemContextManager: onSemContextChanged() : event = SLocation Core
03-21 08:34:41.354  2691  2691 D SLocation: SensorHubWrapper - SemContextChanged type = 47, packet received
03-21 08:34:41.356  1872 18891 I sensors-hal: ssc_conn_resp_cb:833, resp_value = 0
03-21 08:34:41.356  1872 18891 E sensors-hal: handle_sns_client_event:76, slocationcore_event: msgid:1025
03-21 08:34:41.356 11503 11657 I Routine@Core[4.9.04.13]: AppFunctionsActionHandler: isSupported: supportStatus = SUPPORTED, tag = appfunction://com.sec.android.app.clockpackage.crossappactions#StopwatchCrossAppFunctions_startStopwatch
03-21 08:34:41.356  2691  4279 D SemContextManager:   .changeParameters : listener = Z.i@115c963, service=SLocation Core
03-21 08:34:41.356  2691  4279 D SLocation: GeofenceCoreManager - received Extra Data from core, len : 31
03-21 08:34:41.356  2691  4279 D SLocation: CommonCoreManager - received Extra Data from core, len : 31
03-21 08:34:41.357  2691  4279 D SLocation: GeofenceCoreManager - received Extra Data from core, len : 5
03-21 08:34:41.357  2691  4279 D SLocation: GeofenceCoreManager - handleCommandCallback - GEOFENCE_REMOVE SUCCESS
03-21 08:34:41.357  2691  4279 I SLocation: SHardwareManager - handleRemoveCallback : GEOFENCE_SUCCESS, id = 15000
03-21 08:34:41.357  2691  4279 D SLocation: CommonCoreManager - received Extra Data from core, len : 5
03-21 08:34:41.359 11503 11657 I Routine@Core[4.9.04.13]: TASKD/ActionTaskAdapterFactoryImpl: getAdapter - metaId=appfunction://com.sec.android.app.clockpackage.crossappactions#AlarmCrossAppActions_findAlarms(id=419)
03-21 08:34:41.359  2691  3832 D CAE     : onGetSensorHubData(SensorHubParserProvider.java:92) - onGetSensorHubData Event [event buffer len :10], AP_WAKEUP
03-21 08:34:41.359  2691  3832 I CAE     : parse(SensorHubParserProvider.java:188) - buffer size = 10
03-21 08:34:41.359  2691  3832 I CAE     : parse(SensorHubParserProvider.java:199) - 1, 1, 55, 0, 5, 2, 16, 0, 58, -104,
03-21 08:34:41.359  2691  3832 I CAE     : parse(SLocationRunner.java:88) - SLocationRunner parse start : 3
03-21 08:34:41.359  2691  3832 D CAE     : display(ContextProvider.java:375) - ================= SLOCATION_RUNNER =================
03-21 08:34:41.359  2691  3832 I CAE     : display(ContextProvider.java:391) - ExtraDataArray=[1, 1, 55, 0, 5, 2, 16, 0, 58, -104]
03-21 08:34:41.359  2691  3832 I CAE     : parse(SLocationRunner.java:96) - SLocationRunner parse end:10
03-21 08:34:41.359  2691  3829 D SemContextService: Service.updateContext() : service = SLocation Core
03-21 08:34:41.360  2691  2691 D SemContextManager: onSemContextChanged() : event = SLocation Core
03-21 08:34:41.360  2691  2691 D SLocation: SensorHubWrapper - SemContextChanged type = 47, packet received
03-21 08:34:41.360  2691  4279 D SLocation: GeofenceCoreManager - received Extra Data from core, len : 5
03-21 08:34:41.360  2691  4279 D SLocation: GeofenceCoreManager - handleCommandCallback - GEOFENCE_ADD SUCCESS
03-21 08:34:41.360  2691  4279 I SLocation: SHardwareManager - handleAddCallback : GEOFENCE_SUCCESS id = 15000
03-21 08:34:41.360  2691  4279 D SLocation: CommonCoreManager - received Extra Data from core, len : 5
03-21 08:34:41.360 11683 11683 I ViewRootImpl: dVRR is disabled
03-21 08:34:41.361 11683 11683 D HardwareRenderer: onDisplayChanged. displayId=0 current wxh=1080x2316 mLargest wxh=0x0
03-21 08:34:41.362 11683 11683 D HardwareRenderer: Set largestWidth and largestHeight as logical resolution. (1080x2316)
03-21 08:34:41.362 11683 11730 D HWUI    : setMaxSurfaceArea requested wxh=(1080,2316) requestedSurfaceArea(2501280) mMaxSurfaceArea(2073600)
03-21 08:34:41.362 11683 11730 D NativeCustomFrequencyManager: [NativeCFMS] BpCustomFrequencyManager::BpCustomFrequencyManager()
03-21 08:34:41.365  4068  4168 D SurfaceComposerClient: setCornerRadius ## Task=35149#45290 cornerRadius=8.250000
03-21 08:34:41.369  2691  3439 D InputTransport: Input channel constructed: '40573ce', fd=1354
03-21 08:34:41.369  2691  3439 D InputTransport: Input channel constructed: '40573ce', fd=1362
03-21 08:34:41.369  2691  3439 D InputTransport: Input channel constructed: '40573ce', fd=1370
03-21 08:34:41.369  2691  3439 D InputTransport: Input channel destroyed: '40573ce', fd=1362
03-21 08:34:41.369  1993  2127 I SurfaceFlinger: id=45298 createSurf, flag=84004, 40573ce com.ifs.stoppai/com.ifs.stoppai.ui.MainActivity#45298
03-21 08:34:41.369  2691  3439 D RestrictionPolicy: isScreenCaptureEnabled : ret=true userId=0
03-21 08:34:41.369  2691  3439 D RestrictionPolicy: isScreenCaptureEnabled : ret=true userId=0
03-21 08:34:41.370  2691  3439 D InputTransport: Input channel destroyed: '40573ce', fd=1370
03-21 08:34:41.370 11683 11683 D InputTransport: Input channel constructed: '40573ce', fd=127
03-21 08:34:41.371 11683 11683 I InsetsController: onStateChanged: host=com.ifs.stoppai/com.ifs.stoppai.ui.MainActivity, from=android.view.ViewRootImpl.onInsetsStateChanged:3026, state=InsetsState: {mDisplayFrame=Rect(0, 0 - 1080, 2316), mDisplayCutout=DisplayCutout{insets=Rect(0, 75 - 0, 0) waterfall=Insets{left=0, top=0, right=0, bottom=0} boundingRect={Bounds=[Rect(0, 0 - 0, 0), Rect(512, 0 - 568, 75), Rect(0, 0 - 0, 0), Rect(0, 0 - 0, 0)]} cutoutPathParserInfo={CutoutPathParserInfo{displayWidth=1080 displayHeight=2316 physicalDisplayWidth=1080 physicalDisplayHeight=2316 density={2.8125} cutoutSpec={M 0,0 H -10 V 26.66666666666667 H 10 V 0 H 0 Z @dp} rotation={0} scale={1.0} physicalPixelDisplaySizeRatio={1.0}}} sideOverrides={}}, mRoundedCorners=RoundedCorners{[RoundedCorner{position=TopLeft, radius=11, center=Point(11, 11)}, RoundedCorner{position=TopRight, radius=11, center=Point(1069, 11)}, RoundedCorner{position=BottomRight, radius=11, center=Point(1069, 2305)}, RoundedCorner{position=BottomLeft, radius=11, center=Point(11, 2305)}]}  mRoundedCornerFrame=Rect(0, 0 - 1080, 2316), mPrivacyIndicatorBounds=PrivacyIndicatorBounds {static bounds=Rect(956, 0 - 1080, 75) rotation=0}, mDisplayShape=DisplayShape{ spec=-311912193 displayWidth=1080 displayHeight=2316 physicalPixelDisplaySizeRatio=0.75 rotation=0 offsetX=0 offsetY=0 scale=1.0}, mSources= { InsetsSource: {922f0001 mType=navigationBars mFrame=[0,2181][1080,2316] mVisible=true mFlags= mSideHint=BOTTOM mBoundingRects=null}, InsetsSource: {922f0004 mType=systemGestures mFrame=[0,0][0,0] mVisible=true mFlags= mSideHint=NONE mBoundingRects=null}, InsetsSource: {922f0005 mType=mandatorySystemGestures mFrame=[0,2181][1080,2316] mVisible=true mFlags= mSideHint=BOTTOM mBoundingRects=null}, InsetsSource: {922f0006 mType=tappableElement mFrame=[0,2181][1080,2316] mVisible=true mFlags= mSideHint=BOTTOM mBoundingRects=null}, InsetsSource: {922f0024 mType=systemGestures mFrame=[0,0][0,0] mVisible=true mFlags= mSideHint=NONE mBoundingRects=null}, InsetsSource: {f18a0000 mType=statusBars mFrame=[0,0][1080,75] mVisible=true mFlags= mSideHint=TOP mBoundingRects=null}, InsetsSource: {f18a0005 mType=mandatorySystemGestures mFrame=[0,0][1080,109] mVisible=true mFlags= mSideHint=TOP mBoundingRects=null}, InsetsSource: {f18a0006 mType=tappableElement mFrame=[0,0][1080,75] mVisible=true mFlags= mSideHint=TOP mBoundingRects=null}, InsetsSource: {3 mType=ime mFrame=[0,0][0,0] mVisible=false mFlags= mSideHint=NONE mBoundingRects=null}, InsetsSource: {27 mType=displayCutout mFrame=[0,0][1080,75] mVisible=true mFlags= mSideHint=TOP mBoundingRects=null} }
03-21 08:34:41.372 11683 11683 I VRI[MainActivity]@8d0f7ec: synced displayState. AttachInfo displayState=2
03-21 08:34:41.373 11683 11683 I VRI[MainActivity]@8d0f7ec: setView = com.android.internal.policy.DecorView@2ffbe97 IsHRR=false mFlingFrameRateChange=0 TM=true
03-21 08:34:41.373 11683 11683 I IDS_TAG : Clearing training data of com.ifs.stoppai.core.StoppAiApp@4800eaa
03-21 08:34:41.378 11683 11683 I IDS_TAG : Starting IDS observe window
03-21 08:34:41.378 11683 11683 I IDS_TAG : Getting Shared Preference for com.ifs.stoppai.core.StoppAiApp@4800eaa uid = 10749
03-21 08:34:41.378 11683 11683 I IDS_TAG : App com.ifs.stoppai.core.StoppAiApp@4800eaa has not finished training
03-21 08:34:41.379 11683 11730 D HWUI    : HWUI - treat SMPTE_170M as sRGB
03-21 08:34:41.380 11683 11683 I IDS_TAG : Closing IDS observe window
03-21 08:34:41.380 11683 11683 I IDS_TAG : Getting Shared Preference for com.ifs.stoppai.core.StoppAiApp@4800eaa uid = 10749
03-21 08:34:41.380 11683 11683 I IDS_TAG : IDS count updated to 1 for com.ifs.stoppai.core.StoppAiApp@4800eaa
03-21 08:34:41.381  1993  1993 I SurfaceFlinger: [40573ce com.ifs.stoppai/com.ifs.stoppai.ui.MainActivity#45298] attach to parent LayerHierarchy{RequestedLayerState{ActivityRecord{257547312 u0 com.ifs.stoppai/.ui.MainActivity t35149}#45291 parentId=45290} 3 children}
03-21 08:34:41.381  4068  4168 D SurfaceComposerClient: setCornerRadius ## Task=35149#45290 cornerRadius=8.250000
03-21 08:34:41.389  2691  6425 D CoreBackPreview: Window{40573ce u0 com.ifs.stoppai/com.ifs.stoppai.ui.MainActivity}: Setting back callback OnBackInvokedCallbackInfo{mCallback=android.window.IOnBackInvokedCallback$Stub$Proxy@a08feda, mPriority=0, mIsAnimationCallback=false, mOverrideBehavior=0}
03-21 08:34:41.393  2691  3848 D WifiStaIfaceHidlImpl: getCachedScanData is not implemented by HIDL
03-21 08:34:41.398  1993  1993 I SurfaceFlinger: RequestedLayer [40573ce com.ifs.stoppai/com.ifs.stoppai.ui.MainActivity#45298] hidden!! flag  from(1) --> to(0)
03-21 08:34:41.398  4068  4168 D SurfaceComposerClient: setCornerRadius ## Task=35149#45290 cornerRadius=8.250000
03-21 08:34:41.400  2691  6425 I WindowManager: Relayout Window{40573ce u0 com.ifs.stoppai/com.ifs.stoppai.ui.MainActivity}: viewVisibility=0 req=1080x2316 ty=1 d0
03-21 08:34:41.400  1993  2127 I SurfaceFlinger: id=45299 createSurf, flag=44004, com.ifs.stoppai/com.ifs.stoppai.ui.MainActivity$_11683#45299
03-21 08:34:41.400  2691  6425 D WindowManager: makeSurface duration=1 name=com.ifs.stoppai/com.ifs.stoppai.ui.MainActivity$_11683
03-21 08:34:41.401  2691  6425 D SurfaceComposerClient: setCornerRadius ## 66a1a1 Splash Screen com.ifs.stoppai#45292 cornerRadius=0.000000
03-21 08:34:41.401  2691  6425 D SurfaceComposerClient: setCornerRadius ## 40573ce com.ifs.stoppai/com.ifs.stoppai.ui.MainActivity#45298 cornerRadius=0.000000
03-21 08:34:41.401  4068  4068 D Bubbles : onEntryUpdated : shouldBubbleUp=false ,key=-1|com.android.systemui|2131364006|charging_state|10040
03-21 08:34:41.402  4068  4068 D InterruptionStateProvider:  no Heads up : edgelighting enabled app. -1|com.android.systemui|2131364006|charging_state|10040
03-21 08:34:41.402  4068  4068 I {OngoingActivityController}: onEntryUpdated and OA data is empty. So update latest task info
03-21 08:34:41.403  2691  6425 D SurfaceComposerClient: setCornerRadius ## 66a1a1 Splash Screen com.ifs.stoppai#45292 cornerRadius=0.000000
03-21 08:34:41.403  2691  6425 D SurfaceComposerClient: setCornerRadius ## 40573ce com.ifs.stoppai/com.ifs.stoppai.ui.MainActivity#45298 cornerRadius=0.000000
03-21 08:34:41.404  2691  6425 D WindowManager: Changing focus from null to Window{40573ce u0 com.ifs.stoppai/com.ifs.stoppai.ui.MainActivity} displayId=0 Callers=com.android.server.wm.WindowManagerService.relayoutWindow:1350 com.android.server.wm.Session.relayout:27 android.view.IWindowSession$Stub.onTransact:829 com.android.server.wm.Session.onTransact:1 
03-21 08:34:41.404  2691  6425 I WindowManager: Cancelling animation restarting=true, leash=Surface(name=Surface(name=a012ac0 StatusBar)/@0x41b0049 - animation-leash of insets_animation)/@0xd7ae926
03-21 08:34:41.404  2691  6425 I WindowManager: Reparenting to original parent: Surface(name=WindowToken{5ebc443 type=2000 android.os.BinderProxy@a89f4fd})/@0xb0b8d4e, destroy=false, surface=Surface(name=a012ac0 StatusBar)/@0x41b0049
03-21 08:34:41.404  2691  6425 I WindowManager: Reparenting to leash, surface=Surface(name=a012ac0 StatusBar)/@0x41b0049, leashParent=Surface(name=WindowToken{5ebc443 type=2000 android.os.BinderProxy@a89f4fd})/@0xb0b8d4e
03-21 08:34:41.404  1993  2127 I SurfaceFlinger: id=45300 createSurf, flag=24000, Surface(name=a012ac0 StatusBar)/@0x41b0049 - animation-leash of insets_animation#45300
03-21 08:34:41.404  2691  6425 D WindowManager: makeSurface duration=0 leash=Surface(name=Surface(name=a012ac0 StatusBar)/@0x41b0049 - animation-leash of insets_animation)/@0x4cfc1e8
03-21 08:34:41.405  2691  6425 D InsetsSourceProvider: updateControlForTarget: control=InsetsSourceControl: {f18a0000 mType=statusBars initiallyVisible mSurfacePosition=Point(0, 0) mInsetsHint=Insets{left=0, top=75, right=0, bottom=0}}, target=Window{40573ce u0 com.ifs.stoppai/com.ifs.stoppai.ui.MainActivity}, from=com.android.server.wm.InsetsStateController.onControlTargetChanged:83 com.android.server.wm.InsetsPolicy.updateBarControlTarget:212 com.android.server.wm.DisplayPolicy.updateSystemBarAttributes:262 com.android.server.wm.WindowManagerService.updateFocusedWindowLocked:372 com.android.server.wm.WindowManagerService.relayoutWindow:1350 
03-21 08:34:41.405  2691  6425 I WindowManager: Cancelling animation restarting=true, leash=Surface(name=Surface(name=3fb558 NavigationBar0)/@0x117305a - animation-leash of insets_animation)/@0x1929314
03-21 08:34:41.405  2691  6425 I WindowManager: Reparenting to original parent: Surface(name=WindowToken{4cf0c35 type=2019 android.os.BinderProxy@bebd179})/@0x737328b, destroy=false, surface=Surface(name=3fb558 NavigationBar0)/@0x117305a
03-21 08:34:41.405  2691  6425 I WindowManager: Reparenting to leash, surface=Surface(name=3fb558 NavigationBar0)/@0x117305a, leashParent=Surface(name=WindowToken{4cf0c35 type=2019 android.os.BinderProxy@bebd179})/@0x737328b
03-21 08:34:41.405  1993  2566 I SurfaceFlinger: id=45301 createSurf, flag=24000, Surface(name=3fb558 NavigationBar0)/@0x117305a - animation-leash of insets_animation#45301
03-21 08:34:41.405  2691  6425 D WindowManager: makeSurface duration=1 leash=Surface(name=Surface(name=3fb558 NavigationBar0)/@0x117305a - animation-leash of insets_animation)/@0xc882ea6
03-21 08:34:41.405  1876  1876 D WifiHAL : Start debug command
03-21 08:34:41.405  2691  6425 D InsetsSourceProvider: updateControlForTarget: control=InsetsSourceControl: {922f0001 mType=navigationBars initiallyVisible mSurfacePosition=Point(0, 2181) mInsetsHint=Insets{left=0, top=0, right=0, bottom=135}}, target=Window{40573ce u0 com.ifs.stoppai/com.ifs.stoppai.ui.MainActivity}, from=com.android.server.wm.InsetsStateController.onControlTargetChanged:83 com.android.server.wm.InsetsPolicy.updateBarControlTarget:225 com.android.server.wm.DisplayPolicy.updateSystemBarAttributes:262 com.android.server.wm.WindowManagerService.updateFocusedWindowLocked:372 com.android.server.wm.WindowManagerService.relayoutWindow:1350 
03-21 08:34:41.405  1876  1876 D WifiHAL : In DebugCommand::handleResponse, mType:4
03-21 08:34:41.405  1876  1876 D WifiHAL : len = 4, expected len = 4
03-21 08:34:41.405  2691  6425 D WindowManager: updateSystemBarAttributes: displayId=0, focusedCanBeNavColorWin=false, win=Window{40573ce u0 com.ifs.stoppai/com.ifs.stoppai.ui.MainActivity}, navColorWin=Window{66a1a1 u0 Splash Screen com.ifs.stoppai}, caller=com.android.server.wm.WindowManagerService.updateFocusedWindowLocked:372 com.android.server.wm.WindowManagerService.relayoutWindow:1350 com.android.server.wm.Session.relayout:27 
03-21 08:34:41.406  2691  6425 D WindowManager: updateSystemBarAttributes, bhv=1, apr=16, statusBarAprRegions=[AppearanceRegion{LIGHT_STATUS_BARS bounds=[0,0][1080,2316]}], requestedVisibilities=-9
03-21 08:34:41.406  2691  6425 V SystemKeyManager: updateFocusedWindow() is called, com.ifs.stoppai/com.ifs.stoppai.ui.MainActivity
03-21 08:34:41.406  2691  6425 I SystemKeyManager: requested systemKeyInfo size=2 focusedWindow=com.ifs.stoppai/com.ifs.stoppai.ui.MainActivity
03-21 08:34:41.406  2691  6425 I SystemKeyManager: requested systemKeyInfo size=2 focusedWindow=com.ifs.stoppai/com.ifs.stoppai.ui.MainActivity
03-21 08:34:41.406  2691  6425 I WindowManager: Relayout hash=40573ce, pid=11683, syncId=-1: mAttrs={(0,0)(fillxfill) sim={adjust=resize forwardNavigation} ty=BASE_APPLICATION wanim=0x1030317
03-21 08:34:41.406  2691  6425 I WindowManager:   fl=81810100
03-21 08:34:41.406  2691  6425 I WindowManager:   pfl=100080c0
03-21 08:34:41.406  2691  6425 I WindowManager:   apr=10
03-21 08:34:41.406  2691  6425 I WindowManager:   bhv=1
03-21 08:34:41.406  2691  6425 I WindowManager:   fitSides=0
03-21 08:34:41.406  2691  6425 I WindowManager:   frameRateBoostOnTouch=true
03-21 08:34:41.406  2691  6425 I WindowManager:   dvrrWindowFrameRateHint=true naviIconColor=0
03-21 08:34:41.406  2691  6425 I WindowManager:   sfl=100000}
03-21 08:34:41.407  4068  4068 D NavigationBar: onSystemBarAttributesChanged() -  displayId:0, appearance:16, packageName: com.ifs.stoppai (APPEARANCE_LIGHT_NAVIGATION_BARS ), navbarColorManagedByIme:false
03-21 08:34:41.407 11683 11683 E com.ifs.stoppai: Unable to open libpenguin.so: dlopen failed: library "libpenguin.so" not found.
03-21 08:34:41.408  2691  3848 I HalDevMgr: bestIfaceCreationProposal is null, requestIface=STA, existingIface=[name=wlan0 type=STA]
03-21 08:34:41.408 11683 11683 W libc    : Access denied finding property "vendor.display.enable_optimal_refresh_rate"
03-21 08:34:41.408 11683 11683 I BufferQueueProducer: [](id:2da300000000,api:0,p:-316495408,c:11683) setDequeueTimeout:2077252342
03-21 08:34:41.408 11683 11683 I BLASTBufferQueue_Java: new BLASTBufferQueue, mName= VRI[MainActivity]@8d0f7ec mNativeObject= 0xb400007e0d240380 caller= android.view.ViewRootImpl.updateBlastSurfaceIfNeeded:3585 android.view.ViewRootImpl.relayoutWindow:11685 android.view.ViewRootImpl.performTraversals:4804 android.view.ViewRootImpl.doTraversal:3924 android.view.ViewRootImpl$TraversalRunnable.run:12903 android.view.Choreographer$CallbackRecord.run:1901 android.view.Choreographer$CallbackRecord.run:1910 android.view.Choreographer.doCallbacks:1367 android.view.Choreographer.doFrame:1292 android.view.Choreographer$FrameDisplayEventReceiver.run:1870 
03-21 08:34:41.408 11683 11683 I BLASTBufferQueue_Java: update, w= 1080 h= 2316 mName = VRI[MainActivity]@8d0f7ec mNativeObject= 0xb400007e0d240380 sc.mNativeObject= 0xb400007d4d216b10 format= -1 caller= android.view.ViewRootImpl.updateBlastSurfaceIfNeeded:3590 android.view.ViewRootImpl.relayoutWindow:11685 android.view.ViewRootImpl.performTraversals:4804 android.view.ViewRootImpl.doTraversal:3924 android.view.ViewRootImpl$TraversalRunnable.run:12903 android.view.Choreographer$CallbackRecord.run:1901 
03-21 08:34:41.409 11683 11683 W libc    : Access denied finding property "vendor.display.enable_optimal_refresh_rate"
03-21 08:34:41.409 11683 11683 I VRI[MainActivity]@8d0f7ec: Relayout returned: old=(0,0,1080,2316) new=(0,0,1080,2316) relayoutAsync=false req=(1080,2316)0 dur=8 res=0x3 s={true 0xb400007c3d242eb0} ch=true seqId=0
03-21 08:34:41.409 11503 11657 I Routine@Core[4.9.04.13]: AppFunctionsActionHandler: isSupported: supportStatus = SUPPORTED, tag = appfunction://com.sec.android.app.clockpackage.crossappactions#AlarmCrossAppActions_findAlarms
03-21 08:34:41.410 11683 11683 I VRI[MainActivity]@8d0f7ec: performConfigurationChange setNightDimText nightDimLevel=0
03-21 08:34:41.410 11683 11683 D VRI[MainActivity]@8d0f7ec: mThreadedRenderer.initialize() mSurface={isValid=true 0xb400007c3d242eb0} hwInitialized=true
03-21 08:34:41.413 11503 11657 I Routine@Core[4.9.04.13]: TASKD/ActionTaskAdapterFactoryImpl: getAdapter - metaId=appfunction://com.sec.android.app.clockpackage.crossappactions#StopwatchCrossAppFunctions_stopStopwatch(id=420)
03-21 08:34:41.415  1993  1993 I SurfaceFlinger: [com.ifs.stoppai/com.ifs.stoppai.ui.MainActivity$_11683#45299] attach to parent LayerHierarchy{RequestedLayerState{40573ce com.ifs.stoppai/com.ifs.stoppai.ui.MainActivity#45298 parentId=45291} 1 children}
03-21 08:34:41.415  1993  1993 I SurfaceFlinger: [Surface(name=a012ac0 StatusBar)/@0x41b0049 - animation-leash of insets_animation#45300] attach to parent LayerHierarchy{RequestedLayerState{WindowToken{5ebc443 type=2000 android.os.BinderProxy@a89f4fd}#107 parentId=17} 2 children}
03-21 08:34:41.415  1993  1993 I SurfaceFlinger: [Surface(name=3fb558 NavigationBar0)/@0x117305a - animation-leash of insets_animation#45301] attach to parent LayerHierarchy{RequestedLayerState{WindowToken{4cf0c35 type=2019 android.os.BinderProxy@bebd179}#103 parentId=34} 2 children}
03-21 08:34:41.416  4068  4068 D SubscreenNotificationListCoordinator: onAfterRenderList() isSubScreen = false, pluginLockMode = 0, doNotShowOnCover = false
03-21 08:34:41.417  4068  4068 W RefactorFlag: New code path expects SceneContainerFlag to be enabled.
03-21 08:34:41.417  4068  4068 D ExpandableNotifRow: mMaxSmallHeight different before reInflateViews mMaxSmallHeight: 263 mTempSmallHeight:0 -1|com.android.systemui|2131364006|charging_state|10040
03-21 08:34:41.417  4068  4068 D ExpandableNotifRow: mMaxSmallHeight different before reInflateViews mMaxSmallHeight: 263 mTempSmallHeight:0 -1|com.android.systemui|2131364006|charging_state|10040
03-21 08:34:41.418  4068  4168 D SurfaceComposerClient: setCornerRadius ## Task=35149#45290 cornerRadius=8.250000
03-21 08:34:41.422 11683 11683 D VRI[MainActivity]@8d0f7ec: reportNextDraw android.view.ViewRootImpl.performTraversals:5443 android.view.ViewRootImpl.doTraversal:3924 android.view.ViewRootImpl$TraversalRunnable.run:12903 android.view.Choreographer$CallbackRecord.run:1901 android.view.Choreographer$CallbackRecord.run:1910 
03-21 08:34:41.422 11683 11683 D VRI[MainActivity]@8d0f7ec: Setup new sync=wmsSync-VRI[MainActivity]@8d0f7ec#0
03-21 08:34:41.422 11683 11683 I VRI[MainActivity]@8d0f7ec: Creating new active sync group VRI[MainActivity]@8d0f7ec#1
03-21 08:34:41.423  4996  5472 E msgr.msys: E[N mns]_OnDiskCacheGetData(632)=>Start post callback cache refresh DNS resolution
03-21 08:34:41.424  4068  4068 I LockscreenNotificationIconsOnlyController: onNotificationInfoUpdated 0
03-21 08:34:41.424  4068  4068 I AODNotificationManager: updateNotification() 
03-21 08:34:41.430 11683 11683 D VRI[MainActivity]@8d0f7ec: registerCallbacksForSync syncBuffer=false
03-21 08:34:41.432  1993  1993 I SurfaceFlinger: [LayerHierarchy{RequestedLayerState{3fb558 NavigationBar0#104 parentId=45301} 1 children}] reparent to LayerHierarchy{RequestedLayerState{Surface(name=3fb558 NavigationBar0)/@0x117305a - animation-leash of insets_animation#45301 parentId=103} 1 children}
03-21 08:34:41.432  1993  1993 I SurfaceFlinger: [LayerHierarchy{RequestedLayerState{a012ac0 StatusBar#108 parentId=45300} 1 children}] reparent to LayerHierarchy{RequestedLayerState{Surface(name=a012ac0 StatusBar)/@0x41b0049 - animation-leash of insets_animation#45300 parentId=107} 1 children}
03-21 08:34:41.432  4068  4168 D SurfaceComposerClient: setCornerRadius ## Task=35149#45290 cornerRadius=8.250000
03-21 08:34:41.432  1993  1993 I SurfaceFlinger: [LayerHierarchy{RequestedLayerState{Surface(name=3fb558 NavigationBar0)/@0x117305a - animation-leash of insets_animation#45296} no children}] reparent to OffscreenRoot
03-21 08:34:41.432  1993  1993 I SurfaceFlinger: [LayerHierarchy{RequestedLayerState{Surface(name=3fb558 NavigationBar0)/@0x117305a - animation-leash of insets_animation#45296} no children}] RelativeParent to null
03-21 08:34:41.432  1993  1993 I SurfaceFlinger: [LayerHierarchy{RequestedLayerState{Surface(name=a012ac0 StatusBar)/@0x41b0049 - animation-leash of insets_animation#45295} no children}] reparent to OffscreenRoot
03-21 08:34:41.432  1993  1993 I SurfaceFlinger: [LayerHierarchy{RequestedLayerState{Surface(name=a012ac0 StatusBar)/@0x41b0049 - animation-leash of insets_animation#45295} no children}] RelativeParent to null
03-21 08:34:41.432  4068  4741 D LocalImageResolver: Couldn't use ImageDecoder for drawable, falling back to non-resized load.
03-21 08:34:41.434  2691  2804 I WindowManager: notifyInsetsControlChanged, removed=false, win=Window{66a1a1 u0 Splash Screen com.ifs.stoppai}, caller=com.android.server.wm.InsetsStateController$$ExternalSyntheticLambda1.run:137 com.android.server.wm.WindowAnimator$$ExternalSyntheticLambda2.onTransactionCommitted:26 android.view.SurfaceControl$Transaction$$ExternalSyntheticLambda4.run:0 android.os.Handler.handleCallback:995 android.os.Handler.dispatchMessage:103 android.os.Looper.loopOnce:273 
03-21 08:34:41.435  4068  4189 I VRI[stoppai]@70730cf: onActiveControlsChanged, removed=false, mAdded=true, caller=android.view.ViewRootImpl.handleInsetsControlChanged:3002 android.view.ViewRootImpl$ViewRootHandler.handleMessageImpl:8352 android.view.ViewRootImpl$ViewRootHandler.handleMessage:8301 android.os.Handler.dispatchMessage:110 android.os.Looper.loopOnce:273 
03-21 08:34:41.435  1993  2566 I SurfaceFlinger: id=45295 Removed Surface(name=a012ac0 StatusBar)/@0x41b0049 - animation-leash of insets_animation#45295 (174)
03-21 08:34:41.435  1993  2566 I SurfaceFlinger: id=45296 Removed Surface(name=3fb558 NavigationBar0)/@0x117305a - animation-leash of insets_animation#45296 (174)
03-21 08:34:41.437 11683 11739 D VRI[MainActivity]@8d0f7ec: Received frameDrawingCallback syncResult=0 frameNum=1.
03-21 08:34:41.438 11683 11739 I VRI[MainActivity]@8d0f7ec: mWNT: t=0xb400007c9d23b390 mBlastBufferQueue=0xb400007e0d240380 fn= 1 HdrRenderState mRenderHdrSdrRatio=1.0 caller= android.view.ViewRootImpl$12.onFrameDraw:15441 android.view.ThreadedRenderer$1.onFrameDraw:718 <bottom of call stack> 
03-21 08:34:41.438 11683 11739 I VRI[MainActivity]@8d0f7ec: Setting up sync and frameCommitCallback
03-21 08:34:41.439  1993  2372 D SurfaceFlinger: [input] setFocusedWindow: 40573ce com.ifs.stoppai/com.ifs.stoppai.ui.MainActivity
03-21 08:34:41.439  2691  5536 D InputDispatcher: Once focus requested (0): 40573ce com.ifs.stoppai/com.ifs.stoppai.ui.MainActivity
03-21 08:34:41.439  2691  5536 D InputDispatcher: Focus request (0): 40573ce com.ifs.stoppai/com.ifs.stoppai.ui.MainActivity but waiting because NO_WINDOW
03-21 08:34:41.439  2691  3996 D NetdEventListenerService: DNS Requested by 373, 10480(com.facebook.orca), 4(FAIL), isBlocked=true, 0ms
03-21 08:34:41.440  4068  4741 D LocalImageResolver: Couldn't use ImageDecoder for drawable, falling back to non-resized load.
03-21 08:34:41.441  4996  5472 E msgr.msys: E[N mns]_OnDiskCacheGetData(632)=>Start post callback cache refresh DNS resolution
03-21 08:34:41.441  4068  4068 D LocalImageResolver: Couldn't use ImageDecoder for drawable, falling back to non-resized load.
03-21 08:34:41.442  4996  5472 E msgr.msys: E[N mns]_LogError(228)=>Failed to resolve using system DNS resolver, getaddrinfo(): No address associated with hostname
03-21 08:34:41.444  4996  5472 E msgr.msys: E[N mns]_LogError(228)=>Failed to resolve using system DNS resolver, getaddrinfo(): No address associated with hostname
03-21 08:34:41.445  2691  3996 D NetdEventListenerService: DNS Requested by 373, 10480(com.facebook.orca), 4(FAIL), isBlocked=true, 0ms
03-21 08:34:41.448  1993  1993 I SurfaceFlinger: destroyed Surface(name=3fb558 NavigationBar0)/@0x117305a - animation-leash of insets_animation#45296 form LifecycleManager
03-21 08:34:41.448  1993  1993 I SurfaceFlinger: destroyed Surface(name=a012ac0 StatusBar)/@0x41b0049 - animation-leash of insets_animation#45295 form LifecycleManager
03-21 08:34:41.448  1993  1993 I SurfaceFlinger: id=45296 onLayerDestroyed from LayerHierarchyBuilder(RequestedLayerState{Surface(name=3fb558 NavigationBar0)/@0x117305a - animation-leash of insets_animation#45296 !handle})
03-21 08:34:41.448  1993  1993 I SurfaceFlinger: id=45295 onLayerDestroyed from LayerHierarchyBuilder(RequestedLayerState{Surface(name=a012ac0 StatusBar)/@0x41b0049 - animation-leash of insets_animation#45295 !handle})
03-21 08:34:41.449  4068  4068 W RefactorFlag: New code path expects SceneContainerFlag to be enabled.
03-21 08:34:41.449  1993  1993 I Layer   : id=45296 Destroyed Surface(name=3fb558 NavigationBar0)/@0x117305a - animation-leash of insets_animation#45296
03-21 08:34:41.449  1993  1993 I Layer   : id=45295 Destroyed Surface(name=a012ac0 StatusBar)/@0x41b0049 - animation-leash of insets_animation#45295
03-21 08:34:41.451  4068  4068 D ExpandableNotifRow: mMaxSmallHeight different before reInflateViews mMaxSmallHeight: 263 mTempSmallHeight:0 -1|com.android.systemui|2131364006|charging_state|10040
03-21 08:34:41.451  4068  4068 D ExpandableNotifRow: mMaxSmallHeight different before reInflateViews mMaxSmallHeight: 263 mTempSmallHeight:0 -1|com.android.systemui|2131364006|charging_state|10040
03-21 08:34:41.451  4068  4068 D ExpandableNotifRow: mMaxSmallHeight different before reInflateViews mMaxSmallHeight: 263 mTempSmallHeight:0 -1|com.android.systemui|2131364006|charging_state|10040
03-21 08:34:41.451  4068  4068 D ExpandableNotifRow: mMaxSmallHeight different before reInflateViews mMaxSmallHeight: 263 mTempSmallHeight:0 -1|com.android.systemui|2131364006|charging_state|10040
03-21 08:34:41.451  4068  4168 D SurfaceComposerClient: setCornerRadius ## Task=35149#45290 cornerRadius=8.250000
03-21 08:34:41.452  4068  4157 V WindowManagerShell: Transition animation finished (aborted=false), notifying core (#3915) android.os.BinderProxy@95186cc@0
03-21 08:34:41.452  4068  4157 I SurfaceControlRegistry: apply, t=FinishTransaction_SyncId<3915>, caller=android.view.SurfaceControl$Transaction.apply:3459 android.view.SurfaceControl$Transaction.apply:3447 android.view.SurfaceControl$Transaction.apply:3397 com.android.wm.shell.transition.Transitions.onFinish:315 com.android.wm.shell.transition.Transitions$$ExternalSyntheticLambda7.onTransitionFinished:12 com.android.wm.shell.transition.DefaultTransitionHandler$$ExternalSyntheticLambda2.run:36 
03-21 08:34:41.453  4068  4068 D S.S.N.  : entryViewBound parent :-1|com.android.systemui|2131364006|charging_state|10040
03-21 08:34:41.453  4068  4068 D LocalImageResolver: Couldn't use ImageDecoder for drawable, falling back to non-resized load.
03-21 08:34:41.453  2691  5536 V WindowManager: Finish Transition: TransitionRecord{a6207c4 id=3915 type=OPEN flags=0x0 c=[
03-21 08:34:41.453  2691  5536 V WindowManager:    ChangeInfo{1d18113 container=WallpaperWindowToken{452dc9 showWhenLocked=true}_<lock> flags=0x0}
03-21 08:34:41.453  2691  5536 V WindowManager:    ChangeInfo{1b4c163 container=DefaultTaskDisplayArea_d0@17074128 flags=0x0}
03-21 08:34:41.453  2691  5536 V WindowManager:    ChangeInfo{339ef50 container=Task{1288751 #34584 type=home I=com.sec.android.app.launcher/.activities.LauncherActivity} flags=0x10}
03-21 08:34:41.453  2691  5536 V WindowManager:    ChangeInfo{e757549 container=ActivityRecord{50596031 u0 com.sec.android.app.launcher/.activities.LauncherActivity t34584} flags=0x0}
03-21 08:34:41.453  2691  5536 V WindowManager:    ChangeInfo{274b160 container=Task{3c23feb #35149 type=standard A=10749:com.ifs.stoppai} flags=0x10}
03-21 08:34:41.453  2691  5536 V WindowManager:    ChangeInfo{1355e4e container=RemoteWallpaperAnim:1:1@108133666 flags=0x0}
03-21 08:34:41.453  2691  5536 V WindowManager:    ChangeInfo{9faf619 container=Display{#0 state=ON size=1080x2316 ROTATION_0} flags=0x0}
03-21 08:34:41.453  2691  5536 V WindowManager:    ChangeInfo{4c91b6f container=Task{97f8e3d #1 type=home} flags=0x10}
03-21 08:34:41.453  2691  5536 V WindowManager:    ChangeInfo{6d6b07c container=WallpaperWindowToken{df81b39 showWhenLocked=false}_<system> flags=0x0}
03-21 08:34:41.453  2691  5536 V WindowManager:    ChangeInfo{72c96de container=ActivityRecord{257547312 u0 com.ifs.stoppai/.ui.MainActivity t35149} flags=0x0}
03-21 08:34:41.453  2691  5536 V WindowManager: ]
03-21 08:34:41.453  2691  5536 V WindowManager: }, caller=com.android.server.wm.WindowOrganizerController.finishTransitionInner:31 com.android.server.wm.WindowOrganizerController.finishAllTransitions:60 android.window.IWindowOrganizerController$Stub.onTransact:283 
03-21 08:34:41.454  2691  5536 V WindowManager: Setting visibility of Window{8b6fa51 u0 com.sec.android.app.launcher/com.sec.android.app.launcher.activities.LauncherActivity}: false, caller=com.android.server.wm.WindowContainer.sendAppVisibilityToClients:19 com.android.server.wm.WindowToken.setClientVisible:48 com.android.server.wm.ActivityRecord.commitVisibility:186 com.android.server.wm.TransitionController.finishTransition:846 com.android.server.wm.WindowOrganizerController.finishTransitionInner:31 
03-21 08:34:41.454  2691  5536 V WindowManager: Setting visibility of Window{6cfd696 u0 com.android.systemui.wallpapers.ImageWallpaper}: false, caller=com.android.server.wm.WindowContainer.sendAppVisibilityToClients:19 com.android.server.wm.WindowToken.setClientVisible:48 com.android.server.wm.WallpaperWindowToken.setVisible$1:3 com.android.server.wm.WallpaperWindowToken.commitVisibility:48 com.android.server.wm.TransitionController.finishTransition:1252 
03-21 08:34:41.455  4068 10493 I WallpaperService: dispatchAppVisibility: system, visible=false , mLidState = -1
03-21 08:34:41.455  4068  4248 I WallpaperService: reportVisibility: visibility changed. visible=false
03-21 08:34:41.455  2691  5536 D ChangeTransitionController: onTransitionFinished: TransitionRecord{a6207c4 id=3915 type=OPEN flags=0x0 c=[
03-21 08:34:41.455  2691  5536 D ChangeTransitionController:    ChangeInfo{1d18113 container=WallpaperWindowToken{452dc9 showWhenLocked=true}_<lock> flags=0x0}
03-21 08:34:41.455  2691  5536 D ChangeTransitionController:    ChangeInfo{1b4c163 container=DefaultTaskDisplayArea_d0@17074128 flags=0x0}
03-21 08:34:41.455  2691  5536 D ChangeTransitionController:    ChangeInfo{339ef50 container=Task{1288751 #34584 type=home I=com.sec.android.app.launcher/.activities.LauncherActivity} flags=0x10}
03-21 08:34:41.455  2691  5536 D ChangeTransitionController:    ChangeInfo{e757549 container=ActivityRecord{50596031 u0 com.sec.android.app.launcher/.activities.LauncherActivity t34584} flags=0x0}
03-21 08:34:41.455  2691  5536 D ChangeTransitionController:    ChangeInfo{274b160 container=Task{3c23feb #35149 type=standard A=10749:com.ifs.stoppai} flags=0x10}
03-21 08:34:41.455  2691  5536 D ChangeTransitionController:    ChangeInfo{1355e4e container=RemoteWallpaperAnim:1:1@108133666 flags=0x0}
03-21 08:34:41.455  2691  5536 D ChangeTransitionController:    ChangeInfo{9faf619 container=Display{#0 state=ON size=1080x2316 ROTATION_0} flags=0x0}
03-21 08:34:41.455  2691  5536 D ChangeTransitionController:    ChangeInfo{4c91b6f container=Task{97f8e3d #1 type=home} flags=0x10}
03-21 08:34:41.455  2691  5536 D ChangeTransitionController:    ChangeInfo{6d6b07c container=WallpaperWindowToken{df81b39 showWhenLocked=false}_<system> flags=0x0}
03-21 08:34:41.455  2691  5536 D ChangeTransitionController:    ChangeInfo{72c96de container=ActivityRecord{257547312 u0 com.ifs.stoppai/.ui.MainActivity t35149} flags=0x0}
03-21 08:34:41.455  2691  5536 D ChangeTransitionController: ]
03-21 08:34:41.455  2691  5536 D ChangeTransitionController: }
03-21 08:34:41.455  2691  2800 V WindowManager: Finish Transition (#3915): created at 03-21 08:34:40.977 collect-started=0.31ms request-sent=11.266ms started=23.268ms ready=90.159ms sent=93.284ms commit=12.477ms finished=476.018ms
03-21 08:34:41.456  4068  4248 I ImageWallpaper_5[Image]:  onVisibilityChanged: visible=false , displayId=0
03-21 08:34:41.456  4068  4157 V WindowManagerShell: Track 0 became idle
03-21 08:34:41.456  4068  4157 V WindowManagerShell: All active transition animations finished
03-21 08:34:41.456  4518  4518 I VRI[LauncherActivity]@bb3d84d: handleAppVisibility mAppVisible = true visible = false
03-21 08:34:41.457 11683 11730 I BLASTBufferQueue: [VRI[MainActivity]@8d0f7ec#0](f:0,a:0,s:0) onFrameAvailable the first frame is available
03-21 08:34:41.457 11683 11730 I SurfaceComposerClient: apply transaction with the first frame. layerId: 45299, bufferData(ID: 50178102919170, frameNumber: 1)
03-21 08:34:41.457 11683 11730 I VRI[MainActivity]@8d0f7ec: Received frameCommittedCallback lastAttemptedDrawFrameNum=1 didProduceBuffer=true
03-21 08:34:41.458  1993  2127 I SurfaceFlinger: [com.ifs.stoppai/com.ifs.stoppai.ui.MainActivity$_11683#45299] setTransactionState with the first frame. bufferData(ID: 50178102919170, frameNumber: 1)
03-21 08:34:41.458  2691  5536 D DARUtil : Device owner status not updated yet...
03-21 08:34:41.458  2691  5536 D DARUtil : Not an enterprise user : 0
03-21 08:34:41.459  2691  5536 D DARUtil : Device owner status not updated yet...
03-21 08:34:41.459  2691  5536 D DARUtil : Not an enterprise user : 0
03-21 08:34:41.459  2691  5536 D SyntheticPasswordManager.SDP: Inside fromBytes() - result.pinLength : -1
03-21 08:34:41.459  2691  5536 D SyntheticPasswordManager.SDP: 1. result.secureMode : 0
03-21 08:34:41.459 11683 11730 D HWUI    : CFMS:: SetUp Pid : 11683    Tid : 11730
03-21 08:34:41.459 11683 11683 D VRI[MainActivity]@8d0f7ec: reportDrawFinished seqId=0
03-21 08:34:41.460  2691  2804 D SurfaceComposerClient: setCornerRadius ## 66a1a1 Splash Screen com.ifs.stoppai#45292 cornerRadius=0.000000
03-21 08:34:41.460  2691  2804 D SurfaceComposerClient: setCornerRadius ## 40573ce com.ifs.stoppai/com.ifs.stoppai.ui.MainActivity#45298 cornerRadius=0.000000
03-21 08:34:41.462 11683 11683 I InsetsSourceConsumer: applyRequestedVisibilityToControl: visible=true, type=statusBars, host=com.ifs.stoppai/com.ifs.stoppai.ui.MainActivity
03-21 08:34:41.463  2691  2803 D PowerManagerService: [api] setScreenDimDurationOverrideFromWindowManagerInternal: timeoutMillis: -1
03-21 08:34:41.463  2691  6425 D WindowManager: finishDrawingWindow: Window{40573ce u0 com.ifs.stoppai/com.ifs.stoppai.ui.MainActivity} mDrawState=DRAW_PENDING seqId=0
03-21 08:34:41.463 11683 11683 I InsetsSourceConsumer: applyRequestedVisibilityToControl: visible=true, type=navigationBars, host=com.ifs.stoppai/com.ifs.stoppai.ui.MainActivity
03-21 08:34:41.463  2691  2804 D SurfaceComposerClient: setCornerRadius ## 66a1a1 Splash Screen com.ifs.stoppai#45292 cornerRadius=0.000000
03-21 08:34:41.464  2691  2804 D SurfaceComposerClient: setCornerRadius ## 40573ce com.ifs.stoppai/com.ifs.stoppai.ui.MainActivity#45298 cornerRadius=0.000000
03-21 08:34:41.464  2691  2804 D SurfaceComposerClient: setCornerRadius ## 66a1a1 Splash Screen com.ifs.stoppai#45292 cornerRadius=0.000000
03-21 08:34:41.464  2691  2804 V WindowManager: Finish starting ActivityRecord{257547312 u0 com.ifs.stoppai/.ui.MainActivity t35149}: first real window is shown, no animation
03-21 08:34:41.465  1993  1993 I SurfaceFlinger: RequestedLayer [Task=1#53] hidden!! flag  from(0) --> to(1)
03-21 08:34:41.465  2691  2804 V WindowManager: Schedule remove starting ActivityRecord{257547312 u0 com.ifs.stoppai/.ui.MainActivity t35149} startingWindow=Window{66a1a1 u0 Splash Screen com.ifs.stoppai} animate=true Callers=com.android.server.wm.ActivityRecord.removeStartingWindow:178 com.android.server.wm.WindowState.performShowLocked:155 com.android.server.wm.WindowStateAnimator.commitFinishDrawingLocked:73 com.android.server.wm.DisplayContent$$ExternalSyntheticLambda1.accept$com$android$server$wm$DisplayContent$$ExternalSyntheticLambda37:23 com.android.server.wm.DisplayContent$$ExternalSyntheticLambda1.accept:143 
03-21 08:34:41.465  1993  1993 I SurfaceFlinger: [Display 0 name="Schermo incorporato"#49] setFrameRateCategory: Default
03-21 08:34:41.465  1993  1993 I SurfaceFlinger: [LayerHierarchy{RequestedLayerState{Task=1#53 parentId=10} 2 children}] reparent to LayerHierarchy{RequestedLayerState{DefaultTaskDisplayArea_d0#10 parentId=9} 19 children}
03-21 08:34:41.465  1993  1993 I SurfaceFlinger: [LayerHierarchy{RequestedLayerState{WallpaperWindowToken{df81b39 showWhenLocked=false}#83 parentId=8 z=1} 1 children}] reparent to LayerHierarchy{RequestedLayerState{Leaf:1:1#8 parentId=7} 2 children}
03-21 08:34:41.465  2691  2804 D TaskOrganizerController: applyStartingWindowAnimation, window=Window{40573ce u0 com.ifs.stoppai/com.ifs.stoppai.ui.MainActivity}, caller=com.android.server.wm.TaskOrganizerController.removeStartingWindow:132 com.android.server.wm.StartingSurfaceController$StartingSurface.remove:23 com.android.server.wm.ActivityRecord.removeStartingWindowAnimation:171 
03-21 08:34:41.465  1993  1993 I SurfaceFlinger: [LayerHierarchy{RequestedLayerState{Task=35149#45290 parentId=10 z=16} 1 children}] reparent to LayerHierarchy{RequestedLayerState{DefaultTaskDisplayArea_d0#10 parentId=9} 20 children}
03-21 08:34:41.465  1993  1993 I SurfaceFlinger: [LayerHierarchy{RequestedLayerState{Transition Root: Task=35149#45294 z=16} no children}] reparent to OffscreenRoot
03-21 08:34:41.465  1993  1993 I SurfaceFlinger: [LayerHierarchy{RequestedLayerState{Transition Root: Task=35149#45294 z=16} no children}] RelativeParent to null
03-21 08:34:41.465  2691  2804 I WindowManager: Reparenting to leash, surface=Surface(name=40573ce com.ifs.stoppai/com.ifs.stoppai.ui.MainActivity)/@0xed41e39, leashParent=Surface(name=ActivityRecord{257547312 u0 com.ifs.stoppai/.ui.MainActivity t35149})/@0xa9c6c7e
03-21 08:34:41.465  1993  2127 I SurfaceFlinger: id=45302 createSurf, flag=24000, Surface(name=40573ce com.ifs.stoppai/com.ifs.stoppai.ui.MainActivity)/@0xed41e39 - animation-leash of starting_reveal#45302
03-21 08:34:41.466  2691  2804 D WindowManager: makeSurface duration=1 leash=Surface(name=Surface(name=40573ce com.ifs.stoppai/com.ifs.stoppai.ui.MainActivity)/@0xed41e39 - animation-leash of starting_reveal)/@0x51cc5df
03-21 08:34:41.467  4068  4157 D ShellTaskOrganizer: removeStartingWindow, removalInfo=StartingWindowRemovalInfo{taskId=35149 frame=Rect(0, 0 - 1080, 2316) playRevealAnimation=true roundedCornerRadius=0.0 deferRemoveMode=0 windowlessSurface=false removeImmediately=false}
03-21 08:34:41.467  2691  2804 V WindowManager: performShowLocked: mDrawState=HAS_DRAWN in Window{40573ce u0 com.ifs.stoppai/com.ifs.stoppai.ui.MainActivity}
03-21 08:34:41.467  2691  2804 D SurfaceComposerClient: setCornerRadius ## 40573ce com.ifs.stoppai/com.ifs.stoppai.ui.MainActivity#45298 cornerRadius=0.000000
03-21 08:34:41.467  1993  1993 I SurfaceFlinger: id=45294 Removed Transition Root: Task=35149#45294 (173)
03-21 08:34:41.468  2691  2804 D SurfaceComposerClient: setCornerRadius ## 66a1a1 Splash Screen com.ifs.stoppai#45292 cornerRadius=0.000000
03-21 08:34:41.468  2691  2804 D SurfaceComposerClient: setCornerRadius ## 40573ce com.ifs.stoppai/com.ifs.stoppai.ui.MainActivity#45298 cornerRadius=0.000000
03-21 08:34:41.468  4068  4068 D SubscreenNotificationListCoordinator: onAfterRenderList() isSubScreen = false, pluginLockMode = 0, doNotShowOnCover = false
03-21 08:34:41.468  2691  2804 D SurfaceComposerClient: setCornerRadius ## 66a1a1 Splash Screen com.ifs.stoppai#45292 cornerRadius=0.000000
03-21 08:34:41.468  2691  2804 D SurfaceComposerClient: setCornerRadius ## 40573ce com.ifs.stoppai/com.ifs.stoppai.ui.MainActivity#45298 cornerRadius=0.000000
03-21 08:34:41.469  2691  6425 I SemDvfsHyPerManager: acquire hyper - AMS_RESUME_TAIL/2691@26, type = -999
03-21 08:34:41.469  2691  6425 I SemDvfsHyPerManager: acquire hyper - AMS_ACT_LAZY/2691@27, type = -999
03-21 08:34:41.469  2691  6425 D ActivityManagerPerformance: AMP_acquire() TAIL
03-21 08:34:41.469  2691  6425 D ActivityManagerPerformance: AMP_release() APP_SWITCH
03-21 08:34:41.469  4068  4068 W RefactorFlag: New code path expects SceneContainerFlag to be enabled.
03-21 08:34:41.469  4068  4068 D ExpandableNotifRow: mMaxSmallHeight different before reInflateViews mMaxSmallHeight: 263 mTempSmallHeight:0 -1|com.android.systemui|2131364006|charging_state|10040
03-21 08:34:41.469  4068  4068 D ExpandableNotifRow: mMaxSmallHeight different before reInflateViews mMaxSmallHeight: 263 mTempSmallHeight:0 -1|com.android.systemui|2131364006|charging_state|10040
03-21 08:34:41.470  2691  2800 D [secipm]: mSecIpmManager report to nap
03-21 08:34:41.470  2691  2800 I PkgPredictorService-SecIpmManagerServiceImpl: reportToNAP uid:10749 com.ifs.stoppai/com.ifs.stoppai.ui.MainActivity thisTime:492
03-21 08:34:41.470  2691  2800 D PkgPredictorService-SecIpmManagerServiceImpl: reportToNAP: mHeavyLaunchCounter is false
03-21 08:34:41.471  1993  1993 D SurfaceFlinger: Display 4630947232161729154 HWC layers:
03-21 08:34:41.471  1993  1993 D SurfaceFlinger:        DEVICE |           17471926973392 | 00000100 | RGBA_8888    |    0.0    0.0 2316.0 1080.0 |    0    0 1080 2316 | Wallpaper BBQ wrapper 5_system#89 (5)
03-21 08:34:41.471  1993  1993 D SurfaceFlinger:        DEVICE |           17471927002868 | 00002100 | RGBA_8888    |    0.0    0.0 1080.0 2316.0 |    0    0 1080 2316 | Splash Screen com.ifs.stoppai$_4068#45293 (1)
03-21 08:34:41.471  1993  1993 D SurfaceFlinger:        DEVICE |           17471927002729 | 00002100 | RGBA_8888    |    0.0    0.0 1080.0   75.0 |    0    0 1080   75 | StatusBar$_4068#115 (137146)
03-21 08:34:41.471  1993  1993 D SurfaceFlinger:        DEVICE |           19404662251008 | 00002100 | RGBA_8888    |    0.0    0.0   67.0  342.0 | 1013  310 1080  652 | com.sec.android.app.launcher/com.sam[...]l.app.CocktailBarService$_4518#45277 (1)
03-21 08:34:41.471  1993  1993 D SurfaceFlinger:        DEVICE |           17471927002733 | 00002100 | RGBA_8888    |    0.0    0.0 1080.0  135.0 |    0 2181 1080 2316 | NavigationBar0$_4068#111 (56298)
03-21 08:34:41.471  1993  1993 D SurfaceFlinger: 
03-21 08:34:41.471  2691  2800 I ActivityTaskManager: Displayed com.ifs.stoppai/.ui.MainActivity for user 0: +492ms
03-21 08:34:41.471  2691  2800 I Pageboost: Launch time gathered : pid 11683 com.ifs.stoppai 492
03-21 08:34:41.471  2691  4804 D FreecessController: BG freezed, skip OLAF unfreeze for (com.samsung.knox.securefolder, 10125)
03-21 08:34:41.472  1885  1960 I HYPER-HAL: [RequestManager.cpp]acquire(): Acquired ID : 3692429  [2691 / 26]    HINT : AMS_RESUME_TAIL    list : 
03-21 08:34:41.473  1885  1960 I HYPER-HAL: [RequestManager.cpp]acquire(): Acquired ID : 3695148  [2691 / 27]    HINT : AMS_ACT_LAZY    list : 
03-21 08:34:41.474  4884  4884 E pageboostd: Received HALT command code 2
03-21 08:34:41.474  1885  1960 I HYPER-HAL: [RequestManager.cpp]releaseLocked(): Released ID : 3697868
03-21 08:34:41.475  5696  5724 V OsAgent : broadcastSystemEvent - 7
03-21 08:34:41.475  4068  4068 I LockscreenNotificationIconsOnlyController: onNotificationInfoUpdated 0
03-21 08:34:41.475  4068  4068 I AODNotificationManager: updateNotification() 
03-21 08:34:41.474  2691  2803 I ActivityManager: Changes in 10146 2 to 5, 255 to 184
03-21 08:34:41.476  2691  2803 I DisplayDeviceRepository: Display device changed render timings: "Schermo incorporato", renderFrameRate=60.000004, presentationDeadlineNanos=17666666, appVsyncOffsetNanos=16666666, frameRateOverrides=[]
03-21 08:34:41.477  2691  5536 I WindowManager: Relayout Window{8b6fa51 u0 com.sec.android.app.launcher/com.sec.android.app.launcher.activities.LauncherActivity}: viewVisibility=8 req=1080x2316 ty=1 d0
03-21 08:34:41.477  2691  5536 D SurfaceComposerClient: setCornerRadius ## 66a1a1 Splash Screen com.ifs.stoppai#45292 cornerRadius=0.000000
03-21 08:34:41.477  2691  5536 D SurfaceComposerClient: setCornerRadius ## 40573ce com.ifs.stoppai/com.ifs.stoppai.ui.MainActivity#45298 cornerRadius=0.000000
03-21 08:34:41.477  2691  5536 D SurfaceComposerClient: setCornerRadius ## 66a1a1 Splash Screen com.ifs.stoppai#45292 cornerRadius=0.000000
03-21 08:34:41.478  2691  5536 D SurfaceComposerClient: setCornerRadius ## 40573ce com.ifs.stoppai/com.ifs.stoppai.ui.MainActivity#45298 cornerRadius=0.000000
03-21 08:34:41.478  2691  5536 I WindowManager: Relayout hash=8b6fa51, pid=4518, syncId=-1: mAttrs={(0,0)(fillxfill) sim={adjust=nothing forwardNavigation} layoutInDisplayCutoutMode=always ty=BASE_APPLICATION fmt=TRANSPARENT wanim=0x1030306
03-21 08:34:41.478  2691  5536 I WindowManager:   fl=81910100
03-21 08:34:41.478  2691  5536 I WindowManager:   pfl=10008840
03-21 08:34:41.478  2691  5536 I WindowManager:   apr=8
03-21 08:34:41.478  2691  5536 I WindowManager:   bhv=2
03-21 08:34:41.478  2691  5536 I WindowManager:   fitSides=0
03-21 08:34:41.478  2691  5536 I WindowManager:   frameRateBoostOnTouch=true
03-21 08:34:41.478  2691  5536 I WindowManager:   dvrrWindowFrameRateHint=true screenDimDuration=200000 naviIconColor=0}
03-21 08:34:41.479  5696  5724 V OsAgent : broadcastSystemEvent - 7
03-21 08:34:41.479  5696  5724 V OsAgent : broadcastSystemEvent - 7
03-21 08:34:41.479  5696  5724 V OsAgent : broadcastSystemEvent - 7
03-21 08:34:41.480  4518  4518 I VRI[LauncherActivity]@bb3d84d: Relayout returned: old=(0,0,1080,2316) new=(0,0,1080,2316) relayoutAsync=false req=(1080,2316)8 dur=13 res=0x2 s={false 0x0} ch=true seqId=0
03-21 08:34:41.481  4518  4518 I SearchHoneyPot: onViewCreated: onStop
03-21 08:34:41.481  2691  4804 D FreecessController: BG freezed, skip OLAF unfreeze for (com.facebook.katana, 10420)
03-21 08:34:41.481  4518  4518 I HoneySpace.ContentsAnimator: end call
03-21 08:34:41.481  4518  4518 I HoneySpace.BlurAnimator: end
03-21 08:34:41.481  4518  4518 I HoneySpace.BlurAnimator: reset
03-21 08:34:41.481  4518  4518 I VRI[LauncherActivity]@bb3d84d: stopped(true) old = false
03-21 08:34:41.481  1993  1993 I SurfaceFlinger: [Display 0 name="Schermo incorporato"#49] setFrameRateCategory: High
03-21 08:34:41.481  1993  1993 I SurfaceFlinger: RequestedLayer [com.ifs.stoppai/com.ifs.stoppai.ui.MainActivity$_11683#45299] hidden!! flag  from(1) --> to(0)
03-21 08:34:41.481  1993  1993 I SurfaceFlinger: RequestedLayer [com.sec.android.app.launcher/com.sec[...]ivities.LauncherActivity$_4518#45281] hidden!! flag  from(0) --> to(1)
03-21 08:34:41.481  1993  1993 I SurfaceFlinger: RequestedLayer [com.android.systemui.wallpapers.ImageWallpaper$_4068#88] hidden!! flag  from(0) --> to(1)
03-21 08:34:41.481  1993  1993 I SurfaceFlinger: RequestedLayer [WallpaperWindowToken{df81b39 showWhenLocked=false}#83] hidden!! flag  from(0) --> to(1)
03-21 08:34:41.481  1993  1993 I SurfaceFlinger: RequestedLayer [ActivityRecord{50596031 u0 com.sec.a[...]ivities.LauncherActivity t34584}#155] hidden!! flag  from(0) --> to(1)
03-21 08:34:41.481  1993  1993 I SurfaceFlinger: RequestedLayer [Task=34584#154] hidden!! flag  from(0) --> to(1)
03-21 08:34:41.481  1993  1993 I SurfaceFlinger: destroyed Transition Root: Task=35149#45294 form LifecycleManager
03-21 08:34:41.482  1993  1993 I SurfaceFlinger: [Surface(name=40573ce com.ifs.stoppai/com.ifs.stoppai.ui.MainActivity)/@0xed41e39 - animation-leash of starting_reveal#45302] attach to parent LayerHierarchy{RequestedLayerState{ActivityRecord{257547312 u0 com.ifs.stoppai/.ui.MainActivity t35149}#45291 parentId=45290} 4 children}
03-21 08:34:41.482  1993  1993 I SurfaceFlinger: [LayerHierarchy{RequestedLayerState{40573ce com.ifs.stoppai/com.ifs.stoppai.ui.MainActivity#45298 parentId=45302} 1 children}] reparent to LayerHierarchy{RequestedLayerState{Surface(name=40573ce com.ifs.stoppai/com.ifs.stoppai.ui.MainActivity)/@0xed41e39 - animation-leash of starting_reveal#45302 parentId=45291} 1 children}
03-21 08:34:41.482  1993  1993 I SurfaceFlinger: id=45294 onLayerDestroyed from LayerHierarchyBuilder(RequestedLayerState{Transition Root: Task=35149#45294 !handle z=16})
03-21 08:34:41.484  1993  1993 I Layer   : id=45294 Destroyed Transition Root: Task=35149#45294
03-21 08:34:41.484  2691  2804 D SurfaceComposerClient: setCornerRadius ## 66a1a1 Splash Screen com.ifs.stoppai#45292 cornerRadius=0.000000
03-21 08:34:41.484  2691  2804 D SurfaceComposerClient: setCornerRadius ## 40573ce com.ifs.stoppai/com.ifs.stoppai.ui.MainActivity#45298 cornerRadius=0.000000
03-21 08:34:41.485  2227  3313 I CameraService: onUidStateChanged: uid=10250, procState is changed. (3 -> 5)
03-21 08:34:41.485  2691  2803 D BBA2    : updateWindowVisible for pid : 11683, visible : 1
03-21 08:34:41.486  4068  4217 I VRI[stoppai]@70730cf: mWNT: t=0xb400007c9d2e1cd0 mBlastBufferQueue=0xb400007e0d8cdbf0 fn= 2 HdrRenderState mRenderHdrSdrRatio=1.0 caller= android.view.SyncRtSurfaceTransactionApplier.applyTransaction:100 android.view.SyncRtSurfaceTransactionApplier.lambda$scheduleApply$0:73 android.view.SyncRtSurfaceTransactionApplier.$r8$lambda$afI4fXg3U3-nBZQEDQMiNy-B06s:0 
03-21 08:34:41.486  4068  4217 I VRI[stoppai]@70730cf: mWNT: t=0xb400007c9d263790 mBlastBufferQueue=0xb400007e0d8cdbf0 fn= 2 HdrRenderState mRenderHdrSdrRatio=1.0 caller= android.view.SyncRtSurfaceTransactionApplier.applyTransaction:100 android.view.SyncRtSurfaceTransactionApplier.lambda$scheduleApply$0:73 android.view.SyncRtSurfaceTransactionApplier.$r8$lambda$afI4fXg3U3-nBZQEDQMiNy-B06s:0 
03-21 08:34:41.486  2691  2803 I DisplayDeviceRepository: Display device changed render timings: "Schermo incorporato", renderFrameRate=60.000004, presentationDeadlineNanos=17666666, appVsyncOffsetNanos=16666666, frameRateOverrides=[{uid=10040 frameRateHz=60.000004}, {uid=10146 frameRateHz=60.000004}, {uid=10749 frameRateHz=60.000004}]
03-21 08:34:41.486  4518 11469 I HoneySpace.HoneyAppWidgetHost: stopListening, host: @39e8c00, hostId: 1024
03-21 08:34:41.487  2691  3439 I AppWidgetServiceImpl: stopListening callbacks : null
03-21 08:34:41.487  2691  2804 D SurfaceComposerClient: setCornerRadius ## 66a1a1 Splash Screen com.ifs.stoppai#45292 cornerRadius=0.000000
03-21 08:34:41.488  1993  1993 D SurfaceFlinger: Display 4630947232161729154 HWC layers:
03-21 08:34:41.488  1993  1993 D SurfaceFlinger:        DEVICE |           50178102919170 | 00002102 | RGBA_8888    |    0.0    0.0 1080.0 2316.0 |    0    0 1080 2316 | com.ifs.stoppai/com.ifs.stoppai.ui.MainActivity$_11683#45299 (1)
03-21 08:34:41.488  1993  1993 D SurfaceFlinger:        DEVICE |           17471927002868 | 00002100 | RGBA_8888    |    0.0    0.0 1080.0 2316.0 |    0    0 1080 2316 | Splash Screen com.ifs.stoppai$_4068#45293 (1)
03-21 08:34:41.488  1993  1993 D SurfaceFlinger:        DEVICE |           17471927002728 | 00002100 | RGBA_8888    |    0.0    0.0 1080.0   75.0 |    0    0 1080   75 | StatusBar$_4068#115 (137147)
03-21 08:34:41.488  1993  1993 D SurfaceFlinger:        DEVICE |           19404662251008 | 00002100 | RGBA_8888    |    0.0    0.0   67.0  342.0 | 1013  310 1080  652 | com.sec.android.app.launcher/com.sam[...]l.app.CocktailBarService$_4518#45277 (1)
03-21 08:34:41.488  1993  1993 D SurfaceFlinger:        DEVICE |           17471927002733 | 00002100 | RGBA_8888    |    0.0    0.0 1080.0  135.0 |    0 2181 1080 2316 | NavigationBar0$_4068#111 (56298)
03-21 08:34:41.488  1993  1993 D SurfaceFlinger: 
03-21 08:34:41.488  2691  2804 D SurfaceComposerClient: setCornerRadius ## 40573ce com.ifs.stoppai/com.ifs.stoppai.ui.MainActivity#45298 cornerRadius=0.000000
03-21 08:34:41.489  4518  4518 I HoneySpace.Launcher: !@Boot_EBS_D: Launcher.onStop()
03-21 08:34:41.489  4518  4518 I AutofillManager: onInvisibleForAutofill(): expiringResponse
03-21 08:34:41.489  4518  4518 I HoneySpace.OneUiSpace: onSaveInstanceState honeyScreen=p4.Y@129cc39
03-21 08:34:41.489  2691  6425 D InputDispatcher: Focus entered window (0): 40573ce com.ifs.stoppai/com.ifs.stoppai.ui.MainActivity
03-21 08:34:41.490  4518 16028 I HoneySpace.Memory-Monitor: scheduleTrim delayTime=30000
03-21 08:34:41.490 11683 11683 D VRI[MainActivity]@8d0f7ec: mThreadedRenderer.initializeIfNeeded()#2 mSurface={isValid=true 0xb400007c3d242eb0}
03-21 08:34:41.491 11683 11683 D InputMethodManagerUtils: startInputInner - Id : 0
03-21 08:34:41.491 11683 11683 I InputMethodManager: startInputInner - IInputMethodManagerGlobalInvoker.startInputOrWindowGainedFocus
03-21 08:34:41.493  2691  3386 V InputMethodManagerService: startInputOrWindowGainedFocusInternalLocked: reason=WINDOW_FOCUS_GAIN client=android.os.BinderProxy@77c3ab8 inputContext=null editorInfo=android.view.inputmethod.EditorInfo@a329fbf startInputFlags=VIEW_HAS_FOCUS|INITIAL_CONNECTION softInputMode=STATE_UNSPECIFIED|ADJUST_RESIZE|IS_FORWARD_NAVIGATION windowFlags=#81810100 unverifiedTargetSdkVersion=34 bindingController=com.android.server.inputmethod.InputMethodBindingController@dbd2165 imeDispatcher=android.window.ImeOnBackInvokedDispatcher@f4668c cs=ClientState{b9681d5 mUid=10749 mPid=11683 mSelfReportedDisplayId=0} imeRequestedVisible=false
03-21 08:34:41.493  2691  3386 V InputMethodManagerService: setWindowStateInner, windowToken=android.os.BinderProxy@7ca70c9, state=ImeTargetWindowState{ imeToken null imeFocusChanged true hasEditorFocused false requestedImeVisible false imeDisplayId 0 softInputModeState STATE_UNSPECIFIED|ADJUST_RESIZE|IS_FORWARD_NAVIGATION isStartInputByGainFocus true}
03-21 08:34:41.493  2691  3386 V InputMethodManagerService: Unspecified window will hide input
03-21 08:34:41.493  2691  3386 I ImeTracker: com.ifs.stoppai:c6b912b8: onRequestHide at ORIGIN_SERVER reason HIDE_UNSPECIFIED_WINDOW fromUser false
03-21 08:34:41.493  2691  3386 V InputMethodManagerService: applyImeVisibility state=6
03-21 08:34:41.493  8387  8387 I bsws    : onStop
03-21 08:34:41.493  2691  3386 D SemInputMethodManagerServiceUtil: restorePreviousUsedInputMethod : failed to return the previous ime becuase the stored info is null or do not need restore
03-21 08:34:41.493  2691  3386 V InputMethodManagerService: semComputeImeDisplayIdForTarget: displayToShowIme=0
03-21 08:34:41.493  2691  3386 V InputMethodManagerService: unbindCurrentInputLocked: client=android.os.BinderProxy@5016ec4
03-21 08:34:41.493  2691  3386 V InputMethodManagerService: Creating new session for client ClientState{b9681d5 mUid=10749 mPid=11683 mSelfReportedDisplayId=0}
03-21 08:34:41.493  2691  3386 V InputMethodManagerService: Creating new session for client ClientState{b9681d5 mUid=10749 mPid=11683 mSelfReportedDisplayId=0}
03-21 08:34:41.494  4068  4068 D DisplayLifecycle: updateDisplay id = 0
03-21 08:34:41.494  4068  4068 D DisplayLifecycle: updateDisplay id = 0
03-21 08:34:41.494  2691  3386 D InputTransport: Input channel constructed: 'ClientS', fd=1370
03-21 08:34:41.494  2691  3386 D InputTransport: Input channel constructed: 'ClientS', fd=1410
03-21 08:34:41.495  2691  3386 D InputTransport: Input channel destroyed: 'ClientS', fd=1410
03-21 08:34:41.495  2691  3386 V InputMethodManagerService: Creating new accessibility sessions for client ClientState{b9681d5 mUid=10749 mPid=11683 mSelfReportedDisplayId=0}
03-21 08:34:41.496 11683 11683 I InputMethodManager: handleMessage: setImeVisibility visible=false
03-21 08:34:41.496 11683 11683 D InsetsController: hide(ime(), fromIme=false)
03-21 08:34:41.496 11683 11683 I ImeTracker: com.ifs.stoppai:c6b912b8: onCancelled at PHASE_CLIENT_ALREADY_HIDDEN
03-21 08:34:41.497  4068  4200 D StackScroller: onDisplayChanged for predraw skip to 2
03-21 08:34:41.497  4068  4200 D StackScroller: onDisplayChanged for predraw skip to 2
03-21 08:34:41.497  2691  5535 D InputMethodManagerService: isImeSwitcherDisabledPackage : false
03-21 08:34:41.498  2691  5535 D InputMethodManagerService: shouldShowImeSwitcherLocked : checking vis : 3
03-21 08:34:41.499  2691  5535 V InputMethodManagerService: Disabling: SessionState{uid=10146 pid=4518 method=fae560a session=83d7bbb channel=ClientState{26dc16d mUid=10146 mPid=4518 mSelfReportedDisplayId=0} userId=0}
03-21 08:34:41.499  2691  5535 V InputMethodManagerService: Enabling: SessionState{uid=10749 pid=11683 method=fae560a session=faec7b7 channel=ClientState{b9681d5 mUid=10749 mPid=11683 mSelfReportedDisplayId=0} userId=0}
03-21 08:34:41.499  2691  4804 D FreecessController: restrictJobsByOlaf: restrict=false, uid=-1
03-21 08:34:41.500  2691  5535 D InputMethodManagerService: checkDisplayOfStartInputAndUpdateKeyboard: displayId=0, mFocusedDisplayId=0
03-21 08:34:41.500  2691  5535 D InputTransport: Input channel constructed: 'ClientS', fd=1362
03-21 08:34:41.500  2691  5535 D InputTransport: Input channel destroyed: 'ClientS', fd=1362
03-21 08:34:41.500 11683 11697 D InputTransport: Input channel constructed: 'ClientS', fd=143
03-21 08:34:41.500  4518 11547 I HoneySpace.Memory-Monitor: current state = 2, didTrim = false
03-21 08:34:41.501  4518 11547 I HoneySpace.Memory-Monitor: current state = 2, didTrim = false
03-21 08:34:41.501  2691  5165 E WindowManager: win=Window{8b6fa51 u0 com.sec.android.app.launcher/com.sec.android.app.launcher.activities.LauncherActivity} destroySurfaces: appStopped=true cleanupOnResume=false win.mWindowRemovalAllowed=false win.mRemoveOnExit=false win.mViewVisibility=8 caller=com.android.server.wm.ActivityRecord.destroySurfaces:25 com.android.server.wm.ActivityRecord.activityStopped:192 com.android.server.wm.ActivityClientController.activityStopped:97 android.app.IActivityClientController$Stub.onTransact:740 com.android.server.wm.ActivityClientController.onTransact:1 android.os.Binder.execTransactInternal:1462 android.os.Binder.execTransact:1401 
03-21 08:34:41.501  2691  2803 D SGM:FgCheckThread: getForegroundApp(), foregroundPkgName=com.ifs.stoppai
03-21 08:34:41.501  2691  2803 D SGM:FgCheckThread: pkgName: com.sec.android.app.launcher is not in foreground
03-21 08:34:41.501  2691  2803 D SGM:FgCheckThread: noteStopComponent(), received pkgName: com.sec.android.app.launcher, focusedPkgName: com.ifs.stoppai, userId: 0
03-21 08:34:41.502  2691  2801 D PkgPredictorService-SecIpmManagerServiceImpl: bg information pid:4518 uid:10146 pkgName:com.sec.android.app.launcher
03-21 08:34:41.503  2691  2691 D OlafRestriction:  olaf state update: state=false
03-21 08:34:41.503  2691  2691 D OlafRestriction:  sending trigger onRestrictionStateChanged msg.
03-21 08:34:41.503  2691  2801 D SGM:GameManager: identifyForegroundApp. com.ifs.stoppai, mCurrentUserId: 0, callerUserId: 0
03-21 08:34:41.503  2691  2801 D SGM:SemGameManager: isForegroundGame(), ret=false
03-21 08:34:41.503  2691  5165 D WifiDisplayAdapter: isFitToActiveDisplayLocked : false
03-21 08:34:41.503  2691  2801 D SGM:GameManager: identifyForegroundApp. com.ifs.stoppai, mCurrentUserId: 0, callerUserId: 0
03-21 08:34:41.503  2691  2801 D SGM:SemGameManager: isForegroundGame(), ret=false
03-21 08:34:41.503  2691  5536 D WifiDisplayAdapter: isFitToActiveDisplayLocked : false
03-21 08:34:41.504  2691  3921 D BackgroundInstallControlService: Package event received: 0
03-21 08:34:41.504  2691  2691 I WALLPAPER_SVC:SemWallpaperManagerService: isHomeActivityVisible : false 
03-21 08:34:41.504  2691  2691 D WALLPAPER_SVC:WallpaperData: getWallpaperFile: file = /data/system/users/0/wallpaper_orig 
03-21 08:34:41.504  2691  2691 D WALLPAPER_SVC:WallpaperData: getWallpaperFile: file = /data/system/users/0/wallpaper_orig 
03-21 08:34:41.505  2691  2691 D WALLPAPER_SVC:WallpaperManagerService: dispatchHomeVisibilityChanged: visible = false, connection = com.android.server.wallpaper.WallpaperManagerService$WallpaperConnection@42bd244, systemWallpaper = WallpaperData@d3e4c64, id: 4, which: 5, file mod: 1710888882023, info: null, engine(s): Proxy@25fca60, type = 0, userId = 0, uri= null, allowBackup= true, wallpaperComponent = ComponentInfo{com.android.systemui/com.android.systemui.wallpapers.ImageWallpaper}, nextWallpaperComponent = ComponentInfo{com.android.systemui/com.android.systemui.wallpapers.ImageWallpaper} 
03-21 08:34:41.505 12277 12277 I HBD     : HoneyBoardService onFinishInput 
03-21 08:34:41.505 12277 12277 I HBD     : a IC have been unbinding,  RemoteInputConnection{idHash=#1dc09f5}
03-21 08:34:41.505 12277 12277 I HBD     : HoneyBoardService [PF_CL][onFinishInput]  0 ms 
03-21 08:34:41.505 12277 12277 I HBD     : HoneyBoardService [IMI] onStartInput - caller pid : 11683 , caller uid : 10749 
03-21 08:34:41.505 12277 12277 I HBD     : r updateConfigs 
03-21 08:34:41.505 12277 12277 I HBD     : r isEnabledNightMode : false 
03-21 08:34:41.505 12277 12277 I HBD     : a IC have been binding, RemoteInputConnection{idHash=#e989830} 
03-21 08:34:41.505 12277 12277 I HBD     : h [EditorInputType]setPrivateImeOptionsToTable privateImeOptions ( null )
03-21 08:34:41.505 12277 12277 I HBD     : b incognitoMode : false 
03-21 08:34:41.505 12277 12277 I HBD     : f needOff = true , isForceOff = false, isNullInputClass : true 
03-21 08:34:41.505 12277 12277 I HBD     : h getDefaultInputRange : UNKNOWN 
03-21 08:34:41.505 12277 12277 I HBD     : h getDefaultInputRange : UNKNOWN 
03-21 08:34:41.505 12277 12277 I HBD     : h getDefaultInputRange : UNKNOWN 
03-21 08:34:41.505 12277 12277 I HBD     : i [AiWriter] isChildBlockCase:
03-21 08:34:41.506  2691  5542 D RestrictionPolicy: isScreenCaptureEnabled : ret=true userId=0
03-21 08:34:41.506  2691  5542 I WindowManager: Cancelling animation restarting=true, leash=Surface(name=Surface(name=86c9667 InputMethod)/@0xa8922b2 - animation-leash of insets_animation)/@0xefb1742
03-21 08:34:41.506  2691  5542 I WindowManager: Reparenting to original parent: Surface(name=WindowToken{e370a43 type=2011 android.os.Binder@30533f2})/@0xca23203, destroy=false, surface=Surface(name=86c9667 InputMethod)/@0xa8922b2
03-21 08:34:41.506  2691  5542 I WindowManager: Reparenting to leash, surface=Surface(name=86c9667 InputMethod)/@0xa8922b2, leashParent=Surface(name=WindowToken{e370a43 type=2011 android.os.Binder@30533f2})/@0xca23203
03-21 08:34:41.506  4068  4216 I VRI[stoppai]@70730cf: mWNT: t=0xb400007c9d2c2690 mBlastBufferQueue=0xb400007e0d8cdbf0 fn= 3 HdrRenderState mRenderHdrSdrRatio=1.0 caller= android.view.SyncRtSurfaceTransactionApplier.applyTransaction:100 android.view.SyncRtSurfaceTransactionApplier.lambda$scheduleApply$0:73 android.view.SyncRtSurfaceTransactionApplier.$r8$lambda$afI4fXg3U3-nBZQEDQMiNy-B06s:0 
03-21 08:34:41.506  1993  2126 I SurfaceFlinger: id=45303 createSurf, flag=24004, Surface(name=86c9667 InputMethod)/@0xa8922b2 - animation-leash of insets_animation#45303
03-21 08:34:41.507  2691  4804 I NSLocationMonitor: getGPSUsingApps() called
03-21 08:34:41.507  1207  1207 W keymint_tee: [WRN]begin req PARAMS: A32, BM2, PD64, 
03-21 08:34:41.507  2691  5542 D WindowManager: makeSurface duration=1 leash=Surface(name=Surface(name=86c9667 InputMethod)/@0xa8922b2 - animation-leash of insets_animation)/@0x992a590
03-21 08:34:41.507  2691  5542 D InsetsSourceProvider: updateControlForTarget: control=InsetsSourceControl: {3 mType=ime mSurfacePosition=Point(0, 75) mInsetsHint=Insets{left=0, top=0, right=0, bottom=1008}}, target=Window{40573ce u0 com.ifs.stoppai/com.ifs.stoppai.ui.MainActivity}, from=com.android.server.wm.ImeInsetsSourceProvider.updateControlForTarget:17 com.android.server.wm.InsetsStateController.onControlTargetChanged:83 com.android.server.wm.DisplayContent.updateImeControlTarget:21 com.android.server.wm.DisplayContent.updateImeInputAndControlTarget:156 com.android.server.wm.WindowManagerService$LocalService.updateInputMethodTargetWindow:64 
03-21 08:34:41.507  2691  5542 I ImeTracker: system_server:251db585: onRequestHide at ORIGIN_SERVER reason IME_REQUESTED_CHANGED_LISTENER fromUser false
03-21 08:34:41.507  4758 11514 I NSLocationManager_FLP: getGPSUsingApps, No change
03-21 08:34:41.508  2691  2803 V InputMethodManagerService: Client requesting input be hidden
03-21 08:34:41.508  2691  2803 V InputMethodManagerService: setWindowStateInner, windowToken=android.os.BinderProxy@7ca70c9, state=ImeTargetWindowState{ imeToken android.os.Binder@aa48abc imeFocusChanged true hasEditorFocused false requestedImeVisible false imeDisplayId 0 softInputModeState STATE_UNSPECIFIED|ADJUST_RESIZE|IS_FORWARD_NAVIGATION isStartInputByGainFocus true}
03-21 08:34:41.508  2691  2803 I ImeTracker: system_server:251db585: onCancelled at PHASE_SERVER_SHOULD_HIDE
03-21 08:34:41.508  2691  2803 V InputMethodManagerService: hideCurrentInputLocked : canceled, shouldHideSoftInput=false, mInputShown=false, mImeWindowVis=0
03-21 08:34:41.508  2691  2804 D SurfaceComposerClient: setCornerRadius ## 66a1a1 Splash Screen com.ifs.stoppai#45292 cornerRadius=0.000000
03-21 08:34:41.508  2691  2804 D SurfaceComposerClient: setCornerRadius ## 40573ce com.ifs.stoppai/com.ifs.stoppai.ui.MainActivity#45298 cornerRadius=0.000000
03-21 08:34:41.509  2691  2804 D SurfaceComposerClient: setCornerRadius ## 66a1a1 Splash Screen com.ifs.stoppai#45292 cornerRadius=0.000000
03-21 08:34:41.509  2691  2804 D SurfaceComposerClient: setCornerRadius ## 40573ce com.ifs.stoppai/com.ifs.stoppai.ui.MainActivity#45298 cornerRadius=0.000000
03-21 08:34:41.509  1207  1207 D keymint_swd: keymint_swd keymint [WRN] (km_add_tag:528) skip: non repetable tag already exists with different value: 268435458
03-21 08:34:41.509  1207  1207 D keymint_swd: keymint_swd keymint [WRN] (swd_run_cb:267) swd_begin() returns 0
03-21 08:34:41.509  1207  1207 D android.hardware.security.keymint-service: begin: ret 0
03-21 08:34:41.510  1203  5823 I keystore2: system/security/keystore2/src/security_level.rs:466 - In create_operation. Success to create IKeystoreOperation. 10517, None
03-21 08:34:41.510 18898 18912 I SamsungAccount: [AccountManagerProvider] isChildAccount
03-21 08:34:41.510 18898 18912 I SamsungAccount: [AccountManagerProvider] Calling package : android.honeyboard.
03-21 08:34:41.512  1207  1207 D keymint_swd: keymint_swd keymint [WRN] (swd_run_cb:267) swd_update() returns 0
03-21 08:34:41.512  1207  1207 D android.hardware.security.keymint-service: update: ret 0
03-21 08:34:41.513  2691  4804 W Binder  : Outgoing transactions from this process must be FLAG_ONEWAY
03-21 08:34:41.513  2691  4804 W Binder  : java.lang.Throwable
03-21 08:34:41.513  2691  4804 W Binder  : 	at android.os.BinderProxy.transact(BinderProxy.java:566)
03-21 08:34:41.513  2691  4804 W Binder  : 	at android.bluetooth.IBluetoothGatt$Stub$Proxy.getAdvertisingSetUids(IBluetoothGatt.java:1678)
03-21 08:34:41.513  2691  4804 W Binder  : 	at android.bluetooth.BluetoothAdapter.getAdvertisingSetUids(BluetoothAdapter.java:8476)
03-21 08:34:41.513  2691  4804 W Binder  : 	at android.bluetooth.BluetoothAdapter.getHWUsingApps(BluetoothAdapter.java:1342)
03-21 08:34:41.513  2691  4804 W Binder  : 	at com.android.server.am.mars.filter.filter.BlueToothConnectedFilter.updateBTUsingPackages(qb/106571952 c4c4375f2809767d35c3924eb0560cb9c53861c2af8e84225184923cb2856e18:22)
03-21 08:34:41.513  2691  4804 W Binder  : 	at com.android.server.am.FreecessController.freeze(qb/106571952 c4c4375f2809767d35c3924eb0560cb9c53861c2af8e84225184923cb2856e18:117)
03-21 08:34:41.513  2691  4804 W Binder  : 	at com.android.server.am.FreecessHandler$MainHandler.handleLcdOnFreeze(qb/106571952 c4c4375f2809767d35c3924eb0560cb9c53861c2af8e84225184923cb2856e18:55)
03-21 08:34:41.513  2691  4804 W Binder  : 	at com.android.server.am.FreecessHandler$MainHandler.handleMessage(qb/106571952 c4c4375f2809767d35c3924eb0560cb9c53861c2af8e84225184923cb2856e18:793)
03-21 08:34:41.513  2691  4804 W Binder  : 	at android.os.Handler.dispatchMessage(Handler.java:110)
03-21 08:34:41.513  2691  4804 W Binder  : 	at android.os.Looper.loopOnce(Looper.java:273)
03-21 08:34:41.513  2691  4804 W Binder  : 	at android.os.Looper.loop(Looper.java:363)
03-21 08:34:41.513  2691  4804 W Binder  : 	at android.os.HandlerThread.run(HandlerThread.java:85)
03-21 08:34:41.514  1207  1207 D keymint_swd: keymint_swd keymint [WRN] (swd_run_cb:267) swd_finish() returns 0
03-21 08:34:41.514  1207  1207 D android.hardware.security.keymint-service: finish: ret 0
03-21 08:34:41.514  1993  1993 I SurfaceFlinger: [LayerHierarchy{RequestedLayerState{com.sec.android.app.launcher/com.sec.android.app.launcher.activities.LauncherActivity$_4518#45281} no children}] reparent to OffscreenRoot
03-21 08:34:41.514  1993  1993 I SurfaceFlinger: [LayerHierarchy{RequestedLayerState{com.sec.android.app.launcher/com.sec.android.app.launcher.activities.LauncherActivity$_4518#45281} no children}] RelativeParent to null
03-21 08:34:41.514  1993  1993 I SurfaceFlinger: [Surface(name=86c9667 InputMethod)/@0xa8922b2 - animation-leash of insets_animation#45303] attach to parent LayerHierarchy{RequestedLayerState{WindowToken{e370a43 type=2011 android.os.Binder@30533f2}#38452 parentId=15} 2 children}
03-21 08:34:41.515  1993  1993 I SurfaceFlinger: id=45281 Removed com.sec.android.app.launcher/com.sec.android.app.launcher.activities.LauncherActivity$_4518#45281 (173)
03-21 08:34:41.516  4068  4217 I VRI[stoppai]@70730cf: mWNT: t=0xb400007c9d305910 mBlastBufferQueue=0xb400007e0d8cdbf0 fn= 4 HdrRenderState mRenderHdrSdrRatio=1.0 caller= android.view.SyncRtSurfaceTransactionApplier.applyTransaction:100 android.view.SyncRtSurfaceTransactionApplier.lambda$scheduleApply$0:73 android.view.SyncRtSurfaceTransactionApplier.$r8$lambda$afI4fXg3U3-nBZQEDQMiNy-B06s:0 
03-21 08:34:41.517 11503 11657 I Routine@Core[4.9.04.13]: AppFunctionsActionHandler: isSupported: supportStatus = SUPPORTED, tag = appfunction://com.sec.android.app.clockpackage.crossappactions#StopwatchCrossAppFunctions_stopStopwatch
03-21 08:34:41.521 11503 11657 I Routine@Core[4.9.04.13]: TASKD/ActionTaskAdapterFactoryImpl: getAdapter - metaId=appfunction://com.samsung.android.gallery.crossapp.function#PhotoFunctions_findMediaItems(id=421)
03-21 08:34:41.523  1207  1207 W keymint_tee: [WRN]begin req PARAMS: A32, BM2, PD64, 
03-21 08:34:41.525 18898 18912 I SamsungAccount: [SignatureInfoDbHelper] searchOnUser(fromDb) - [10/lfgff][android.honeyboard.][64/3291d] => matched
03-21 08:34:41.525 18898 18912 I SamsungAccount: [AccountManagerProvider] This is the access of the allowed application
03-21 08:34:41.525 18898 18912 I SamsungAccount: [AccountManagerUtil] isSamsungAccountSignedIn : true
03-21 08:34:41.528  1207  1207 D keymint_swd: keymint_swd keymint [WRN] (km_add_tag:528) skip: non repetable tag already exists with different value: 268435458
03-21 08:34:41.528  1207  1207 D keymint_swd: keymint_swd keymint [WRN] (swd_run_cb:267) swd_begin() returns 0
03-21 08:34:41.528  1207  1207 D android.hardware.security.keymint-service: begin: ret 0
03-21 08:34:41.528  1203  5823 I keystore2: system/security/keystore2/src/security_level.rs:466 - In create_operation. Success to create IKeystoreOperation. 10517, None
03-21 08:34:41.529 18898 18912 I SamsungAccount: [TPMU]  SIMState     :SIM_STATE_READY
03-21 08:34:41.529 18898 18912 I SamsungAccount: [CountryCodeUtil] isChinaCountryCode : false
03-21 08:34:41.531  1993  1993 I SurfaceFlinger: RequestedLayer [Surface(name=86c9667 InputMethod)/@0[...]tion-leash of insets_animation#45303] hidden!! flag  from(1) --> to(0)
03-21 08:34:41.531  1993  1993 E SurfaceFlinger: alpha changed 1.000 -> 0.000 - Surface(name=86c9667 InputMethod)/@0xa8922b2 - animation-leash of insets_animation#45303
03-21 08:34:41.531  1993  1993 I SurfaceFlinger: destroyed com.sec.android.app.launcher/com.sec.android.app.launcher.activities.LauncherActivity$_4518#45281 form LifecycleManager
03-21 08:34:41.531  1993  1993 I SurfaceFlinger: [LayerHierarchy{RequestedLayerState{ImeContainer#15 parentId=45291 relativeParentId=45291 z=3} 1 children}] reparent to LayerHierarchy{RequestedLayerState{ActivityRecord{257547312 u0 com.ifs.stoppai/.ui.MainActivity t35149}#45291 parentId=45290} 4 children}
03-21 08:34:41.531  1993  1993 I SurfaceFlinger: [LayerHierarchy{RequestedLayerState{ImeContainer#15 parentId=45291 relativeParentId=45291 z=3} 1 children}] RelativeParent to null
03-21 08:34:41.531  1993  1993 I SurfaceFlinger: [LayerHierarchy{RequestedLayerState{86c9667 InputMethod#38454 parentId=45303} no children}] reparent to LayerHierarchy{RequestedLayerState{Surface(name=86c9667 InputMethod)/@0xa8922b2 - animation-leash of insets_animation#45303 parentId=38452} 1 children}
03-21 08:34:41.531  1993  1993 I SurfaceFlinger: [LayerHierarchy{RequestedLayerState{Surface(name=86c9667 InputMethod)/@0xa8922b2 - animation-leash of insets_animation#45288} no children}] reparent to OffscreenRoot
03-21 08:34:41.531  1993  1993 I SurfaceFlinger: [LayerHierarchy{RequestedLayerState{Surface(name=86c9667 InputMethod)/@0xa8922b2 - animation-leash of insets_animation#45288} no children}] RelativeParent to null
03-21 08:34:41.531  1993  1993 I SurfaceFlinger: id=45281 onLayerDestroyed from LayerHierarchyBuilder(RequestedLayerState{com.sec.android.app.launcher/com.sec.android.app.launcher.activities.LauncherActivity$_4518#45281 !handle})
03-21 08:34:41.532  1993  1993 I Layer   : id=45281 Destroyed com.sec.android.app.launcher/com.sec.android.app.launcher.activities.LauncherActivity$_4518#45281
03-21 08:34:41.533  1993  2127 I SurfaceFlinger: id=45288 Removed Surface(name=86c9667 InputMethod)/@0xa8922b2 - animation-leash of insets_animation#45288 (172)
03-21 08:34:41.534  4518  4518 I HoneySpace.EdgePanel.EdgeVisibilityRepository: getComputedTrayVisible : keyguardState = 1
03-21 08:34:41.534  1207  1207 D keymint_swd: keymint_swd keymint [WRN] (swd_run_cb:267) swd_update() returns 0
03-21 08:34:41.534  4518  4518 I HoneySpace.EdgePanel.EdgeVisibilityRepository: updateTrayVisible: State = 0x1, visible = true, current containerState = 0, specificMode = 0
03-21 08:34:41.534  1207  1207 D android.hardware.security.keymint-service: update: ret 0
03-21 08:34:41.534  4518  4518 I HoneySpace.EdgePanel.EdgeVisibilityRepository: Same container state 0
03-21 08:34:41.535  2691  5542 I WindowManager: Relayout Window{66a1a1 u0 Splash Screen com.ifs.stoppai}: viewVisibility=8 req=1080x2316 ty=3 d0
03-21 08:34:41.536  2691  5542 D SurfaceComposerClient: setCornerRadius ## 40573ce com.ifs.stoppai/com.ifs.stoppai.ui.MainActivity#45298 cornerRadius=0.000000
03-21 08:34:41.536  2691  5542 D SurfaceComposerClient: setCornerRadius ## 66a1a1 Splash Screen com.ifs.stoppai#45292 cornerRadius=0.000000
03-21 08:34:41.536  2691  5542 D SurfaceComposerClient: setCornerRadius ## 40573ce com.ifs.stoppai/com.ifs.stoppai.ui.MainActivity#45298 cornerRadius=0.000000
03-21 08:34:41.536 18898 18912 I SamsungAccount: [TPMU] getMccFromUsim
03-21 08:34:41.536 18898 18912 I SamsungAccount: [MccManager] saveMccToPreference Start
03-21 08:34:41.536 18898 18912 I SamsungAccount: [MccManager] saveMccToPreference, mcc is same with previous mcc
03-21 08:34:41.536  2691  5542 I WindowManager: Relayout hash=66a1a1, pid=4068, syncId=-1: mAttrs={(0,0)(fillxfill) sim={adjust=pan} ty=APPLICATION_STARTING fmt=TRANSLUCENT wanim=0x1030317
03-21 08:34:41.536  2691  5542 I WindowManager:   fl=81030118
03-21 08:34:41.536  2691  5542 I WindowManager:   pfl=10000010
03-21 08:34:41.536  2691  5542 I WindowManager:   apr=18
03-21 08:34:41.536  2691  5542 I WindowManager:   bhv=1
03-21 08:34:41.536  2691  5542 I WindowManager:   fitSides=0
03-21 08:34:41.536  2691  5542 I WindowManager:   frameRateBoostOnTouch=true
03-21 08:34:41.536  2691  5542 I WindowManager:   dvrrWindowFrameRateHint=true naviIconColor=0}
03-21 08:34:41.537 18898 18912 I SamsungAccount: [ChildAccountSupportedListManager] getSupportedListFromLocal from cache
03-21 08:34:41.537  4068  4189 I VRI[stoppai]@70730cf: onActiveControlsChanged, removed=false, mAdded=true, caller=android.view.ViewRootImpl.handleInsetsControlChanged:3002 android.view.ViewRootImpl.relayoutWindow:11629 android.view.ViewRootImpl.performTraversals:4804 android.view.ViewRootImpl.doTraversal:3924 android.view.ViewRootImpl$TraversalRunnable.run:12903 
03-21 08:34:41.538  4068  4189 I VRI[stoppai]@70730cf: Relayout returned: old=(0,0,1080,2316) new=(0,0,1080,2316) relayoutAsync=false req=(1080,2316)8 dur=3 res=0x2 s={false 0x0} ch=true seqId=0
03-21 08:34:41.538  4068  4189 D VRI[stoppai]@70730cf: Not drawing due to not visible. Reason=View.GONE
03-21 08:34:41.538  4068  4189 W WindowOnBackDispatcher: sendCancelIfRunning: isInProgress=false callback=android.view.ViewRootImpl$$ExternalSyntheticLambda16@112eab6
03-21 08:34:41.538  4068  4189 I VRI[stoppai]@70730cf: dispatchDetachedFromWindow
03-21 08:34:41.538 18898 18912 I SamsungAccount: [TPMU]  SIMState     :SIM_STATE_READY
03-21 08:34:41.538  2691  5542 D WindowManager: Starting window removed Window{66a1a1 u0 Splash Screen com.ifs.stoppai}
03-21 08:34:41.538 18898 18912 I SamsungAccount: [CountryCodeUtil] isChinaCountryCode : false
03-21 08:34:41.538  2691  5542 I WindowManager: Cancelling animation restarting=false, leash=Surface(name=Surface(name=40573ce com.ifs.stoppai/com.ifs.stoppai.ui.MainActivity)/@0xed41e39 - animation-leash of starting_reveal)/@0x51cc5df
03-21 08:34:41.538  2691  5542 I WindowManager: Reparenting to original parent: Surface(name=ActivityRecord{257547312 u0 com.ifs.stoppai/.ui.MainActivity t35149})/@0xa9c6c7e, destroy=false, surface=Surface(name=40573ce com.ifs.stoppai/com.ifs.stoppai.ui.MainActivity)/@0xed41e39
03-21 08:34:41.538  1207  1207 D keymint_swd: keymint_swd keymint [WRN] (swd_run_cb:267) swd_finish() returns 0
03-21 08:34:41.538  1207  1207 D android.hardware.security.keymint-service: finish: ret 0
03-21 08:34:41.538  2691  5542 D InputTransport: Input channel destroyed: '66a1a1 ', fd=1145
03-21 08:34:41.539  2691  5542 V WindowManager: Remove Window{66a1a1 u0 Splash Screen com.ifs.stoppai}: mSurfaceControl=Surface(name=Splash Screen com.ifs.stoppai$_4068)/@0xb1c7bee mAnimatingExit=false mRemoveOnExit=false mHasSurface=true surfaceShowing=true animating=false app-animation=false callers=com.android.server.wm.Session.remove:16 android.view.IWindowSession$Stub.onTransact:804 com.android.server.wm.Session.onTransact:1 android.os.Binder.execTransactInternal:1462 android.os.Binder.execTransact:1401 <bottom of call stack> 
03-21 08:34:41.539  2691  5542 D SurfaceComposerClient: setCornerRadius ## 40573ce com.ifs.stoppai/com.ifs.stoppai.ui.MainActivity#45298 cornerRadius=0.000000
03-21 08:34:41.539  2691  5542 D WindowManager: updateSystemBarAttributes: displayId=0, focusedCanBeNavColorWin=false, win=Window{40573ce u0 com.ifs.stoppai/com.ifs.stoppai.ui.MainActivity}, navColorWin=Window{40573ce u0 com.ifs.stoppai/com.ifs.stoppai.ui.MainActivity}, caller=com.android.server.wm.DisplayPolicy.finishPostLayoutPolicyLw:17 com.android.server.wm.RootWindowContainer.applySurfaceChangesTransaction$1:195 com.android.server.wm.RootWindowContainer.performSurfacePlacementNoTrace:59 
03-21 08:34:41.539  2691  5542 D WindowManager: updateSystemBarAttributes, bhv=1, apr=16, statusBarAprRegions=[AppearanceRegion{ bounds=[0,0][1080,2316]}], requestedVisibilities=-9
03-21 08:34:41.539  2691  5542 D SurfaceComposerClient: setCornerRadius ## 40573ce com.ifs.stoppai/com.ifs.stoppai.ui.MainActivity#45298 cornerRadius=0.000000
03-21 08:34:41.539  4068  4189 D InputTransport: Input channel destroyed: '66a1a1 ', fd=608
03-21 08:34:41.540  2227  2227 I CameraService: onUidStateChanged: uid=10040, procState is changed. (1 -> 0)
03-21 08:34:41.541 18898 18912 I SamsungAccount: [TPMU] getMccFromUsim
03-21 08:34:41.541 18898 18912 I SamsungAccount: [MccManager] saveMccToPreference Start
03-21 08:34:41.541 18898 18912 I SamsungAccount: [MccManager] saveMccToPreference, mcc is same with previous mcc
03-21 08:34:41.541 18898 18912 I SamsungAccount: [FamilyGroupUtil] meetKoreaCountryCondition(beforeSignUp=false): false
03-21 08:34:41.541 18898 18912 I SamsungAccount: [ChildAccountSupportedListManager] getSupportedListFromLocal from cache
03-21 08:34:41.542 18898 18912 I SamsungAccount: [TPMU]  SIMState     :SIM_STATE_READY
03-21 08:34:41.542 18898 18912 I SamsungAccount: [CountryCodeUtil] isChinaCountryCode : false
03-21 08:34:41.542 18898 18912 I SamsungAccount: [TPMU] getMccFromUsim
03-21 08:34:41.542 18898 18912 I SamsungAccount: [MccManager] saveMccToPreference Start
03-21 08:34:41.542 18898 18912 I SamsungAccount: [MccManager] saveMccToPreference, mcc is same with previous mcc
03-21 08:34:41.542 18898 18912 I SamsungAccount: [FamilyGroupUtil] meetServerCountryCondition(beforeSignUp=false): true
03-21 08:34:41.543 18898 18912 I SamsungAccount: [TPMU]  SIMState     :SIM_STATE_READY
03-21 08:34:41.543 18898 18912 I SamsungAccount: [CountryCodeUtil] isChinaCountryCode : false
03-21 08:34:41.543  2691  5536 W WindowManager: Failed looking up window session=Session{f31bd73 4068:u0a10040} callers=com.android.server.wm.WindowManagerService.windowForClientLocked:1 com.android.server.wm.Session.setOnBackInvokedCallbackInfo:15 android.view.IWindowSession$Stub.onTransact:1390 
03-21 08:34:41.543  2691  5536 I WindowManager: setOnBackInvokedCallback(): No window state for package:com.android.systemui
03-21 08:34:41.544 18898 18912 I SamsungAccount: [TPMU] getMccFromUsim
03-21 08:34:41.544 18898 18912 I SamsungAccount: [MccManager] saveMccToPreference Start
03-21 08:34:41.544 18898 18912 I SamsungAccount: [MccManager] saveMccToPreference, mcc is same with previous mcc
03-21 08:34:41.544 18898 18912 I SamsungAccount: [FamilyGroupUtil] meetKoreaOneUiCondition: false
03-21 08:34:41.544 18898 18912 I SamsungAccount: [ChildAccountSupportedListManager] getSupportedListFromLocal from cache
03-21 08:34:41.544 18898 18912 I SamsungAccount: [FamilyGroupUtil] meetServerOneUiCondition: true
03-21 08:34:41.544 18898 18912 I SamsungAccount: [FamilyGroupUtil] isSupportFamilyService: true
03-21 08:34:41.544 18898 18912 I SamsungAccount: [AccountManagerUtil] isSamsungAccountSignedIn : true
03-21 08:34:41.544 18898 18912 I SamsungAccount: [ChildAccount] isChildAccount : false
03-21 08:34:41.544 18898 18912 I SamsungAccount: [AccountManagerProvider] makeResultBundle - resultCode : 0
03-21 08:34:41.545 12277 12277 I HBD     : i [AiWriter] isChildAccount:false
03-21 08:34:41.545 12277 12277 I HBD     : f needOff = true , isForceOff = false, isNullInputClass : true 
03-21 08:34:41.545 12277 12277 I HBD     : f update cached prediction status : false 
03-21 08:34:41.545 12277 12277 I HBD     : h getDefaultInputRange : UNKNOWN 
03-21 08:34:41.545 12277 12277 I HBD     : h getDefaultInputRange : UNKNOWN 
03-21 08:34:41.545 12277 12277 I HBD     : a currentState : 0 
03-21 08:34:41.545 12277 12277 I HBD     : a [UpdatePolicy] [post] a: 0 cl: 2162688 kit: [0/0] vt: 0 ir: 1 
03-21 08:34:41.546  4068  4068 D SamsungLightBarControlHelper: updateStatusBar (WHITE icon) numStacks:1, StatusBarMode:MODE_TRANSPARENT, lightBarBounds:[], StatusBarState:SHADE, packageName:, isWhiteKeyguardStatusBar:true
03-21 08:34:41.546  4068  4068 D SamsungLightBarControlHelper: onStatusBarAppearanceChanged() -  sbModeChanged:false, statusBarMode:0, barState:MODE_TRANSPARENT, isKeyguardShowing:false, navbarColorManagedByIme:false, (AppearanceRegion{ bounds=[0,0][1080,2316]}, )
03-21 08:34:41.548 12277 12277 I HBD     : a [NRIC] resetNoResponseState 
03-21 08:34:41.548  1993  1993 I SurfaceFlinger: destroyed Surface(name=86c9667 InputMethod)/@0xa8922b2 - animation-leash of insets_animation#45288 form LifecycleManager
03-21 08:34:41.548  1993  1993 I SurfaceFlinger: id=45288 onLayerDestroyed from LayerHierarchyBuilder(RequestedLayerState{Surface(name=86c9667 InputMethod)/@0xa8922b2 - animation-leash of insets_animation#45288 !handle})
03-21 08:34:41.548 12277 12277 I HBD     : f needOff = true , isForceOff = false, isNullInputClass : true 
03-21 08:34:41.548 12277 12277 I HBD     : f update cached prediction status : false 
03-21 08:34:41.548 12277 12277 I HBD     : b [AiWriter] setContact : com.ifs.stoppai
03-21 08:34:41.548 12277 12277 I HBD     : a [AiWriter] setContact : com.ifs.stoppai
03-21 08:34:41.548 12277 12277 I HBD     : F EBD si S 0 
03-21 08:34:41.548  1993  1993 I Layer   : id=45288 Destroyed Surface(name=86c9667 InputMethod)/@0xa8922b2 - animation-leash of insets_animation#45288
03-21 08:34:41.548 12277 12277 I HBD     : m updateContactDBLanguage : 0 
03-21 08:34:41.549 12277 12277 I HBD     : a [UpdatePolicy] [post] a: 31 cl: 2162688 kit: [0/0] vt: 0 ir: 1 
03-21 08:34:41.549 12277 12277 I HBD     : HoneyBoardService [PF_OP][onStartInput]  44 ms 
03-21 08:34:41.550 12277 12277 I InputMethodService: scheduleImeSurfaceRemoval: removeImeSurface is posted.
03-21 08:34:41.550 12277 12277 I HBD     : [DirectWriting] DirectWriting emitInputConnection : RemoteInputConnection{idHash=#e989830} 
03-21 08:34:41.551  2691  2804 D SurfaceComposerClient: setCornerRadius ## 40573ce com.ifs.stoppai/com.ifs.stoppai.ui.MainActivity#45298 cornerRadius=0.000000
03-21 08:34:41.552 21828 11251 I [PeripheralWriteListener]: 68FD4F356891C44B6869DF825A5CB20D waiting...
03-21 08:34:41.557  2691  4804 D FreecessController: FZ : com.instagram.android(10454) [16093, 31104] reason: Bg [cached:O
03-21 08:34:41.557  2691  4804 D FreecessHandler: freeze com.instagram.android(10454) result : 0
03-21 08:34:41.558  2691  4804 I NSLocationMonitor: getGPSUsingApps() called
03-21 08:34:41.558  4758 11514 I NSLocationManager_FLP: getGPSUsingApps, No change
03-21 08:34:41.564  1993  1993 I SurfaceFlinger: [Display 0 name="Schermo incorporato"#49] setFrameRateCategory: Default
03-21 08:34:41.564  1993  1993 I SurfaceFlinger: [LayerHierarchy{RequestedLayerState{ImeContainer#15 parentId=45291 relativeParentId=45298 z=1} 1 children}] RelativeParent to LayerHierarchy{RequestedLayerState{40573ce com.ifs.stoppai/com.ifs.stoppai.ui.MainActivity#45298 parentId=45291} 2 children}
03-21 08:34:41.564  1993  1993 I SurfaceFlinger: [LayerHierarchy{RequestedLayerState{66a1a1 Splash Screen com.ifs.stoppai#45292 z=2147483647} 1 children}] reparent to OffscreenRoot
03-21 08:34:41.564  1993  1993 I SurfaceFlinger: [LayerHierarchy{RequestedLayerState{66a1a1 Splash Screen com.ifs.stoppai#45292 z=2147483647} 1 children}] RelativeParent to null
03-21 08:34:41.564  1993  1993 I SurfaceFlinger: [LayerHierarchy{RequestedLayerState{Splash Screen com.ifs.stoppai$_4068#45293} no children}] reparent to OffscreenRoot
03-21 08:34:41.564  1993  1993 I SurfaceFlinger: [LayerHierarchy{RequestedLayerState{Splash Screen com.ifs.stoppai$_4068#45293} no children}] RelativeParent to null
03-21 08:34:41.564  1993  1993 I SurfaceFlinger: [LayerHierarchy{RequestedLayerState{Surface(name=40573ce com.ifs.stoppai/com.ifs.stoppai.ui.MainActivity)/@0xed41e39 - animation-leash of starting_reveal#45302} 1 children}] reparent to OffscreenRoot
03-21 08:34:41.564  1993  1993 I SurfaceFlinger: [LayerHierarchy{RequestedLayerState{Surface(name=40573ce com.ifs.stoppai/com.ifs.stoppai.ui.MainActivity)/@0xed41e39 - animation-leash of starting_reveal#45302} 1 children}] RelativeParent to null
03-21 08:34:41.564  1993  1993 I SurfaceFlinger: [LayerHierarchy{RequestedLayerState{40573ce com.ifs.stoppai/com.ifs.stoppai.ui.MainActivity#45298 parentId=45291} 2 children}] reparent to LayerHierarchy{RequestedLayerState{ActivityRecord{257547312 u0 com.ifs.stoppai/.ui.MainActivity t35149}#45291 parentId=45290} 3 children}
03-21 08:34:41.565  4068  4068 D SystemUIService: SYSUI_RAM_OPTIMIZATION onTrimMemory=20
03-21 08:34:41.565  4068  4068 D CentralSurfaces: SYSUI_RAM_OPTIMIZATION onTrimMemory=20
03-21 08:34:41.565  1993  1993 I SurfaceFlinger: id=45293 Removed Splash Screen com.ifs.stoppai$_4068#45293 (171)
03-21 08:34:41.565  1993  1993 I SurfaceFlinger: id=45292 Removed 66a1a1 Splash Screen com.ifs.stoppai#45292 (171)
03-21 08:34:41.566  1993  1993 D SurfaceFlinger: Display 4630947232161729154 HWC layers:
03-21 08:34:41.566  1993  1993 D SurfaceFlinger:        DEVICE |           50178102919171 | 00002102 | RGBA_8888    |    0.0    0.0 1080.0 2316.0 |    0    0 1080 2316 | com.ifs.stoppai/com.ifs.stoppai.ui.MainActivity$_11683#45299 (2)
03-21 08:34:41.566  1993  1993 D SurfaceFlinger:        DEVICE |           17471927002728 | 00002100 | RGBA_8888    |    0.0    0.0 1080.0   75.0 |    0    0 1080   75 | StatusBar$_4068#115 (137147)
03-21 08:34:41.566  1993  1993 D SurfaceFlinger:        DEVICE |           19404662251008 | 00002100 | RGBA_8888    |    0.0    0.0   67.0  342.0 | 1013  310 1080  652 | com.sec.android.app.launcher/com.sam[...]l.app.CocktailBarService$_4518#45277 (1)
03-21 08:34:41.566  1993  1993 D SurfaceFlinger:        DEVICE |           17471927002732 | 00002100 | RGBA_8888    |    0.0    0.0 1080.0  135.0 |    0 2181 1080 2316 | NavigationBar0$_4068#111 (56300)
03-21 08:34:41.566  1993  1993 D SurfaceFlinger: 
03-21 08:34:41.567  2691  2803 I DisplayDeviceRepository: Display device changed render timings: "Schermo incorporato", renderFrameRate=60.000004, presentationDeadlineNanos=17666666, appVsyncOffsetNanos=16666666, frameRateOverrides=[]
03-21 08:34:41.567  2691  5165 I BatteryService_BatteryPropertiesRegistrar: [getProperty]id:4
03-21 08:34:41.567  2691  5165 I BatteryService_BatteryPropertiesRegistrar: [getProperty]prop.long:-9223372036854775808 ,prop.string:null
03-21 08:34:41.570  2691  4804 D FreecessController: FZ : com.whatsapp(10587) [3132] reason: Bg [cached:O
03-21 08:34:41.570  2691  4804 D FreecessHandler: freeze com.whatsapp(10587) result : 0
03-21 08:34:41.570  2691  4804 W LocationManagerService: onFreezeStateChanged, uid[10454]=true
03-21 08:34:41.570  2691  4804 I PowerManagerService: [PWL] SetWakeLockEnableDisable uid = 10454 , disable= true
03-21 08:34:41.570  2691  4804 I PowerManagerService: [PWL] can not change uid =  10454
03-21 08:34:41.570  2691  4804 W LocationManagerService: onFreezeStateChanged, uid[10587]=true
03-21 08:34:41.570  2691  4804 I PowerManagerService: [PWL] SetWakeLockEnableDisable uid = 10587 , disable= true
03-21 08:34:41.570  2691  4804 I PowerManagerService: [PWL] can not change uid =  10587
03-21 08:34:41.571 12277 28209 I HBD     : j [SKE_SPECIFIC] specific model[com.ifs.stoppai] loaded, 14153282 ns
03-21 08:34:41.571  2691  2804 D SurfaceComposerClient: setCornerRadius ## 40573ce com.ifs.stoppai/com.ifs.stoppai.ui.MainActivity#45298 cornerRadius=0.000000
03-21 08:34:41.571  4518 11547 I HoneySpace.Memory-Monitor: current state = 2, didTrim = false
03-21 08:34:41.572  4068  4200 D StackScroller: onDisplayChanged for predraw skip to 2
03-21 08:34:41.575  2691  5165 D WifiDisplayAdapter: isFitToActiveDisplayLocked : false
03-21 08:34:41.582  1993  1993 I SurfaceFlinger: destroyed 66a1a1 Splash Screen com.ifs.stoppai#45292 form LifecycleManager
03-21 08:34:41.583  1993  1993 I SurfaceFlinger: destroyed Splash Screen com.ifs.stoppai$_4068#45293 form LifecycleManager
03-21 08:34:41.583  1993  1993 I SurfaceFlinger: id=45292 onLayerDestroyed from LayerHierarchyBuilder(RequestedLayerState{66a1a1 Splash Screen com.ifs.stoppai#45292 !handle z=2147483647})
03-21 08:34:41.583  1993  1993 I SurfaceFlinger: id=45293 onLayerDestroyed from LayerHierarchyBuilder(RequestedLayerState{Splash Screen com.ifs.stoppai$_4068#45293 !handle})
03-21 08:34:41.585  4068  4219 D HWUI    : CacheManager::trimMemory(20)
03-21 08:34:41.586  1993  1993 I Layer   : id=45292 Destroyed 66a1a1 Splash Screen com.ifs.stoppai#45292
03-21 08:34:41.586  1993  1993 I Layer   : id=45293 Destroyed Splash Screen com.ifs.stoppai$_4068#45293
03-21 08:34:41.590  4068  4068 D DisplayLifecycle: updateDisplay id = 0
03-21 08:34:41.595 26198 26266 W JobInfo : Requested important-while-foreground flag for job307807 is ignored and takes no effect
03-21 08:34:41.601 11503 11657 I Routine@Core[4.9.04.13]: AppFunctionsActionHandler: isSupported: supportStatus = SUPPORTED, tag = appfunction://com.samsung.android.gallery.crossapp.function#PhotoFunctions_findMediaItems
03-21 08:34:41.604 11503 11657 I Routine@Core[4.9.04.13]: TASKD/ActionTaskAdapterFactoryImpl: getAdapter - metaId=appfunction://com.samsung.android.app.calendar.crossapp#CrossAppEvent_findEvents(id=422)
03-21 08:34:41.608  1207  1207 W keymint_tee: [WRN]begin req PARAMS: A32, BM2, PD64, 
03-21 08:34:41.611  1207  1207 D keymint_swd: keymint_swd keymint [WRN] (km_add_tag:528) skip: non repetable tag already exists with different value: 268435458
03-21 08:34:41.611  1207  1207 D keymint_swd: keymint_swd keymint [WRN] (swd_run_cb:267) swd_begin() returns 0
03-21 08:34:41.611  1207  1207 D android.hardware.security.keymint-service: begin: ret 0
03-21 08:34:41.611  1203  5823 I keystore2: system/security/keystore2/src/security_level.rs:466 - In create_operation. Success to create IKeystoreOperation. 10517, None
03-21 08:34:41.612  1207  1207 D keymint_swd: keymint_swd keymint [WRN] (swd_run_cb:267) swd_update() returns 0
03-21 08:34:41.612  1207  1207 D android.hardware.security.keymint-service: update: ret 0
03-21 08:34:41.613  1207  1207 D keymint_swd: keymint_swd keymint [WRN] (swd_run_cb:267) swd_finish() returns 0
03-21 08:34:41.613  1207  1207 D android.hardware.security.keymint-service: finish: ret 0
03-21 08:34:41.614  1207  1207 W keymint_tee: [WRN]begin req PARAMS: A32, BM2, PD64, 
03-21 08:34:41.617  1207  1207 D keymint_swd: keymint_swd keymint [WRN] (km_add_tag:528) skip: non repetable tag already exists with different value: 268435458
03-21 08:34:41.617  1207  1207 D keymint_swd: keymint_swd keymint [WRN] (swd_run_cb:267) swd_begin() returns 0
03-21 08:34:41.617  1207  1207 D android.hardware.security.keymint-service: begin: ret 0
03-21 08:34:41.617  1203  5823 I keystore2: system/security/keystore2/src/security_level.rs:466 - In create_operation. Success to create IKeystoreOperation. 10517, None
03-21 08:34:41.619  1207  1207 D keymint_swd: keymint_swd keymint [WRN] (swd_run_cb:267) swd_update() returns 0
03-21 08:34:41.619  1207  1207 D android.hardware.security.keymint-service: update: ret 0
03-21 08:34:41.620  1207  1207 D keymint_swd: keymint_swd keymint [WRN] (swd_run_cb:267) swd_finish() returns 0
03-21 08:34:41.620  1207  1207 D android.hardware.security.keymint-service: finish: ret 0
03-21 08:34:41.622  1207  1207 W keymint_tee: [WRN]begin req PARAMS: A32, BM2, PD64, 
03-21 08:34:41.624  1207  1207 D keymint_swd: keymint_swd keymint [WRN] (km_add_tag:528) skip: non repetable tag already exists with different value: 268435458
03-21 08:34:41.624  1207  1207 D keymint_swd: keymint_swd keymint [WRN] (swd_run_cb:267) swd_begin() returns 0
03-21 08:34:41.624  1207  1207 D android.hardware.security.keymint-service: begin: ret 0
03-21 08:34:41.624  1203  5823 I keystore2: system/security/keystore2/src/security_level.rs:466 - In create_operation. Success to create IKeystoreOperation. 10517, None
03-21 08:34:41.626  1207  1207 D keymint_swd: keymint_swd keymint [WRN] (swd_run_cb:267) swd_update() returns 0
03-21 08:34:41.626  1207  1207 D android.hardware.security.keymint-service: update: ret 0
03-21 08:34:41.626 11521 11521 I SB_Receiver: action : com.samsung.android.sm.security.service.ACTION_SERVICE_STATUS_CHANGED
03-21 08:34:41.627 11521 11521 W ContextImpl: Calling a method in the system process without a qualified user: android.app.ContextImpl.startService:2068 android.content.ContextWrapper.startService:872 android.content.ContextWrapper.startService:872 com.samsung.android.sm.security.model.trigger.SecurityBridgeReceiver.onReceive:77 android.app.ActivityThread.handleReceiver:5663 
03-21 08:34:41.627  1207  1207 D keymint_swd: keymint_swd keymint [WRN] (swd_run_cb:267) swd_finish() returns 0
03-21 08:34:41.627  1207  1207 D android.hardware.security.keymint-service: finish: ret 0
03-21 08:34:41.631  1207  1207 W keymint_tee: [WRN]begin req PARAMS: A32, BM2, PD64, 
03-21 08:34:41.633  1207  1207 D keymint_swd: keymint_swd keymint [WRN] (km_add_tag:528) skip: non repetable tag already exists with different value: 268435458
03-21 08:34:41.633  1207  1207 D keymint_swd: keymint_swd keymint [WRN] (swd_run_cb:267) swd_begin() returns 0
03-21 08:34:41.633  1207  1207 D android.hardware.security.keymint-service: begin: ret 0
03-21 08:34:41.634  1203  5823 I keystore2: system/security/keystore2/src/security_level.rs:466 - In create_operation. Success to create IKeystoreOperation. 10517, None
03-21 08:34:41.635  1207  1207 D keymint_swd: keymint_swd keymint [WRN] (swd_run_cb:267) swd_update() returns 0
03-21 08:34:41.635  1207  1207 D android.hardware.security.keymint-service: update: ret 0
03-21 08:34:41.636  2691  3873 D MdnieScenarioControlService:  packageName : com.ifs.stoppai    className : com.ifs.stoppai.ui.MainActivity
03-21 08:34:41.636  2691  3873 V MdnieScenarioControlService: setUIMode from UI function(3)
03-21 08:34:41.636  1207  1207 D keymint_swd: keymint_swd keymint [WRN] (swd_run_cb:267) swd_finish() returns 0
03-21 08:34:41.636  1207  1207 D android.hardware.security.keymint-service: finish: ret 0
03-21 08:34:41.639  1207  1207 W keymint_tee: [WRN]begin req PARAMS: A32, BM2, PD64, 
03-21 08:34:41.641  1207  1207 D keymint_swd: keymint_swd keymint [WRN] (km_add_tag:528) skip: non repetable tag already exists with different value: 268435458
03-21 08:34:41.641  1207  1207 D keymint_swd: keymint_swd keymint [WRN] (swd_run_cb:267) swd_begin() returns 0
03-21 08:34:41.641  1207  1207 D android.hardware.security.keymint-service: begin: ret 0
03-21 08:34:41.641  1203  5823 I keystore2: system/security/keystore2/src/security_level.rs:466 - In create_operation. Success to create IKeystoreOperation. 10517, None
03-21 08:34:41.645  1207  1207 D keymint_swd: keymint_swd keymint [WRN] (swd_run_cb:267) swd_update() returns 0
03-21 08:34:41.645  1207  1207 D android.hardware.security.keymint-service: update: ret 0
03-21 08:34:41.646  1207  1207 D keymint_swd: keymint_swd keymint [WRN] (swd_run_cb:267) swd_finish() returns 0
03-21 08:34:41.646  1207  1207 D android.hardware.security.keymint-service: finish: ret 0
03-21 08:34:41.647 11521 11766 I SecurityBridgeService: action : com.samsung.android.sm.security.ACTION_SECURITY_PROVIDER_CALL
03-21 08:34:41.649 11521 11766 W ContextImpl: Calling a method in the system process without a qualified user: android.app.ContextImpl.startService:2068 android.content.ContextWrapper.startService:872 com.samsung.android.sm.security.model.trigger.SecurityBridgeProvider.call:372 android.content.ContentProvider.call:2770 android.content.ContentProvider$Transport.call:644 
03-21 08:34:41.649  2691  3967 D SemWifiSwitchForIndividualAppsService: isPackageException - result:3, com.ifs.stoppai
03-21 08:34:41.661 11521 11769 I SB_Processor: action : com.samsung.android.sm.security.service.ACTION_SERVICE_STATUS_CHANGED
03-21 08:34:41.661 11521 11769 I SB_BgScanServiceCompleted : name : app_verification, status  : completed
03-21 08:34:41.664 11503 11657 I Routine@Core[4.9.04.13]: AppFunctionsActionHandler: isSupported: supportStatus = SUPPORTED, tag = appfunction://com.samsung.android.app.calendar.crossapp#CrossAppEvent_findEvents
03-21 08:34:41.666  4068  4068 D QSClock : onDarkChanged tint=WHITE
03-21 08:34:41.668 11503 11657 I Routine@Core[4.9.04.13]: TASKD/ActionTaskAdapterFactoryImpl: getAdapter - metaId=appfunction://com.samsung.android.app.calendar.crossapp#CrossAppEvent_createEvent(id=423)
03-21 08:34:41.685  1885 11680 I HYPER-HAL: [RequestManager.cpp]releaseLocked(): Released ID : 4209561
03-21 08:34:41.713 11503 11657 I Routine@Core[4.9.04.13]: AppFunctionsActionHandler: isSupported: supportStatus = SUPPORTED, tag = appfunction://com.samsung.android.app.calendar.crossapp#CrossAppEvent_createEvent
03-21 08:34:41.716 11503 11657 I Routine@Core[4.9.04.13]: TASKD/ActionTaskAdapterFactoryImpl: getAdapter - metaId=appfunction://com.samsung.android.app.calendar.crossapp#CrossAppEvent_updateEvent(id=424)
03-21 08:34:41.737  2691  3873 V MdnieScenarioControlService: mAclOffEnabled : false
03-21 08:34:41.743  2691  3996 D NetdEventListenerService: DNS Requested by 373, 10517(com.teslamotors.tesla), SUCCESS, 80ms
03-21 08:34:41.760 11503 11657 I Routine@Core[4.9.04.13]: AppFunctionsActionHandler: isSupported: supportStatus = SUPPORTED, tag = appfunction://com.samsung.android.app.calendar.crossapp#CrossAppEvent_updateEvent
03-21 08:34:41.762 11503 11657 I Routine@Core[4.9.04.13]: TASKD/ActionTaskAdapterFactoryImpl: getAdapter - metaId=appfunction://com.samsung.android.app.calendar.crossapp#CrossAppEvent_showEvent(id=425)
03-21 08:34:41.775  1885 11752 I HYPER-HAL: [RequestManager.cpp]releaseLocked(): Released ID : 3692429
03-21 08:34:41.804 11503 11657 I Routine@Core[4.9.04.13]: AppFunctionsActionHandler: isSupported: supportStatus = SUPPORTED, tag = appfunction://com.samsung.android.app.calendar.crossapp#CrossAppEvent_showEvent
03-21 08:34:41.806 11503 11657 I Routine@Core[4.9.04.13]: TASKD/ActionTaskAdapterFactoryImpl: getAdapter - metaId=appfunction://com.samsung.android.app.reminder.data.crossappactions#TaskFunctions_updateTask(id=426)
03-21 08:34:41.818 11683 11708 E STOPPAI_CACHE: Totale contatti caricati: 3146
03-21 08:34:41.832  8759  8770 I CategoryBloomFilter: BloomFilterSize:- 2778349
03-21 08:34:41.849 11503 11657 I Routine@Core[4.9.04.13]: AppFunctionsActionHandler: isSupported: supportStatus = SUPPORTED, tag = appfunction://com.samsung.android.app.reminder.data.crossappactions#TaskFunctions_updateTask
03-21 08:34:41.851 11503 11657 I Routine@Core[4.9.04.13]: TASKD/ActionTaskAdapterFactoryImpl: getAdapter - metaId=appfunction://com.samsung.android.app.reminder.data.crossappactions#TaskFunctions_findTasks(id=427)
03-21 08:34:41.855  5696  5724 V OsAgent : broadcastSystemEvent - 7
03-21 08:34:41.856 30601  2195 I FontLog : (REDACTED) Received query %s, URI %s
03-21 08:34:41.856 30601  2195 I FontLog : (REDACTED) Query [%s] resolved to %s
03-21 08:34:41.857  5696  5724 V OsAgent : broadcastSystemEvent - 7
03-21 08:34:41.857 30601  2195 I FontLog : (REDACTED) Fetch %s end status %s
03-21 08:34:41.861 30601  2195 I FontLog : (REDACTED) Pulling font file for id = %d, cache size = %d
03-21 08:34:41.864 30601  2195 I FontLog : (REDACTED) Pulling font file for id = %d, cache size = %d
03-21 08:34:41.881 11683 11709 E STOPPAI_CACHE: Totale contatti caricati: 3146
03-21 08:34:41.902 11503 11657 I Routine@Core[4.9.04.13]: AppFunctionsActionHandler: isSupported: supportStatus = SUPPORTED, tag = appfunction://com.samsung.android.app.reminder.data.crossappactions#TaskFunctions_findTasks
03-21 08:34:41.905 11503 11657 I Routine@Core[4.9.04.13]: TASKD/ActionTaskAdapterFactoryImpl: getAdapter - metaId=appfunction://com.samsung.android.app.reminder.data.crossappactions#TaskFunctions_showTask(id=428)
03-21 08:34:41.906  8759  8770 I AppClassifier: Category not present in BloomFilter, Checking in Manifest:- com.ifs.stoppai
03-21 08:34:41.907  8759  8770 I AppClassifier: Category not found in BF and Manifest for pkg :- com.ifs.stoppai
03-21 08:34:41.907  8759  8770 I AppCategoryExecutor: convertToParcel() executed
03-21 08:34:41.907  8759  8770 I AppCategoryExecutor: AppCategoryDetail is : AppCategoryDetail{mPackageName='com.ifs.stoppai', mCategoryString='', mCategoryId=-1}
03-21 08:34:41.907  8759  8770 I AppCategoryExecutor: Response is : [AppCategoryDetail{mPackageName='com.ifs.stoppai', mCategoryString='', mCategoryId=-1}]
03-21 08:34:41.910  8275 11647 I AiPrivacy::AiAppEventWorker: result : Success {mOutputData=Data {}}, ADDED
03-21 08:34:41.911  2691  5165 I ActivityManager: Changes in 10111 8 to 10, 128 to 0
03-21 08:34:41.913 30593 30641 I WM-WorkerWrapper: Worker result SUCCESS for Work [ id=6d27b5bf-452b-4943-8084-7f735ddc9ad2, tags={ com.samsung.android.kmxservice.ai.event.AiAppEventWorker } ]
03-21 08:34:41.913 30593 30641 I WM-WorkerWrapper: Setting status to enqueued for 1c0a9a06-e05f-465e-8cb3-ea94616ecba2
03-21 08:34:41.915  2691  6425 I ActivityManager: Changes in 10427 8 to 10, 128 to 0
03-21 08:34:41.931  4327  5335 I ScanController: onScanResult to scannerId: 12- eventType=0x1a, addressType=1, address=XX:XX:XX:XX:E1:83, primaryPhy=1, secondaryPhy=0, advertisingSid=0xff, txPower=127, rssi=-56, periodicAdvInt=0x0
03-21 08:34:41.937 11683 11714 E STOPPAI_CACHE: Totale contatti caricati: 3146
03-21 08:34:41.940  8759  8888 I SCS@AiSearch user 0: (AppsDataWorker) [androidx.work-1] entering in doWork():  
03-21 08:34:41.940  8759  8888 I SCS@AiSearch user 0: (AppsDataObserver) [androidx.work-1] entering in execute():  
03-21 08:34:41.940  8759  8888 I SCS@AiSearch user 0: (AppsDataObserver-CMD_UPDATE_LIST) changed package count: 1
03-21 08:34:41.945 30593 30641 W JobInfo : Requested important-while-foreground flag for job2228 is ignored and takes no effect
03-21 08:34:41.946  8759  8888 I SCS@AiSearch user 0: (AppsDataObserver) [androidx.work-1] leaving from execute():  result is true
03-21 08:34:41.946  8759  8888 I SCS@AiSearch user 0: (AppsDataWorker) [androidx.work-1] leaving from doWork():  
03-21 08:34:41.946  8759  8784 I WM-WorkerWrapper: Worker result SUCCESS for Work [ id=77b1072c-3f83-43db-86a6-dc61fdc2a9c4, tags={ com.samsung.android.scs.ai.search.data.apps.AppsDataWorker, CMD_UPDATE_LIST } ]
03-21 08:34:41.948  2691  6425 I ActivityManager: Changes in 10427 10 to 8, 0 to 128
03-21 08:34:41.957 11503 11657 I Routine@Core[4.9.04.13]: AppFunctionsActionHandler: isSupported: supportStatus = SUPPORTED, tag = appfunction://com.samsung.android.app.reminder.data.crossappactions#TaskFunctions_showTask
03-21 08:34:41.957  2691  5542 I ActivityManager: Changes in 10111 10 to 8, 0 to 128
03-21 08:34:41.959 11503 11657 I Routine@Core[4.9.04.13]: TASKD/ActionTaskAdapterFactoryImpl: getAdapter - metaId=appfunction://com.samsung.android.support.senl.nt.app.main.appfunction#NoteFunctions_createNote(id=429)
03-21 08:34:41.959  8275  8275 I WM-RemoteWorkerService: Binding to RemoteWorkerService
03-21 08:34:41.961 11503 11532 W id.app.routines: userfaultfd: MOVE ioctl seems unsupported: Connection timed out
03-21 08:34:41.965  8275 11781 I AiPrivacy::AiAppEventWorker: eventType: REMOVED
03-21 08:34:41.965  8275 11781 I AiPrivacy::AiAppEventWorker: result : Success {mOutputData=Data {}}, REMOVED
03-21 08:34:41.966  2691  5542 I ActivityManager: Changes in 10111 8 to 10, 128 to 0
03-21 08:34:41.968 30593 30661 I WM-WorkerWrapper: Worker result SUCCESS for Work [ id=1c0a9a06-e05f-465e-8cb3-ea94616ecba2, tags={ com.samsung.android.kmxservice.ai.event.AiAppEventWorker } ]
03-21 08:34:41.969  2691  5542 I ActivityManager: Changes in 10427 8 to 10, 128 to 0
03-21 08:34:41.993 11503 11532 I id.app.routines: Background concurrent mark compact GC freed 59MB AllocSpace bytes, 35(3468KB) LOS objects, 79% free, 6483KB/30MB, paused 874us,2.945ms total 127.612ms
03-21 08:34:41.995 11683 11691 I com.ifs.stoppai: Compiler allocated 5066KB to compile void android.view.ViewRootImpl.performTraversals()
03-21 08:34:41.995  1885 11681 I HYPER-HAL: [RequestManager.cpp]releaseLocked(): Released ID : 3689711
03-21 08:34:42.007  2691  2803 D SGM:GameManager: identifyForegroundApp. com.ifs.stoppai, mCurrentUserId: 0, callerUserId: 0
03-21 08:34:42.007  2691  2803 D SGM:SemGameManager: isForegroundGame(), ret=false
03-21 08:34:42.008 11503 11657 I Routine@Core[4.9.04.13]: AppFunctionsActionHandler: isSupported: supportStatus = SUPPORTED, tag = appfunction://com.samsung.android.support.senl.nt.app.main.appfunction#NoteFunctions_createNote
03-21 08:34:42.008  2691 11783 D SemInputDeviceManager: setProperty: (0) CMD,GRIP_DATA,1,60,10,20,926,20,3088
03-21 08:34:42.008  2691 11783 D TspStateManager: wrote command: cmd=1,60,10,20,926,20,3088, type=1
03-21 08:34:42.008  2691  3382 D SemInputDevice:TSP: SetPropertyTask: CMD,set_grip_data,1,60,10,20,926,20,3088 [03-21 08:34:42.008]
03-21 08:34:42.010 11503 11657 I Routine@Core[4.9.04.13]: TASKD/ActionTaskAdapterFactoryImpl: getAdapter - metaId=appfunction://com.samsung.android.support.senl.nt.app.main.appfunction#NoteFunctions_showNote(id=430)
03-21 08:34:42.011  1942  1942 I sysinput:Touch: writeInformation:249, OK
03-21 08:34:42.012  2691  3382 D SysinputHAL_V1_3(V1_2): runTspCmdNoRead(TSP(1)): set_grip_data,1,60,10,20,926,20,3088 ret=0
03-21 08:34:42.049 12277 12277 I InputMethodService: removeImeSurface
03-21 08:34:42.049 12277 12277 I InputMethodService: cancelImeSurfaceRemoval: removeCallbacks
03-21 08:34:42.054 11503 11657 I Routine@Core[4.9.04.13]: AppFunctionsActionHandler: isSupported: supportStatus = SUPPORTED, tag = appfunction://com.samsung.android.support.senl.nt.app.main.appfunction#NoteFunctions_showNote
03-21 08:34:42.057 11503 11657 I Routine@Core[4.9.04.13]: TASKD/ActionTaskAdapterFactoryImpl: getAdapter - metaId=appfunction://com.samsung.android.support.senl.nt.app.main.appfunction#NoteFunctions_updateNote(id=431)
03-21 08:34:42.072  1872 11361 I sensors-hal: handle_sns_client_event:550, [0][214] accel_sample [ 0.296,  8.305,  5.388] 539304834136545
03-21 08:34:42.087  2691 16602 I AfterimageCompensationService: AfcThread mLuminance : 342 , AfpcPeriodCount : 1974 , rotation : 0 , AOD : false
03-21 08:34:42.087  2691 16602 I SurfaceComposerClient: captureDisplay:Display-4630947232161729154
03-21 08:34:42.089  1993  2127 I SurfaceFlinger: Capture layer list: 	 com.ifs.stoppai/com.ifs.stoppai.ui.MainActivity$_11683#45299(seamlessTransition:0)
03-21 08:34:42.089  1993  2127 I SurfaceFlinger: Capture layer list: 	 StatusBar$_4068#115(seamlessTransition:0)
03-21 08:34:42.089  1993  2127 I SurfaceFlinger: Capture layer list: 	 com.sec.android.app.launcher/com.samsung.app.honeyspace.edge.edgepanel.app.CocktailBarService$_4518#45277(seamlessTransition:0)
03-21 08:34:42.089  1993  2127 I SurfaceFlinger: Capture layer list: 	 NavigationBar0$_4068#111(seamlessTransition:0)
03-21 08:34:42.089  1993  2127 I CompositionEngine: [setDisplaySize] size=(1080, 2316)
03-21 08:34:42.089  1993  2127 E HWComposer: getLuts: getLuts failed for display 4630947232161729154: UNSUPPORTED (8)
03-21 08:34:42.090  1993  2136 D RenderEngine: [SEC_SF_EFFECTS] drawLayersInternal,1483, Rendering layer ScreenCaptureFillLayer at index 0
03-21 08:34:42.090  1993  2136 D RenderEngine: [SEC_SF_EFFECTS] drawLayersInternal,1483, Rendering layer com.ifs.stoppai/com.ifs.stoppai.ui.MainActivity$_11683#45299 at index 1
03-21 08:34:42.091  1993  2136 D RenderEngine: [SEC_SF_EFFECTS] drawLayersInternal,1483, Rendering layer StatusBar$_4068#115 at index 2
03-21 08:34:42.091  1993  2136 D RenderEngine: [SEC_SF_EFFECTS] drawLayersInternal,1483, Rendering layer com.sec.android.app.launcher/com.samsung.app.honeyspace.edge.edgepanel.app.CocktailBarService$_4518#45277 at index 3
03-21 08:34:42.091  1993  2136 D RenderEngine: [SEC_SF_EFFECTS] drawLayersInternal,1483, Rendering layer NavigationBar0$_4068#111 at index 4
03-21 08:34:42.097  2691 16602 D system_server: mAFPC_Read - w = 1080, h = 2316, s = 8, f = 4, s_size = 10079232, luminance = 342, count = 1974, captureOrientation = 0
03-21 08:34:42.099 11503 11657 I Routine@Core[4.9.04.13]: AppFunctionsActionHandler: isSupported: supportStatus = SUPPORTED, tag = appfunction://com.samsung.android.support.senl.nt.app.main.appfunction#NoteFunctions_updateNote
03-21 08:34:42.102 11503 11657 I Routine@Core[4.9.04.13]: TASKD/ActionTaskAdapterFactoryImpl: getAdapter - metaId=appfunction://com.samsung.android.support.senl.nt.app.main.appfunction#NoteFunctions_findNotes(id=432)
03-21 08:34:42.142 11503 11657 I Routine@Core[4.9.04.13]: AppFunctionsActionHandler: isSupported: supportStatus = SUPPORTED, tag = appfunction://com.samsung.android.support.senl.nt.app.main.appfunction#NoteFunctions_findNotes
03-21 08:34:42.142 11503 11657 I Routine@Core[4.9.04.13]: ConflictItemConverter: convertConflictActions - 19
03-21 08:34:42.143 11503 11657 I Routine@Core[4.9.04.13]: RoutineDataMigrator: migration - begin
03-21 08:34:42.188 11503 11657 I Routine@Core[4.9.04.13]: MigrationParser: getMigrationData rawMigrationData : [vibrate_once, custom_key_v3, aircommand_open_with_pen, text_to_speech, unlock_with_finger_print, edge_panel_routine_v3, edge_panel_routine_v3, data_saver_routine]
03-21 08:34:42.190 11503 11657 I Routine@Core[4.9.04.13]: MigrationParser: getMemoryMigrationData rawMemoryMigrationData : [motion_smoothness_v3, motion_smoothness_and_screen_resolution_v3, cover_screen_motion_smoothness_v3, brightness_v3, font_size_v3, screen_zoom_v3, screen_layout_and_zoom_v3, screen_resolution_v3, screen_timeout_v3, rotation_screen_v3, multi_window_tray_v3, dark_mode_v3, bixby_text_command_v3, bixby_quick_command_v3, bixby_voice_wake_up_v3, spotify_playlist_v3, play_media_v3, launch_app_v3, close_app_v3, separate_app_sound_v3, dnd_mode_on_v3, custom_notification_v3, hard_key_v3, quick_decline_message_v3, quick_decline_message_v3, video_enhancer_v3, bluetooth_on_v3, instant_session_v3, airplane_mode_on_v3, mobile_network_mode_setting_v3, mobile_data_on_v3, hotspot_on_v3, gps_on_v3, auto_data_sync_v3, sound_sdk3, vibrate_once, connect_url_sdk3, wifi_on_sdk3, lockscreen_shortcut_v3, launch_app_v3, launch_game_v3, samsung_health_during_exercise_v3, samsung_health_during_exercise_when_starting_v3, notification_with_keyword_v3, specify_wifi_v3, wifi_rssi_v3, specify_bluetooth_v3, specify_bluetooth_only_connected_v3, nfc_tagged_v3, airplane_mode_v3, specific_time_v3, time_v3, plugin_gps_location_v3, plugin_gps_location_only_arrived_v3, calling_v3, during_call_v3, connected_headset_v3, plugged_battery_v3, battery_condition_v3, dex_mode_on_v3, fold_state_v3, ringer_mode_v3, night_mode_v3, wifi_on_sdk3]
03-21 08:34:42.190 11503 11657 I Routine@Core[4.9.04.13]: RoutineDataMigrator: isAvailableToMigrate() newPackageName:com.samsung.android.app.routines, newTag:read_notifications, isAvailableToMigrate:true
03-21 08:34:42.191 11503 11657 I Routine@Core[4.9.04.13]: RoutineDataMigrator: isAvailableToMigrate() newPackageName:com.samsung.android.app.routines, newTag:flashlight, isAvailableToMigrate:true
03-21 08:34:42.191 11503 11657 I Routine@Core[4.9.04.13]: RoutineDataMigrator: isAvailableToMigrate() newPackageName:com.samsung.android.app.routines, newTag:message_received, isAvailableToMigrate:false
03-21 08:34:42.191 11503 11657 I Routine@Core[4.9.04.13]: RoutineDataMigrator: isAvailableToMigrate() newPackageName:com.samsung.android.app.routines, newTag:message_received, isAvailableToMigrate:false
03-21 08:34:42.191 11503 11657 I Routine@Core[4.9.04.13]: RoutineDataMigrator: isAvailableToMigrate() newPackageName:com.samsung.android.app.aodservice, newTag:aod_main_setting, isAvailableToMigrate:true
03-21 08:34:42.191 11503 11657 I Routine@Core[4.9.04.13]: RoutineDataMigrator: isAvailableToMigrate() newPackageName:com.android.settings, newTag:sec_eye_comfort_shield_routine, isAvailableToMigrate:true
03-21 08:34:42.191 11503 11657 I Routine@Core[4.9.04.13]: RoutineDataMigrator: isAvailableToMigrate() newPackageName:com.samsung.android.app.routines, newTag:control_smartthings_not_reversible, isAvailableToMigrate:true
03-21 08:34:42.191 11503 11657 I Routine@Core[4.9.04.13]: RoutineDataMigrator: isAvailableToMigrate() newPackageName:com.samsung.android.app.routines, newTag:control_smartthings_not_reversible, isAvailableToMigrate:true
03-21 08:34:42.191 11503 11657 I Routine@Core[4.9.04.13]: RoutineDataMigrator: isAvailableToMigrate() newPackageName:com.android.settings, newTag:accessibility_color_correction, isAvailableToMigrate:false
03-21 08:34:42.191 11503 11657 I Routine@Core[4.9.04.13]: RoutineDataMigrator: isAvailableToMigrate() newPackageName:com.samsung.android.lool, newTag:dc_power_mode_action, isAvailableToMigrate:true
03-21 08:34:42.191 11503 11657 I Routine@Core[4.9.04.13]: RoutineDataMigrator: isAvailableToMigrate() newPackageName:com.samsung.accessibility, newTag:accessibility_amplify_ambient_sound, isAvailableToMigrate:true
03-21 08:34:42.191 11503 11657 I Routine@Core[4.9.04.13]: RoutineDataMigrator: isAvailableToMigrate() newPackageName:com.android.settings, newTag:accessibility_camera_flash, isAvailableToMigrate:true
03-21 08:34:42.191 11503 11657 I Routine@Core[4.9.04.13]: RoutineDataMigrator: isAvailableToMigrate() newPackageName:com.android.settings, newTag:accessibility_color_correction, isAvailableToMigrate:false
03-21 08:34:42.191 11503 11657 I Routine@Core[4.9.04.13]: RoutineDataMigrator: isAvailableToMigrate() newPackageName:com.android.settings, newTag:accessibility_color_filter, isAvailableToMigrate:true
03-21 08:34:42.191 11503 11657 I Routine@Core[4.9.04.13]: RoutineDataMigrator: isAvailableToMigrate() newPackageName:com.android.settings, newTag:accessibility_color_inversion, isAvailableToMigrate:true
03-21 08:34:42.191 11503 11657 I Routine@Core[4.9.04.13]: RoutineDataMigrator: isAvailableToMigrate() newPackageName:com.android.settings, newTag:accessibility_extra_dim, isAvailableToMigrate:true
03-21 08:34:42.191 11503 11657 I Routine@Core[4.9.04.13]: RoutineDataMigrator: isAvailableToMigrate() newPackageName:com.android.settings, newTag:accessibility_live_caption, isAvailableToMigrate:true
03-21 08:34:42.191 11503 11657 I Routine@Core[4.9.04.13]: RoutineDataMigrator: isAvailableToMigrate() newPackageName:com.android.settings, newTag:accessibility_mono_audio, isAvailableToMigrate:true
03-21 08:34:42.191 11503 11657 I Routine@Core[4.9.04.13]: RoutineDataMigrator: isAvailableToMigrate() newPackageName:com.android.settings, newTag:accessibility_mute_all_sounds, isAvailableToMigrate:true
03-21 08:34:42.192 11503 11657 I Routine@Core[4.9.04.13]: RoutineDataMigrator: isAvailableToMigrate() newPackageName:com.android.settings, newTag:accessibility_screen_flash, isAvailableToMigrate:true
03-21 08:34:42.192 11503 11657 I Routine@Core[4.9.04.13]: RoutineDataMigrator: isAvailableToMigrate() newPackageName:com.android.settings, newTag:accessibility_sound_balance, isAvailableToMigrate:true
03-21 08:34:42.192 11503 11657 I Routine@Core[4.9.04.13]: RoutineDataMigrator: isAvailableToMigrate() newPackageName:com.samsung.android.waterplugin, newTag:watch_theater_mode, isAvailableToMigrate:false
03-21 08:34:42.192 11503 11657 I Routine@Core[4.9.04.13]: RoutineDataMigrator: isAvailableToMigrate() newPackageName:com.samsung.android.heartplugin, newTag:watch_theater_mode, isAvailableToMigrate:false
03-21 08:34:42.192 11503 11657 I Routine@Core[4.9.04.13]: RoutineDataMigrator: isAvailableToMigrate() newPackageName:com.samsung.android.lool, newTag:dc_enhanced_processing, isAvailableToMigrate:false
03-21 08:34:42.192 11503 11657 I Routine@Core[4.9.04.13]: RoutineDataMigrator: isAvailableToMigrate() newPackageName:com.samsung.android.lool, newTag:dc_fast_cable_charging, isAvailableToMigrate:true
03-21 08:34:42.192 11503 11657 I Routine@Core[4.9.04.13]: RoutineDataMigrator: isAvailableToMigrate() newPackageName:com.samsung.android.lool, newTag:dc_fast_wireless_charging, isAvailableToMigrate:true
03-21 08:34:42.192 11503 11657 I Routine@Core[4.9.04.13]: RoutineDataMigrator: isAvailableToMigrate() newPackageName:com.samsung.android.lool, newTag:dc_processing_speed, isAvailableToMigrate:true
03-21 08:34:42.192 11503 11657 I Routine@Core[4.9.04.13]: RoutineDataMigrator: isAvailableToMigrate() newPackageName:com.samsung.android.lool, newTag:dc_protect_battery, isAvailableToMigrate:true
03-21 08:34:42.192 11503 11657 I Routine@Core[4.9.04.13]: RoutineDataMigrator: isAvailableToMigrate() newPackageName:com.samsung.android.lool, newTag:dc_super_fast_cable_charging, isAvailableToMigrate:true
03-21 08:34:42.192 11503 11657 I Routine@Core[4.9.04.13]: RoutineDataMigrator: isAvailableToMigrate() newPackageName:com.samsung.android.sm_cn, newTag:dc_enhanced_processing, isAvailableToMigrate:false
03-21 08:34:42.192 11503 11657 I Routine@Core[4.9.04.13]: RoutineDataMigrator: isAvailableToMigrate() newPackageName:com.samsung.android.sm_cn, newTag:dc_fast_cable_charging, isAvailableToMigrate:false
03-21 08:34:42.192 11503 11657 I Routine@Core[4.9.04.13]: RoutineDataMigrator: isAvailableToMigrate() newPackageName:com.samsung.android.sm_cn, newTag:dc_fast_wireless_charging, isAvailableToMigrate:false
03-21 08:34:42.192 11503 11657 I Routine@Core[4.9.04.13]: RoutineDataMigrator: isAvailableToMigrate() newPackageName:com.samsung.android.sm_cn, newTag:dc_power_mode_action, isAvailableToMigrate:false
03-21 08:34:42.192 11503 11657 I Routine@Core[4.9.04.13]: RoutineDataMigrator: isAvailableToMigrate() newPackageName:com.samsung.android.sm_cn, newTag:dc_processing_speed, isAvailableToMigrate:false
03-21 08:34:42.192 11503 11657 I Routine@Core[4.9.04.13]: RoutineDataMigrator: isAvailableToMigrate() newPackageName:com.samsung.android.sm_cn, newTag:dc_protect_battery, isAvailableToMigrate:false
03-21 08:34:42.192 11503 11657 I Routine@Core[4.9.04.13]: RoutineDataMigrator: isAvailableToMigrate() newPackageName:com.samsung.android.sm_cn, newTag:dc_super_fast_cable_charging, isAvailableToMigrate:false
03-21 08:34:42.192 11503 11657 I Routine@Core[4.9.04.13]: RoutineDataMigrator: isAvailableToMigrate() newPackageName:com.samsung.android.app.dressroom, newTag:change_lock_screen_wallpaper_profile, isAvailableToMigrate:true
03-21 08:34:42.192 11503 11657 I Routine@Core[4.9.04.13]: RoutineDataMigrator: deprecateOldTag() should not deprecate oldTag(lockscreen_shortcut
03-21 08:34:42.192 11503 11657 I Routine@Core[4.9.04.13]: RoutineDataMigrator: isAvailableToMigrate() newPackageName:com.samsung.android.app.routines, newTag:nfc_on_off, isAvailableToMigrate:true
03-21 08:34:42.192 11503 11657 I Routine@Core[4.9.04.13]: RoutineDataMigrator: isAvailableToMigrate() newPackageName:com.sec.android.app.launcher, newTag:edge_panel, isAvailableToMigrate:false
03-21 08:34:42.192 11503 11657 I Routine@Core[4.9.04.13]: RoutineDataMigrator: isAvailableToMigrate() newPackageName:com.android.settings, newTag:as_dialing_keypad_tones, isAvailableToMigrate:true
03-21 08:34:42.192 11503 11657 I Routine@Core[4.9.04.13]: RoutineDataMigrator: isAvailableToMigrate() newPackageName:com.android.settings, newTag:as_keyboard_sound, isAvailableToMigrate:true
03-21 08:34:42.192 11503 11657 I Routine@Core[4.9.04.13]: RoutineDataMigrator: isAvailableToMigrate() newPackageName:com.android.settings, newTag:as_keyboard_vibration, isAvailableToMigrate:true
03-21 08:34:42.193 11503 11657 I Routine@Core[4.9.04.13]: RoutineDataMigrator: isAvailableToMigrate() newPackageName:com.android.settings, newTag:as_media_volume, isAvailableToMigrate:true
03-21 08:34:42.193 11503 11657 I Routine@Core[4.9.04.13]: RoutineDataMigrator: isAvailableToMigrate() newPackageName:com.android.settings, newTag:as_volume, isAvailableToMigrate:true
03-21 08:34:42.193 11503 11657 I Routine@Core[4.9.04.13]: RoutineDataMigrator: isAvailableToMigrate() newPackageName:com.sec.android.app.clockpackage, newTag:appfunction://com.sec.android.app.clockpackage.crossappactions#StopwatchCrossAppFunctions_startStopwatch, isAvailableToMigrate:true
03-21 08:34:42.193 11503 11657 I Routine@Core[4.9.04.13]: RoutineDataMigrator: isAvailableToMigrate() newPackageName:com.sec.android.app.launcher, newTag:samsung_dex, isAvailableToMigrate:true
03-21 08:34:42.193 11503 11657 I Routine@Core[4.9.04.13]: RoutineDataMigrator: isAvailableToMigrate() newPackageName:com.samsung.android.secondscreen, newTag:second_screen_condition_tag, isAvailableToMigrate:false
03-21 08:34:42.193 11503 11657 I Routine@Core[4.9.04.13]: RoutineDataMigrator: isAvailableToMigrate() newPackageName:com.samsung.android.app.routines, newTag:vibrate_once, isAvailableToMigrate:true
03-21 08:34:42.193 11503 11657 I Routine@Core[4.9.04.13]: RoutineDataMigrator: isAvailableToMigrate() newPackageName:com.samsung.android.app.routineplus, newTag:custom_key_v3, isAvailableToMigrate:false
03-21 08:34:42.193 11503 11657 I Routine@Core[4.9.04.13]: RoutineDataMigrator: isAvailableToMigrate() newPackageName:com.samsung.android.service.aircommand, newTag:aircommand_open_with_pen, isAvailableToMigrate:true
03-21 08:34:42.193 11503 11657 I Routine@Core[4.9.04.13]: RoutineDataMigrator: deprecateOldTag() should not deprecate oldTag(aircommand_open_with_pen
03-21 08:34:42.193 11503 11657 I Routine@Core[4.9.04.13]: RoutineDataMigrator: isAvailableToMigrate() newPackageName:com.samsung.android.app.routines, newTag:text_to_speech, isAvailableToMigrate:true
03-21 08:34:42.193 11503 11657 I Routine@Core[4.9.04.13]: RoutineDataMigrator: isAvailableToMigrate() newPackageName:com.samsung.android.app.routines, newTag:unlock_with_finger_print, isAvailableToMigrate:true
03-21 08:34:42.193 11503 11657 I Routine@Core[4.9.04.13]: RoutineDataMigrator: isAvailableToMigrate() newPackageName:com.sec.android.app.launcher, newTag:edge_panel_routine_v3, isAvailableToMigrate:true
03-21 08:34:42.193 11503 11657 I Routine@Core[4.9.04.13]: RoutineDataMigrator: isAvailableToMigrate() newPackageName:com.sec.android.app.launcher, newTag:edge_panel_routine_v3, isAvailableToMigrate:true
03-21 08:34:42.193 11503 11657 I Routine@Core[4.9.04.13]: RoutineDataMigrator: isAvailableToMigrate() newPackageName:com.android.settings, newTag:data_saver_routine, isAvailableToMigrate:true
03-21 08:34:42.193 11503 11657 I Routine@Core[4.9.04.13]: RoutineDataMigrator: isAvailableToMigrate() newPackageName:com.samsung.android.app.routines, newTag:motion_smoothness_v3, isAvailableToMigrate:true
03-21 08:34:42.193 11503 11657 I Routine@Core[4.9.04.13]: RoutineDataMigrator: isAvailableToMigrate() newPackageName:com.samsung.android.app.routines, newTag:motion_smoothness_and_screen_resolution_v3, isAvailableToMigrate:false
03-21 08:34:42.193 11503 11657 I Routine@Core[4.9.04.13]: RoutineDataMigrator: isAvailableToMigrate() newPackageName:com.samsung.android.app.routines, newTag:cover_screen_motion_smoothness_v3, isAvailableToMigrate:false
03-21 08:34:42.193 11503 11657 I Routine@Core[4.9.04.13]: RoutineDataMigrator: isAvailableToMigrate() newPackageName:com.samsung.android.app.routines, newTag:brightness_v3, isAvailableToMigrate:true
03-21 08:34:42.193 11503 11657 I Routine@Core[4.9.04.13]: RoutineDataMigrator: isAvailableToMigrate() newPackageName:com.samsung.android.app.routines, newTag:font_size_v3, isAvailableToMigrate:true
03-21 08:34:42.193 11503 11657 I Routine@Core[4.9.04.13]: RoutineDataMigrator: isAvailableToMigrate() newPackageName:com.samsung.android.app.routines, newTag:screen_zoom_v3, isAvailableToMigrate:true
03-21 08:34:42.193 11503 11657 I Routine@Core[4.9.04.13]: RoutineDataMigrator: isAvailableToMigrate() newPackageName:com.samsung.android.app.routines, newTag:screen_layout_and_zoom_v3, isAvailableToMigrate:false
03-21 08:34:42.193 11503 11657 I Routine@Core[4.9.04.13]: RoutineDataMigrator: isAvailableToMigrate() newPackageName:com.samsung.android.app.routines, newTag:screen_resolution_v3, isAvailableToMigrate:true
03-21 08:34:42.194 11503 11657 I Routine@Core[4.9.04.13]: RoutineDataMigrator: isAvailableToMigrate() newPackageName:com.samsung.android.app.routines, newTag:screen_timeout_v3, isAvailableToMigrate:true
03-21 08:34:42.194 11503 11657 I Routine@Core[4.9.04.13]: RoutineDataMigrator: isAvailableToMigrate() newPackageName:com.samsung.android.app.routines, newTag:rotation_screen_v3, isAvailableToMigrate:true
03-21 08:34:42.194 11503 11657 I Routine@Core[4.9.04.13]: RoutineDataMigrator: isAvailableToMigrate() newPackageName:com.samsung.android.app.routines, newTag:multi_window_tray_v3, isAvailableToMigrate:false
03-21 08:34:42.194 11503 11657 I Routine@Core[4.9.04.13]: RoutineDataMigrator: isAvailableToMigrate() newPackageName:com.samsung.android.app.routines, newTag:dark_mode_v3, isAvailableToMigrate:true
03-21 08:34:42.194 11503 11657 I Routine@Core[4.9.04.13]: RoutineDataMigrator: isAvailableToMigrate() newPackageName:com.samsung.android.app.routines, newTag:bixby_text_command_v3, isAvailableToMigrate:true
03-21 08:34:42.194 11503 11657 I Routine@Core[4.9.04.13]: RoutineDataMigrator: isAvailableToMigrate() newPackageName:com.samsung.android.app.routines, newTag:bixby_quick_command_v3, isAvailableToMigrate:true
03-21 08:34:42.194 11503 11657 I Routine@Core[4.9.04.13]: RoutineDataMigrator: isAvailableToMigrate() newPackageName:com.samsung.android.app.routines, newTag:bixby_voice_wake_up_v3, isAvailableToMigrate:true
03-21 08:34:42.194 11503 11657 I Routine@Core[4.9.04.13]: RoutineDataMigrator: isAvailableToMigrate() newPackageName:com.samsung.android.app.routines, newTag:spotify_playlist_v3, isAvailableToMigrate:false
03-21 08:34:42.194 11503 11657 I Routine@Core[4.9.04.13]: RoutineDataMigrator: isAvailableToMigrate() newPackageName:com.samsung.android.app.routines, newTag:play_media_v3, isAvailableToMigrate:true
03-21 08:34:42.194 11503 11657 I Routine@Core[4.9.04.13]: RoutineDataMigrator: isAvailableToMigrate() newPackageName:com.samsung.android.app.routines, newTag:launch_app_v3, isAvailableToMigrate:true
03-21 08:34:42.194 11503 11657 I Routine@Core[4.9.04.13]: RoutineDataMigrator: isAvailableToMigrate() newPackageName:com.samsung.android.app.routines, newTag:close_app_v3, isAvailableToMigrate:true
03-21 08:34:42.194 11503 11657 I Routine@Core[4.9.04.13]: RoutineDataMigrator: isAvailableToMigrate() newPackageName:com.samsung.android.app.routines, newTag:separate_app_sound_v3, isAvailableToMigrate:true
03-21 08:34:42.194 11503 11657 I Routine@Core[4.9.04.13]: RoutineDataMigrator: isAvailableToMigrate() newPackageName:com.samsung.android.app.routines, newTag:dnd_mode_on_v3, isAvailableToMigrate:true
03-21 08:34:42.194 11503 11657 I Routine@Core[4.9.04.13]: RoutineDataMigrator: isAvailableToMigrate() newPackageName:com.samsung.android.app.routines, newTag:custom_notification_v3, isAvailableToMigrate:true
03-21 08:34:42.194 11503 11657 I Routine@Core[4.9.04.13]: RoutineDataMigrator: isAvailableToMigrate() newPackageName:com.samsung.android.app.routines, newTag:hard_key_v3, isAvailableToMigrate:true
03-21 08:34:42.194 11503 11657 I Routine@Core[4.9.04.13]: RoutineDataMigrator: isAvailableToMigrate() newPackageName:com.samsung.android.app.routines, newTag:quick_decline_message_v3, isAvailableToMigrate:true
03-21 08:34:42.194 11503 11657 I Routine@Core[4.9.04.13]: RoutineDataMigrator: isAvailableToMigrate() newPackageName:com.samsung.android.app.routines, newTag:quick_decline_message_v3, isAvailableToMigrate:true
03-21 08:34:42.194 11503 11657 I Routine@Core[4.9.04.13]: RoutineDataMigrator: isAvailableToMigrate() newPackageName:com.samsung.android.app.routines, newTag:video_enhancer_v3, isAvailableToMigrate:true
03-21 08:34:42.194 11503 11657 I Routine@Core[4.9.04.13]: RoutineDataMigrator: isAvailableToMigrate() newPackageName:com.samsung.android.app.routines, newTag:bluetooth_on_v3, isAvailableToMigrate:true
03-21 08:34:42.194 11503 11657 I Routine@Core[4.9.04.13]: RoutineDataMigrator: isAvailableToMigrate() newPackageName:com.samsung.android.app.routines, newTag:instant_session_v3, isAvailableToMigrate:true
03-21 08:34:42.194 11503 11657 I Routine@Core[4.9.04.13]: RoutineDataMigrator: isAvailableToMigrate() newPackageName:com.samsung.android.app.routines, newTag:airplane_mode_on_v3, isAvailableToMigrate:true
03-21 08:34:42.194 11503 11657 I Routine@Core[4.9.04.13]: RoutineDataMigrator: isAvailableToMigrate() newPackageName:com.samsung.android.app.routines, newTag:mobile_network_mode_setting_v3, isAvailableToMigrate:true
03-21 08:34:42.194 11503 11657 I Routine@Core[4.9.04.13]: RoutineDataMigrator: isAvailableToMigrate() newPackageName:com.samsung.android.app.routines, newTag:mobile_data_on_v3, isAvailableToMigrate:true
03-21 08:34:42.195 11503 11657 I Routine@Core[4.9.04.13]: RoutineDataMigrator: isAvailableToMigrate() newPackageName:com.samsung.android.app.routines, newTag:hotspot_on_v3, isAvailableToMigrate:true
03-21 08:34:42.195 11503 11657 I Routine@Core[4.9.04.13]: RoutineDataMigrator: isAvailableToMigrate() newPackageName:com.samsung.android.app.routines, newTag:gps_on_v3, isAvailableToMigrate:true
03-21 08:34:42.195 11503 11657 I Routine@Core[4.9.04.13]: RoutineDataMigrator: isAvailableToMigrate() newPackageName:com.samsung.android.app.routines, newTag:auto_data_sync_v3, isAvailableToMigrate:true
03-21 08:34:42.195 11503 11657 I Routine@Core[4.9.04.13]: RoutineDataMigrator: isAvailableToMigrate() newPackageName:com.samsung.android.app.routines, newTag:sound_sdk3, isAvailableToMigrate:true
03-21 08:34:42.195 11503 11657 I Routine@Core[4.9.04.13]: RoutineDataMigrator: isAvailableToMigrate() newPackageName:com.samsung.android.app.routines, newTag:vibrate_once, isAvailableToMigrate:true
03-21 08:34:42.195 11503 11657 I Routine@Core[4.9.04.13]: RoutineDataMigrator: isAvailableToMigrate() newPackageName:com.samsung.android.app.routines, newTag:connect_url_sdk3, isAvailableToMigrate:true
03-21 08:34:42.195 11503 11657 I Routine@Core[4.9.04.13]: RoutineDataMigrator: isAvailableToMigrate() newPackageName:com.samsung.android.app.routines, newTag:wifi_on_sdk3, isAvailableToMigrate:true
03-21 08:34:42.195 11503 11657 I Routine@Core[4.9.04.13]: RoutineDataMigrator: isAvailableToMigrate() newPackageName:com.samsung.android.app.routines, newTag:lockscreen_shortcut_v3, isAvailableToMigrate:true
03-21 08:34:42.195 11503 11657 I Routine@Core[4.9.04.13]: RoutineDataMigrator: isAvailableToMigrate() newPackageName:com.samsung.android.app.routines, newTag:launch_app_v3, isAvailableToMigrate:true
03-21 08:34:42.195 11503 11657 I Routine@Core[4.9.04.13]: RoutineDataMigrator: isAvailableToMigrate() newPackageName:com.samsung.android.app.routines, newTag:launch_game_v3, isAvailableToMigrate:true
03-21 08:34:42.195 11503 11657 I Routine@Core[4.9.04.13]: RoutineDataMigrator: isAvailableToMigrate() newPackageName:com.samsung.android.app.routines, newTag:samsung_health_during_exercise_v3, isAvailableToMigrate:true
03-21 08:34:42.195 11503 11657 I Routine@Core[4.9.04.13]: RoutineDataMigrator: isAvailableToMigrate() newPackageName:com.samsung.android.app.routines, newTag:samsung_health_during_exercise_when_starting_v3, isAvailableToMigrate:true
03-21 08:34:42.195 11503 11657 I Routine@Core[4.9.04.13]: RoutineDataMigrator: isAvailableToMigrate() newPackageName:com.samsung.android.app.routines, newTag:notification_with_keyword_v3, isAvailableToMigrate:true
03-21 08:34:42.195 11503 11657 I Routine@Core[4.9.04.13]: RoutineDataMigrator: isAvailableToMigrate() newPackageName:com.samsung.android.app.routines, newTag:specify_wifi_v3, isAvailableToMigrate:true
03-21 08:34:42.195 11503 11657 I Routine@Core[4.9.04.13]: RoutineDataMigrator: isAvailableToMigrate() newPackageName:com.samsung.android.app.routines, newTag:wifi_rssi_v3, isAvailableToMigrate:true
03-21 08:34:42.195 11503 11657 I Routine@Core[4.9.04.13]: RoutineDataMigrator: isAvailableToMigrate() newPackageName:com.samsung.android.app.routines, newTag:specify_bluetooth_v3, isAvailableToMigrate:true
03-21 08:34:42.195 11503 11657 I Routine@Core[4.9.04.13]: RoutineDataMigrator: isAvailableToMigrate() newPackageName:com.samsung.android.app.routines, newTag:specify_bluetooth_only_connected_v3, isAvailableToMigrate:true
03-21 08:34:42.195 11503 11657 I Routine@Core[4.9.04.13]: RoutineDataMigrator: isAvailableToMigrate() newPackageName:com.samsung.android.app.routines, newTag:nfc_tagged_v3, isAvailableToMigrate:true
03-21 08:34:42.195 11503 11657 I Routine@Core[4.9.04.13]: RoutineDataMigrator: isAvailableToMigrate() newPackageName:com.samsung.android.app.routines, newTag:airplane_mode_v3, isAvailableToMigrate:true
03-21 08:34:42.195 11503 11657 I Routine@Core[4.9.04.13]: RoutineDataMigrator: isAvailableToMigrate() newPackageName:com.samsung.android.app.routines, newTag:specific_time_v3, isAvailableToMigrate:true
03-21 08:34:42.195 11503 11657 I Routine@Core[4.9.04.13]: RoutineDataMigrator: isAvailableToMigrate() newPackageName:com.samsung.android.app.routines, newTag:time_v3, isAvailableToMigrate:true
03-21 08:34:42.195 11503 11657 I Routine@Core[4.9.04.13]: RoutineDataMigrator: isAvailableToMigrate() newPackageName:com.samsung.android.app.routines, newTag:plugin_gps_location_v3, isAvailableToMigrate:true
03-21 08:34:42.195 11503 11657 I Routine@Core[4.9.04.13]: RoutineDataMigrator: isAvailableToMigrate() newPackageName:com.samsung.android.app.routines, newTag:plugin_gps_location_only_arrived_v3, isAvailableToMigrate:false
03-21 08:34:42.195 11503 11657 I Routine@Core[4.9.04.13]: RoutineDataMigrator: isAvailableToMigrate() newPackageName:com.samsung.android.app.routines, newTag:calling_v3, isAvailableToMigrate:true
03-21 08:34:42.195 11503 11657 I Routine@Core[4.9.04.13]: RoutineDataMigrator: isAvailableToMigrate() newPackageName:com.samsung.android.app.routines, newTag:during_call_v3, isAvailableToMigrate:true
03-21 08:34:42.195 11503 11657 I Routine@Core[4.9.04.13]: RoutineDataMigrator: isAvailableToMigrate() newPackageName:com.samsung.android.app.routines, newTag:connected_headset_v3, isAvailableToMigrate:true
03-21 08:34:42.195 11503 11657 I Routine@Core[4.9.04.13]: RoutineDataMigrator: isAvailableToMigrate() newPackageName:com.samsung.android.app.routines, newTag:plugged_battery_v3, isAvailableToMigrate:true
03-21 08:34:42.195 11503 11657 I Routine@Core[4.9.04.13]: RoutineDataMigrator: isAvailableToMigrate() newPackageName:com.samsung.android.app.routines, newTag:battery_condition_v3, isAvailableToMigrate:true
03-21 08:34:42.195 11503 11657 I Routine@Core[4.9.04.13]: RoutineDataMigrator: isAvailableToMigrate() newPackageName:com.samsung.android.app.routines, newTag:dex_mode_on_v3, isAvailableToMigrate:true
03-21 08:34:42.195 11503 11657 I Routine@Core[4.9.04.13]: RoutineDataMigrator: isAvailableToMigrate() newPackageName:com.samsung.android.app.routines, newTag:fold_state_v3, isAvailableToMigrate:false
03-21 08:34:42.195 11503 11657 I Routine@Core[4.9.04.13]: RoutineDataMigrator: isAvailableToMigrate() newPackageName:com.samsung.android.app.routines, newTag:ringer_mode_v3, isAvailableToMigrate:true
03-21 08:34:42.196 11503 11657 I Routine@Core[4.9.04.13]: RoutineDataMigrator: isAvailableToMigrate() newPackageName:com.samsung.android.app.routines, newTag:night_mode_v3, isAvailableToMigrate:true
03-21 08:34:42.196 11503 11657 I Routine@Core[4.9.04.13]: RoutineDataMigrator: isAvailableToMigrate() newPackageName:com.samsung.android.app.routines, newTag:wifi_on_sdk3, isAvailableToMigrate:true
03-21 08:34:42.196 11503 11657 I Routine@Core[4.9.04.13]: RoutineDataMigrator: isAvailableToMigrate() newPackageName:com.samsung.android.app.routines, newTag:show_action_list, isAvailableToMigrate:true
03-21 08:34:42.196 11503 11657 I Routine@Core[4.9.04.13]: RoutineDataMigrator: deprecateOldTag() should not deprecate oldTag(show_action_list
03-21 08:34:42.196 11503 11657 I Routine@Core[4.9.04.13]: RoutineDataMigrator: migration - end, results = []
03-21 08:34:42.196 11503 11593 I Routine@Core[4.9.04.13]: WatchMetaUpdateRequester: asyncRequestUpdateMetaToWatch
03-21 08:34:42.197 11503 11593 I Routine@Core[4.9.04.13]: GooglePlayServiceChecker: isPackageEnabled: com.google.android.gms - result(true)
03-21 08:34:42.198 11503 11657 I Routine@Core[4.9.04.13]: MetadataLoadManager: refreshRegisterPackageChangeIntentFilter
03-21 08:34:42.198 11503 11657 I Routine@Core[4.9.04.13]: MetadataPackageUtil: getMetaLoadedPackageMonitoringList - packages size : 52, targetPackages : [com.samsung.android.app.aodservice, com.samsung.android.spay, com.android.systemui, com.samsung.android.honeyboard, com.samsung.android.app.dressroom, com.samsung.android.lool, com.sec.android.app.launcher, com.samsung.android.smartmirroring, com.samsung.android.fast, com.samsung.android.app.reminder, com.samsung.android.mdecservice, com.samsung.android.app.routines, com.samsung.android.game.gametools, com.samsung.android.calendar, com.sec.android.app.soundalive, com.samsung.android.mdx, com.samsung.android.app.smartcapture, com.samsung.android.inputshare, com.sec.android.app.clockpackage, com.sec.android.gallery3d, com.samsung.accessibility, com.samsung.android.service.aircommand, com.android.settings, com.samsung.android.app.notes, com.samsung.android.app.telephonyui, com.samsung.android.app.sharelive, com.samsung.accessory.budsunitemgr, com.samsung.android.game.gos, com.samsung.android.app.routineplus, com.samsung.android.app.clockpack, com.samsung.android.app.cocktailbarservice, com.samsung.android.app.galaxyregistry, com.samsung.android.app.smartwidget, com.samsung.android.routinesdkv3, com.samsung.android.secondscreen, com.samsung.android.sidegesturepad, com.samsung.android.sm_cn, com.samsung.android.soundassistant, com.sec.android.desktopmode.uiservice, com.samsung.android.waterplugin, com.samsung.android.heartplugin, com.samsung.wearable.watch6plugin, com.samsung.wearable.watch7plugin, com.samsung.wearable.watchuniteplugin, com.samsung.accessory.popcornmgr, com.samsung.accessory.berrymgr, com.samsung.accessory.jellymgr, com.samsung.accessory.neobeanmgr, com.samsung.accessory.atticmgr, com.samsung.accessory.zenithmgr, com.samsung.accessory.paranmgr, com.samsung.accessory.pearlmgr]
03-21 08:34:42.198 11503 11657 I Routine@Core[4.9.04.13]: BroadcastRegister: refreshRegisterPackageChangeIntentFilter - packages size: 52
03-21 08:34:42.198 11503 11657 I Routine@Core[4.9.04.13]: BroadcastRegister: unregisterPackageChangeIntentFilter
03-21 08:34:42.199 11503 11657 I SEP_UNION_SemUnionManager: getUnionService(semeventdelegator) 
03-21 08:34:42.199 11503 11657 I SEP_UNION_SemUnionManager: getUnionService(semeventdelegator) 
03-21 08:34:42.199 11503 11657 I Routine@Core[4.9.04.13]: BroadcastRegister: registerPackageAddedIntentFilterInternal
03-21 08:34:42.199  2691  6425 D SEP_UNION_SemDeviceInfoManagerService: Unregister intent = android.intent.action.PACKAGE_ADDED, , package = com.samsung.android.app.routines, userId = 0 
03-21 08:34:42.199 11503 11657 I SEP_UNION_SemUnionManager: getUnionService(semeventdelegator) 
03-21 08:34:42.200 11503 11657 I Routine@Core[4.9.04.13]: BroadcastRegister: registerPackageMonitoringIntentFilterInternal
03-21 08:34:42.200 11503 11657 I SEP_UNION_SemUnionManager: getUnionService(semeventdelegator) 
03-21 08:34:42.200  2691  6425 D SEP_UNION_SemDeviceInfoManagerService: Unregister intent = android.intent.action.PACKAGE_REPLACED, android.intent.action.PACKAGE_CHANGED, android.intent.action.PACKAGE_REMOVED, android.intent.action.PACKAGE_FULLY_REMOVED, android.intent.action.MY_PACKAGE_REPLACED, , package = com.samsung.android.app.routines, userId = 0 
03-21 08:34:42.200  4327  5335 I ScanController: onScanResult to scannerId: 12- eventType=0x0, addressType=1, address=XX:XX:XX:XX:41:20, primaryPhy=1, secondaryPhy=1, advertisingSid=0x3, txPower=127, rssi=-39, periodicAdvInt=0x0
03-21 08:34:42.200  2691  6425 D SEP_UNION_SemDeviceInfoManagerService: Register intent = android.intent.action.PACKAGE_ADDED,  package = com.samsung.android.app.routines, userId = 0, flag = 0, conditions = null 
03-21 08:34:42.201  2691  6425 D SEP_UNION_SemDeviceInfoManagerService: PendingIntentWithConditions added f=0 
03-21 08:34:42.201  2691  5542 D SEP_UNION_SemDeviceInfoManagerService: Register intent = android.intent.action.PACKAGE_REPLACED, android.intent.action.PACKAGE_CHANGED, android.intent.action.PACKAGE_REMOVED, android.intent.action.PACKAGE_FULLY_REMOVED, android.intent.action.MY_PACKAGE_REPLACED,  package = com.samsung.android.app.routines, userId = 0, flag = 1, conditions = [com.samsung.android.app.aodservice, com.samsung.android.spay, com.android.systemui, com.samsung.android.honeyboard, com.samsung.android.app.dressroom, com.samsung.android.lool, com.sec.android.app.launcher, com.samsung.android.smartmirroring, com.samsung.android.fast, com.samsung.android.app.reminder, com.samsung.android.mdecservice, com.samsung.android.app.routines, com.samsung.android.game.gametools, com.samsung.android.calendar, com.sec.android.app.soundalive, com.samsung.android.mdx, com.samsung.android.app.smartcapture, com.samsung.android.inputshare, com.sec.android.app.clockpackage, com.sec.android.gallery3d, com.samsung.accessibility, com.samsung.android.service.aircommand, com.android.settings, com.samsung.android.app.notes, com.samsung.android.app.telephonyui, com.samsung.android.app.sharelive, com.samsung.accessory.budsunitemgr, com.samsung.android.game.gos, com.samsung.android.app.routineplus, com.samsung.android.app.clockpack, com.samsung.android.app.cocktailbarservice, com.samsung.android.app.galaxyregistry, com.samsung.android.app.smartwidget, com.samsung.android.routinesdkv3, com.samsung.android.secondscreen, com.samsung.android.sidegesturepad, com.samsung.android.sm_cn, com.samsung.android.soundassistant, com.sec.android.desktopmode.uiservice, com.samsung.android.waterplugin, com.samsung.android.heartplugin, com.samsung.wearable.watch6plugin, com.samsung.wearable.watch7plugin, com.samsung.wearable.watchuniteplugin, com.samsung.accessory.popcornmgr, com.samsung.accessory.berrymgr, com.samsung.accessory.jellymgr, com.samsung.accessory.neobeanmgr, com.samsung.accessory.atticmgr, com.samsung.accessory.zenithmgr, com.samsung.accessory.paranmgr, com.samsung.accessory.pearlmgr] 
03-21 08:34:42.201  2691  5542 D SEP_UNION_SemDeviceInfoManagerService: PendingIntentWithConditions added f=1 
03-21 08:34:42.201  2691  5542 D SEP_UNION_SemDeviceInfoManagerService: PendingIntentWithConditions added f=1 
03-21 08:34:42.201 11503 11657 I Routine@Core[4.9.04.13]: Pref: removeSharedPrefsData() key=meta_loading_target_package_name
03-21 08:34:42.201  2691  5542 D SEP_UNION_SemDeviceInfoManagerService: Adding new UnionBroadcastReceiver for the action: android.intent.action.PACKAGE_CHANGED in User 0 
03-21 08:34:42.201  2691  5542 D SEP_UNION_SemDeviceInfoManagerService: PendingIntentWithConditions added f=1 
03-21 08:34:42.201  2691  5542 D SEP_UNION_SemDeviceInfoManagerService: PendingIntentWithConditions added f=1 
03-21 08:34:42.201  2691  5542 D SEP_UNION_SemDeviceInfoManagerService: PendingIntentWithConditions added f=1 
03-21 08:34:42.201  2691  5542 D SEP_UNION_SemDeviceInfoManagerService: Adding new UnionBroadcastReceiver for the action: android.intent.action.MY_PACKAGE_REPLACED in User 0 
03-21 08:34:42.202 11503 11539 I Routine@Core[4.9.04.13]: ModeOrderObserver: ModeOrderObserver:onChange: uri content://com.samsung.android.app.routines.routineprovider/preference
03-21 08:34:42.206 30601  2195 W WearableService: onGetService: Wear is not available on this device.
03-21 08:34:42.207 11503 11733 I Routine@Core[4.9.04.13]: MetadataSyncHistory: isMetaDataSyncedWithVersion: latest=9c17a0ca7155acc4a4ec81aebd062cfa44e6880f, currentVersion=9c17a0ca7155acc4a4ec81aebd062cfa44e6880f
03-21 08:34:42.207 11503 11657 I Routine@Core[4.9.04.13]: MetadataLoadManager: enableAllConditions
03-21 08:34:42.208 11503 11593 E Routine@Core[4.9.04.13]: WearNodeHelper: getConnectedNearlyNodes: ExecutionException - java.util.concurrent.ExecutionException: com.google.android.gms.common.api.ApiException: 17: API: Wearable.API is not available on this device. Connection failed with: ConnectionResult{statusCode=API_UNAVAILABLE, resolution=null, message=null}
03-21 08:34:42.208 11503 11657 I Routine@Core[4.9.04.13]: ProcessUtils: setProcessImportant: needForeground=true, reason=ENGINE_COORDINATOR
03-21 08:34:42.211 30601  2195 W WearableService: onGetService: Wear is not available on this device.
03-21 08:34:42.213 11503 11593 E Routine@Core[4.9.04.13]: WearNodeManagerImpl: getNodeId: exception - com.google.android.gms.common.api.ApiException: 17: API: Wearable.API is not available on this device. Connection failed with: ConnectionResult{statusCode=API_UNAVAILABLE, resolution=null, message=null}
03-21 08:34:42.213 11503 11593 I Routine@Core[4.9.04.13]: WearNodeManagerImpl: getConnectedNodeIdByCapability nodeId:null
03-21 08:34:42.213 11503 11657 I Routine@Core[4.9.04.13]: COORD/CoordinatorRequestHandler: onCallReceive: method=enable_all_conditions
03-21 08:34:42.213 11503 11657 I Routine@Core[4.9.04.13]: ProcessUtils: setProcessImportant: needForeground=false, reason=ENGINE_COORDINATOR
03-21 08:34:42.213 11503 11786 I Routine@Core[4.9.04.13]: COORD/CoordinatorRequestHandler: messageHandler.handleMessage: message=ENABLE_ALL_CONDITIONS
03-21 08:34:42.214 11503 11594 I Routine@Core[4.9.04.13]: COORD/ConditionStateHandlerImpl: enableAllConditions
03-21 08:34:42.218 11503 11539 I Routine@Core[4.9.04.13]: ModesOrderManager: getOrderOrDefault: uuid(100)
03-21 08:34:42.220 11503 11503 I Routine@Core[4.9.04.13]: MetadataLoaderJobService: metadataLoadingCompleted: collectPackageInBG - com.ifs.stoppai
03-21 08:34:42.224 11503 11503 I Routine@Core[4.9.04.13]: MetadataSyncHistory: isMetaDataSyncedWithVersion: latest=9c17a0ca7155acc4a4ec81aebd062cfa44e6880f, currentVersion=9c17a0ca7155acc4a4ec81aebd062cfa44e6880f
03-21 08:34:42.225 11503 11597 I Routine@Core[4.9.04.13]: WearCommonDataStore: getLastConnectedNodeId: null
03-21 08:34:42.225 11503 11597 I Routine@Core[4.9.04.13]: WEAR/WearRoutineHostSenderImpl: requestToUpdateMetas: nodeId is null
03-21 08:34:42.227 11503 11539 I Routine@Core[4.9.04.13]: ModesOrderManager: initializeIfNeeded: initialize
03-21 08:34:42.228 11503 11539 I Routine@Core[4.9.04.13]: ModesOrderManager: isAllModesOrderExist: true
03-21 08:34:42.228 11503 11503 I Routine@Core[4.9.04.13]: Pref: putSharedPrefsData: key=routine_meta_data_loading_statue, data.size=8
03-21 08:34:42.230 11503 11539 I Routine@Core[4.9.04.13]: ModesOrderManager: removeNotRequiredOrders: uuidsToBeDeleted([])
03-21 08:34:42.230 11503 11733 I Routine@Core[4.9.04.13]: MetadataSyncHistory: isMetaDataSyncedWithVersion: latest=9c17a0ca7155acc4a4ec81aebd062cfa44e6880f, currentVersion=9c17a0ca7155acc4a4ec81aebd062cfa44e6880f
03-21 08:34:42.230 11503 11594 I Routine@Core[4.9.04.13]: COORD/ConditionStateHandlerImpl: enableRoutineConditions: routineId=1(uuid=000100, name=Sonno)[READY]
03-21 08:34:42.230 11503 11594 I Routine@Core[4.9.04.13]: COORD/ConditionStateHandlerImpl: enableCondition: conditionId=manual_execute(id=1, uuid=519972, routineId=1)
03-21 08:34:42.230 11503 11594 I Routine@Core[4.9.04.13]: TASKD/ConditionTaskAdapterFactoryImpl: getAdapter - metaId=manual_execute(id=37)
03-21 08:34:42.230 11503 11594 I Routine@Core[4.9.04.13]: ManualExecutionConditionHandler: onEnabled: tag=manual_execute, instanceId=5199723429582097343
03-21 08:34:42.231 11503 11594 I Routine@Core[4.9.04.13]: COORD/ConditionStateHandlerCallbackImpl: unregisterConditionObserver: conditionId=manual_execute(id=1, uuid=519972, routineId=1), targetUri=content://com.samsung.android.app.routines.provider.routines.v3/manual_execute
03-21 08:34:42.231 11503 11594 I SEP_UNION_SemUnionManager: getUnionService(semeventdelegator) 
03-21 08:34:42.231 11503 11594 I Routine@Core[4.9.04.13]: COORD/ConditionStateHandlerCallbackImpl: registerConditionObserver: conditionId=manual_execute(id=1, uuid=519972, routineId=1), targetUri=content://com.samsung.android.app.routines.provider.routines.v3/manual_execute
03-21 08:34:42.231 11503 11539 I Routine@Core[4.9.04.13]: ModesOrderManager: getOrder: uuid(100) -> order(999)
03-21 08:34:42.232  2691  5542 D SEP_UNION_SemDeviceInfoManagerService: Unregister uri = content://com.samsung.android.app.routines.provider.routines.v3/manual_execute, package = com.samsung.android.app.routines, userId = 0 
03-21 08:34:42.232 11503 11594 I SEP_UNION_SemUnionManager: getUnionService(semeventdelegator) 
03-21 08:34:42.232  2691  5542 D SEP_UNION_SemDeviceInfoManagerService: Register uri = content://com.samsung.android.app.routines.provider.routines.v3/manual_execute, package = com.samsung.android.app.routines, userId = 0 
03-21 08:34:42.232  2691  5542 D SEP_UNION_SemDeviceInfoManagerService: PendingIntentWithConditions added f=0 
03-21 08:34:42.233  2691  5542 D SEP_UNION_SemDeviceInfoManagerService: Creating new UnionContentObserver for the uri:content://com.samsung.android.app.routines.provider.routines.v3/manual_execute 
03-21 08:34:42.233 11503 11539 I Routine@Core[4.9.04.13]: ModeListHolder: update: size(1) updated(2026/03/21 08:34:42) [ModeMeta(id=1, uuid=100, iconResourceId=2131231140, iconStatusResourceId=2131231637, displayName=Sonno, isRunning=false, runningReason=, runningReasonCondition=, isSet=true, isDeleted=false, detailRunningReason=null, order=999, toggleTime=0)]
03-21 08:34:42.233 11503 11503 I Routine@Core[4.9.04.13]: DatabaseJobIntentService: Stop no more task
03-21 08:34:42.235 11503 11503 I Routine@Core[4.9.04.13]: RoutineService: onCreate
03-21 08:34:42.235 11503 11503 I Routine@Core[4.9.04.13]: RoutineService: onStartCommand: com.samsung.android.app.routine.ACTION_METADATA_LOADING_COMPLETE
03-21 08:34:42.235 11503 11503 I Routine@Core[4.9.04.13]: RoutineService: onMetadataLoadingCompleted
03-21 08:34:42.236 11503 11788 I Routine@Core[4.9.04.13]: InstanceCleaner: clean() - begin
03-21 08:34:42.237 10913 11435 I SemDvfsHyPerManager: acquire hyper - BaseTABoost/10913@22, type = -999
03-21 08:34:42.237  1885  1960 I HYPER-HAL: [RequestManager.cpp]acquire(): Acquired ID : 59792602  [10913 / 22]    HINT :      list : [TABoost / 1] 
03-21 08:34:42.244 11503 11503 I Routine@Core[4.9.04.13]: MetadataSyncHistory: isMetaDataSyncedWithVersion: latest=9c17a0ca7155acc4a4ec81aebd062cfa44e6880f, currentVersion=9c17a0ca7155acc4a4ec81aebd062cfa44e6880f
03-21 08:34:42.244 11503 11503 I Routine@Core[4.9.04.13]: RoutineEngineService: onCreate
03-21 08:34:42.244 11503 11503 I Routine@Core[4.9.04.13]: RoutineEngineService: onSpecificConditionStateChanged: instancedId=5199723429582097343
03-21 08:34:42.245 11503 11503 I Routine@Core[4.9.04.13]: MetadataLoaderJobService: onDestroy
03-21 08:34:42.245 11503 11790 I Routine@Core[4.9.04.13]: ProcessUtils: setProcessImportant: needForeground=true, reason=ENGINE_COORDINATOR
03-21 08:34:42.247 11503 11790 I Routine@Core[4.9.04.13]: COORD/CoordinatorRequestHandler: onCallReceive: method=specific_condition_state_changed
03-21 08:34:42.247 11503 11790 I Routine@Core[4.9.04.13]: COORD/CoordinatorRequestHandler: onCallReceive: wait until notify... method=specific_condition_state_changed
03-21 08:34:42.247 11503 11786 I Routine@Core[4.9.04.13]: COORD/CoordinatorRequestHandler: messageHandler.handleMessage: message=SPECIFIC_CONDITION_STATE_CHANGED
03-21 08:34:42.249 11503 11594 I Routine@Core[4.9.04.13]: COORD/BasicConditionController: evaluateTriggerStatus: conditions.size=1
03-21 08:34:42.250 11503 11594 I Routine@Core[4.9.04.13]: COORD/BasicConditionController: evaluateTriggerStatus: condition=RoutineCondition(meta=ConditionMeta(id=37, tag=manual_execute, packageName=com.samsung.android.app.routines, componentName=null, componentType=v3, labelResourceId=2131887315, subLabelResourceId=-1, enabledLabelResourceId=0, negativeEnabledLabelResourceId=0, _isSupportNegative=0, descriptionResourceId=0, iconResourceId=2131231565, configActivity=null, category=null, defaultParameter=null, defaultParameterLabel=null, uri=null, correctParam=null, parameterSpecSet=null, supportState=1, attributes=display_description, version=1, defaultLabel=Avvia manualmente), _instance=ConditionInstance(id=1, uuid=5199723429582097343, routineId=1, parameterRepresentation=null, param=null, isNegative=0, timestamp=0, validState=1, extra=, _triggerStatus=0))
03-21 08:34:42.254 11503 11594 I Routine@Core[4.9.04.13]: TASKD/ConditionTaskAdapterFactoryImpl: getAdapter - metaId=manual_execute(id=37)
03-21 08:34:42.254 11503 11594 E Routine@Core[4.9.04.13]: ResultCode.FailCustomCode: fromValidState: failed to parse. validState=0x1
03-21 08:34:42.254 11503 11594 I Routine@Core[4.9.04.13]: TASKD/ConditionTaskAdapterFactoryImpl: getAdapter - metaId=manual_execute(id=37)
03-21 08:34:42.255 11503 11594 I Routine@Core[4.9.04.13]: ManualExecutionConditionHandler: isSatisfied: tag=manual_execute, result=NOT_SATISFIED
03-21 08:34:42.255 11503 11594 I Routine@Core[4.9.04.13]: COORD/BasicConditionController: evaluateTriggerStatus: isSatisfied=false (conditionId=manual_execute(id=1, uuid=519972, routineId=1))
03-21 08:34:42.259 11503 11594 I Routine@Core[4.9.04.13]: COORD/ConditionProgressCallback: doTriggerOff: routineState=READY (routineId=1(uuid=000100, name=Sonno)[READY]) (conditionId=manual_execute(id=1, uuid=519972, routineId=1))
03-21 08:34:42.261 11503 11788 I Routine@Core[4.9.04.13]: InstanceCleaner: clean() - listToDelete is Empty !
03-21 08:34:42.261 11503 11788 I Routine@Core[4.9.04.13]: InstanceCleaner: clean() - end
03-21 08:34:42.263 11503 11788 I Routine@Core[4.9.04.13]: Pref: putSharedPrefsData: key=pref_metaloader_status, data.size=9
03-21 08:34:42.264 11503 11594 I Routine@Core[4.9.04.13]: ModeTriggerHandler: onTriggerOffCondition: routineId=1(uuid=000100, name=Sonno)[READY], triggeredOffConditionId=manual_execute(id=1, uuid=519972, routineId=1)
03-21 08:34:42.264 11503 11594 I Routine@Core[4.9.04.13]: ModeTriggerHandler: resolveModeOffSuggestion: not running. routineId=1(uuid=000100, name=Sonno)[READY]
03-21 08:34:42.264 11503 11788 I Routine@Core[4.9.04.13]: RoutineService: onMetadataLoadingCompleted.onComplete
03-21 08:34:42.265 11503 11503 I Routine@Core[4.9.04.13]: RoutineService: onDestroy
03-21 08:34:42.265 11503 11594 I Routine@Core[4.9.04.13]: COORD/RoutineCommandHandlerImpl: needEndRunning: routineState=READY (routineId=1(uuid=000100, name=Sonno)[READY])
03-21 08:34:42.265 11503 11594 W Routine@Core[4.9.04.13]: COORD/RoutineCommandHandlerImpl: needEndRunning: not handled status. routineState=READY
03-21 08:34:42.265 11503 11790 I Routine@Core[4.9.04.13]: COORD/CoordinatorRequestHandler: onCallReceive: released! method=specific_condition_state_changed
03-21 08:34:42.265 11503 11790 I Routine@Core[4.9.04.13]: ProcessUtils: setProcessImportant: needForeground=false, reason=ENGINE_COORDINATOR
03-21 08:34:42.266 11503 11503 I Routine@Core[4.9.04.13]: RoutineEngineService: onSpecificConditionStateChanged.onComplete: instancedUuid=5199723429582097343
03-21 08:34:42.266 11503 11503 I Routine@Core[4.9.04.13]: RoutineEngineService: onStartCommand.onConditionStateChanged: result=true
03-21 08:34:42.267 11503 11503 I Routine@Core[4.9.04.13]: RoutineEngineService: onDestroy
03-21 08:34:42.340 30601 30601 D BoundBrokerSvc: onUnbind: Intent { act=com.google.android.gms.common.telemetry.service.START dat=chimera-action:/... xflg=0x4 cmp=com.google.android.gms/.chimera.PersistentApiService }
03-21 08:34:42.350  1989  2017 E HeatmapThread: ECT Thread time in milliseconds: 1774078482
03-21 08:34:42.350  1989  2017 D HeatmapThread: !@ batteryplugType : 0
03-21 08:34:42.350  1989  2017 D HeatmapThread: !@ batteryLevel : 0  batteryTemperature : 0 
03-21 08:34:42.350  1989  2017 D HeatmapThread: !@ Heatmap currtime: 29567974
03-21 08:34:42.350  1989  2017 D HeatmapThread: !@ Heatmap prevtime: 29567950
03-21 08:34:42.350  1989  2017 D HeatmapThread: !@ Heatmap plugstarttime: 35791394
03-21 08:34:42.350  1989  2017 D HeatmapThread: !@ Heatmap prevv_dsoh_update_time: 29558986
03-21 08:34:42.350  1989  2017 E HeatmapThread: !@Could not open '/efs/FactoryApp/bsoh', errno = 13
03-21 08:34:42.350  1989  2017 E HeatmapThread: !@ CAM Could not access BSOH EFS
03-21 08:34:42.350  1989  2017 E HeatmapThread: !@ CAM New BSOH: 0
03-21 08:34:42.366  1207  1207 W keymint_tee: [WRN]begin req PARAMS: A32, BM2, PD64, 
03-21 08:34:42.369  1207  1207 D keymint_swd: keymint_swd keymint [WRN] (km_add_tag:528) skip: non repetable tag already exists with different value: 268435458
03-21 08:34:42.369  1207  1207 D keymint_swd: keymint_swd keymint [WRN] (swd_run_cb:267) swd_begin() returns 0
03-21 08:34:42.369  1207  1207 D android.hardware.security.keymint-service: begin: ret 0
03-21 08:34:42.370  1203  5823 I keystore2: system/security/keystore2/src/security_level.rs:466 - In create_operation. Success to create IKeystoreOperation. 10517, None
03-21 08:34:42.372  1207  1207 D keymint_swd: keymint_swd keymint [WRN] (swd_run_cb:267) swd_update() returns 0
03-21 08:34:42.372  1207  1207 D android.hardware.security.keymint-service: update: ret 0
03-21 08:34:42.373  1207  1207 D keymint_swd: keymint_swd keymint [WRN] (swd_run_cb:267) swd_finish() returns 0
03-21 08:34:42.373  1207  1207 D android.hardware.security.keymint-service: finish: ret 0
03-21 08:34:42.381  1207  1207 W keymint_tee: [WRN]begin req PARAMS: A32, BM2, PD64, 
03-21 08:34:42.384  1207  1207 D keymint_swd: keymint_swd keymint [WRN] (km_add_tag:528) skip: non repetable tag already exists with different value: 268435458
03-21 08:34:42.384  1207  1207 D keymint_swd: keymint_swd keymint [WRN] (swd_run_cb:267) swd_begin() returns 0
03-21 08:34:42.384  1207  1207 D android.hardware.security.keymint-service: begin: ret 0
03-21 08:34:42.385  1203  5823 I keystore2: system/security/keystore2/src/security_level.rs:466 - In create_operation. Success to create IKeystoreOperation. 10517, None
03-21 08:34:42.386  1207  1207 D keymint_swd: keymint_swd keymint [WRN] (swd_run_cb:267) swd_update() returns 0
03-21 08:34:42.386  1207  1207 D android.hardware.security.keymint-service: update: ret 0
03-21 08:34:42.388  1207  1207 D keymint_swd: keymint_swd keymint [WRN] (swd_run_cb:267) swd_finish() returns 0
03-21 08:34:42.388  1207  1207 D android.hardware.security.keymint-service: finish: ret 0
03-21 08:34:42.389  1207  1207 W keymint_tee: [WRN]begin req PARAMS: A32, BM2, PD64, 
03-21 08:34:42.391  1207  1207 D keymint_swd: keymint_swd keymint [WRN] (km_add_tag:528) skip: non repetable tag already exists with different value: 268435458
03-21 08:34:42.391  1207  1207 D keymint_swd: keymint_swd keymint [WRN] (swd_run_cb:267) swd_begin() returns 0
03-21 08:34:42.391  1207  1207 D android.hardware.security.keymint-service: begin: ret 0
03-21 08:34:42.392  1203  5823 I keystore2: system/security/keystore2/src/security_level.rs:466 - In create_operation. Success to create IKeystoreOperation. 10517, None
03-21 08:34:42.393  1207  1207 D keymint_swd: keymint_swd keymint [WRN] (swd_run_cb:267) swd_update() returns 0
03-21 08:34:42.393  1207  1207 D android.hardware.security.keymint-service: update: ret 0
03-21 08:34:42.393  2691  6425 W UriGrantsManagerService: No permission grants found for com.google.android.apps.photos
03-21 08:34:42.393  2691  6425 W UriGrantsManagerService: No permission grants found for com.google.android.apps.photos
03-21 08:34:42.394  1207  1207 D keymint_swd: keymint_swd keymint [WRN] (swd_run_cb:267) swd_finish() returns 0
03-21 08:34:42.394  1207  1207 D android.hardware.security.keymint-service: finish: ret 0
03-21 08:34:42.397  1207  1207 W keymint_tee: [WRN]begin req PARAMS: A32, BM2, PD64, 
03-21 08:34:42.400  1207  1207 D keymint_swd: keymint_swd keymint [WRN] (km_add_tag:528) skip: non repetable tag already exists with different value: 268435458
03-21 08:34:42.400  1207  1207 D keymint_swd: keymint_swd keymint [WRN] (swd_run_cb:267) swd_begin() returns 0
03-21 08:34:42.400  1207  1207 D android.hardware.security.keymint-service: begin: ret 0
03-21 08:34:42.401  1203  5823 I keystore2: system/security/keystore2/src/security_level.rs:466 - In create_operation. Success to create IKeystoreOperation. 10517, None
03-21 08:34:42.402  1207  1207 D keymint_swd: keymint_swd keymint [WRN] (swd_run_cb:267) swd_update() returns 0
03-21 08:34:42.402  1207  1207 D android.hardware.security.keymint-service: update: ret 0
03-21 08:34:42.403  1207  1207 D keymint_swd: keymint_swd keymint [WRN] (swd_run_cb:267) swd_finish() returns 0
03-21 08:34:42.403  1207  1207 D android.hardware.security.keymint-service: finish: ret 0
03-21 08:34:42.411  1207  1207 W keymint_tee: [WRN]begin req PARAMS: A32, BM2, PD64, 
03-21 08:34:42.413  1207  1207 D keymint_swd: keymint_swd keymint [WRN] (km_add_tag:528) skip: non repetable tag already exists with different value: 268435458
03-21 08:34:42.413  1207  1207 D keymint_swd: keymint_swd keymint [WRN] (swd_run_cb:267) swd_begin() returns 0
03-21 08:34:42.413  1207  1207 D android.hardware.security.keymint-service: begin: ret 0
03-21 08:34:42.414  1203  5823 I keystore2: system/security/keystore2/src/security_level.rs:466 - In create_operation. Success to create IKeystoreOperation. 10517, None
03-21 08:34:42.415  1207  1207 D keymint_swd: keymint_swd keymint [WRN] (swd_run_cb:267) swd_update() returns 0
03-21 08:34:42.415  1207  1207 D android.hardware.security.keymint-service: update: ret 0
03-21 08:34:42.416  1207  1207 D keymint_swd: keymint_swd keymint [WRN] (swd_run_cb:267) swd_finish() returns 0
03-21 08:34:42.417  1207  1207 D android.hardware.security.keymint-service: finish: ret 0
03-21 08:34:42.418  1207  1207 W keymint_tee: [WRN]begin req PARAMS: A32, BM2, PD64, 
03-21 08:34:42.421  1207  1207 D keymint_swd: keymint_swd keymint [WRN] (km_add_tag:528) skip: non repetable tag already exists with different value: 268435458
03-21 08:34:42.421  1207  1207 D keymint_swd: keymint_swd keymint [WRN] (swd_run_cb:267) swd_begin() returns 0
03-21 08:34:42.421  1207  1207 D android.hardware.security.keymint-service: begin: ret 0
03-21 08:34:42.421  1203  5823 I keystore2: system/security/keystore2/src/security_level.rs:466 - In create_operation. Success to create IKeystoreOperation. 10517, None
03-21 08:34:42.423  1207  1207 D keymint_swd: keymint_swd keymint [WRN] (swd_run_cb:267) swd_update() returns 0
03-21 08:34:42.423  1207  1207 D android.hardware.security.keymint-service: update: ret 0
03-21 08:34:42.424  1207  1207 D keymint_swd: keymint_swd keymint [WRN] (swd_run_cb:267) swd_finish() returns 0
03-21 08:34:42.424  1207  1207 D android.hardware.security.keymint-service: finish: ret 0
03-21 08:34:42.425  1207  1207 W keymint_tee: [WRN]begin req PARAMS: A32, BM2, PD64, 
03-21 08:34:42.427  1207  1207 D keymint_swd: keymint_swd keymint [WRN] (km_add_tag:528) skip: non repetable tag already exists with different value: 268435458
03-21 08:34:42.427  1207  1207 D keymint_swd: keymint_swd keymint [WRN] (swd_run_cb:267) swd_begin() returns 0
03-21 08:34:42.427  1207  1207 D android.hardware.security.keymint-service: begin: ret 0
03-21 08:34:42.427  1203  5823 I keystore2: system/security/keystore2/src/security_level.rs:466 - In create_operation. Success to create IKeystoreOperation. 10517, None
03-21 08:34:42.428  1207  1207 D keymint_swd: keymint_swd keymint [WRN] (swd_run_cb:267) swd_update() returns 0
03-21 08:34:42.428  1207  1207 D android.hardware.security.keymint-service: update: ret 0
03-21 08:34:42.429  1207  1207 D keymint_swd: keymint_swd keymint [WRN] (swd_run_cb:267) swd_finish() returns 0
03-21 08:34:42.429  1207  1207 D android.hardware.security.keymint-service: finish: ret 0
03-21 08:34:42.465  1993  2243 I VSyncReactor: Current= 60, Period= 60, Distance= 1
03-21 08:34:42.482  1993  2243 I VSyncReactor: Current= 60, Period= 60, Distance= 60
03-21 08:34:42.489  1885 11679 I HYPER-HAL: [RequestManager.cpp]releaseLocked(): Released ID : 59737932
03-21 08:34:42.508 26198 26266 I WM-WorkerWrapper: Worker result SUCCESS for Work [ id=0f89fd55-e005-49ca-90bb-918500e38c1b, tags={ com.tesla.remotelog_core.RemoteLogWorker } ]
03-21 08:34:42.545 11503 11789 I Routine@Core[4.9.04.13]: RunningNotificationUpdater: update
03-21 08:34:42.553  2691  3867 D RingtoneManager: getActualDefaultRingtoneUri  type    :2
03-21 08:34:42.553  2691  3867 I RingtoneManager: Ringtone value : content://media/internal/audio/media/49?title=Spaceline&canonical=1
03-21 08:34:42.553  2691  3867 W Utils   : The vibration Uri is null.
03-21 08:34:42.554 11503 11789 I Routine@Core[4.9.04.13]: RunningNotificationUpdater: updateNotificationImpl: no running routines, then noti cancel
03-21 08:34:42.554  2691  3867 D RingtoneManager: getActualDefaultRingtoneUri  type    :2
03-21 08:34:42.554 11503 11789 I Routine@Core[4.9.04.13]: NotificationUpdateService: Stop no more task
03-21 08:34:42.554  2691  3867 I RingtoneManager: Ringtone value : content://media/internal/audio/media/49?title=Spaceline&canonical=1
03-21 08:34:42.554  2691  3867 W Utils   : The vibration Uri is null.
03-21 08:34:42.567 11503 11503 I Routine@Core[4.9.04.13]: RoutineApplication: onTrimMemory: level : 40
03-21 08:34:42.588  2691  3848 D WifiStaIfaceHidlImpl: getCachedScanData is not implemented by HIDL
03-21 08:34:42.616  2691  5414 D SemWifiUsabilityStatsMonitor: onWifiUsabilityStats - seqNum 45198, isSameBssidAndFreq true
03-21 08:34:42.618  2691  3943 I SemWifiLinkQualityMonitor: Link stat: 1918 / 224 / 1,02 (44) / 144 / -33.0 || 100.0 : 144,00 / 0.5 : 0,98 / 0.55 : 0,12 / G (G) || 24612a162417: 0,137 / 58,362 / N || N N / 0 0 / N 2.0 / N X 0 / 282972753 0 || 2026-03-21 08:34:41  / 0: 0 0 0 0 0 0 / 13: 0 0 0 0 0 0 / 6: 0 0 0 0 0 0
03-21 08:34:42.803  2691  2802 D KNOX_MDM_SettingsProvider: isChangeAllowed() : name = enabled_notification_listeners
03-21 08:34:42.807  2691  3976 D WifiConnectivityMonitor: called startWcmPoll but already Ongoing
03-21 08:34:42.807  2691  3976 D SemWifiRssiBasePoller: RSSI_BASE_STOP
03-21 08:34:42.864  4305  4680 D SatelliteController: isInCarrierRoamingNbIotNtn: satellite is disabled
03-21 08:34:42.948  4327  5335 I ScanController: onScanResult to scannerId: 12- eventType=0x1a, addressType=1, address=XX:XX:XX:XX:21:12, primaryPhy=1, secondaryPhy=0, advertisingSid=0xff, txPower=127, rssi=-41, periodicAdvInt=0x0
03-21 08:34:43.062  1159  1159 D io_stats: !@   8,0 r 31674130 752887351 w 12896256 147436032 d 3461824 163744616 f 0 1156950 iot 17166972 0 th 0 0 0 pt 0 inp 0 0 282973.199
03-21 08:34:43.350  1989  2017 E HeatmapThread: ECT Thread time in milliseconds: 1774078483
03-21 08:34:43.351  1989  2017 D HeatmapThread: !@ batteryplugType : 0
03-21 08:34:43.351  1989  2017 D HeatmapThread: !@ batteryLevel : 0  batteryTemperature : 0 
03-21 08:34:43.351  1989  2017 D HeatmapThread: !@ Heatmap currtime: 29567974
03-21 08:34:43.351  1989  2017 D HeatmapThread: !@ Heatmap prevtime: 29567950
03-21 08:34:43.351  1989  2017 D HeatmapThread: !@ Heatmap plugstarttime: 35791394
03-21 08:34:43.351  1989  2017 D HeatmapThread: !@ Heatmap prevv_dsoh_update_time: 29558986
03-21 08:34:43.351  1989  2017 E HeatmapThread: !@Could not open '/efs/FactoryApp/bsoh', errno = 13
03-21 08:34:43.351  1989  2017 E HeatmapThread: !@ CAM Could not access BSOH EFS
03-21 08:34:43.351  1989  2017 E HeatmapThread: !@ CAM New BSOH: 0
03-21 08:34:43.566  1993  2243 I VSyncReactor: Current= 60, Period= 60, Distance= 1
03-21 08:34:43.569  4068  4068 D SubscreenNotificationListCoordinator: onAfterRenderList() isSubScreen = false, pluginLockMode = 0, doNotShowOnCover = false
03-21 08:34:43.570  4068  4068 I LockscreenNotificationIconsOnlyController: onNotificationInfoUpdated 0
03-21 08:34:43.571  4068  4068 I AODNotificationManager: updateNotification() 
03-21 08:34:43.583  1993  2243 I VSyncReactor: Current= 60, Period= 60, Distance= 60
03-21 08:34:43.778  2691  6425 W UriGrantsManagerService: No permission grants found for com.google.android.apps.photos
03-21 08:34:43.779  2691  6425 W UriGrantsManagerService: No permission grants found for com.google.android.apps.photos
03-21 08:34:43.834  2691 16565 E TaskPersister: File error accessing recents directory (directory doesn't exist?).
03-21 08:34:43.883  2691  6425 W UriGrantsManagerService: No permission grants found for com.google.android.apps.photos
03-21 08:34:43.884  2691  6425 W UriGrantsManagerService: No permission grants found for com.google.android.apps.photos
03-21 08:34:44.016  2691  5536 W UriGrantsManagerService: No permission grants found for com.google.android.apps.photos
03-21 08:34:44.016  2691  5536 W UriGrantsManagerService: No permission grants found for com.google.android.apps.photos
03-21 08:34:44.090  1872 11361 I sensors-hal: handle_sns_client_event:550, [0][321] accel_sample [ 0.301,  8.305,  5.395] 539306851008211
03-21 08:34:44.097  4327  5335 I ScanController: onScanResult to scannerId: 12- eventType=0x1a, addressType=1, address=XX:XX:XX:XX:21:12, primaryPhy=1, secondaryPhy=0, advertisingSid=0xff, txPower=127, rssi=-42, periodicAdvInt=0x0
